../Middlewares/ST/rfal/Src/rfal_nfcDep.c:559:13:nfcipClearCounters	0	static
../Middlewares/ST/rfal/Src/rfal_nfcDep.c:1359:19:nfcipTx	40	static
../Middlewares/ST/rfal/Src/rfal_nfcDep.c:535:19:nfcipDEPControlMsg	40	static
../Middlewares/ST/rfal/Src/rfal_nfcDep.c:2360:19:nfcipDataRx	8	static
../Middlewares/ST/rfal/Src/rfal_nfcDep.c:1529:13:nfcipConfig.part.0	8	static
../Middlewares/ST/rfal/Src/rfal_nfcDep.c:496:19:nfcipTxRx	32	static
../Middlewares/ST/rfal/Src/rfal_nfcDep.c:1689:6:rfalNfcDepSetDeactivatingCallback	0	static
../Middlewares/ST/rfal/Src/rfal_nfcDep.c:1696:6:rfalNfcDepInitialize	0	static
../Middlewares/ST/rfal/Src/rfal_nfcDep.c:1797:6:rfalNfcDepTargetRcvdATR	0	static
../Middlewares/ST/rfal/Src/rfal_nfcDep.c:1804:6:rfalNfcDepIsAtrReq	0	static
../Middlewares/ST/rfal/Src/rfal_nfcDep.c:1966:12:rfalNfcDepATR	256	static
../Middlewares/ST/rfal/Src/rfal_nfcDep.c:2052:12:rfalNfcDepPSL	40	static
../Middlewares/ST/rfal/Src/rfal_nfcDep.c:2102:12:rfalNfcDepDSL	40	static
../Middlewares/ST/rfal/Src/rfal_nfcDep.c:2149:12:rfalNfcDepRLS	40	static
../Middlewares/ST/rfal/Src/rfal_nfcDep.c:2196:12:rfalNfcDepInitiatorHandleActivation	32	static
../Middlewares/ST/rfal/Src/rfal_nfcDep.c:2341:10:rfalNfcDepCalculateRWT	0	static
../Middlewares/ST/rfal/Src/rfal_nfcDep.c:2397:12:rfalNfcDepListenStartActivation	120	static
../Middlewares/ST/rfal/Src/rfal_nfcDep.c:2488:12:rfalNfcDepListenGetActivationStatus	48	static
../Middlewares/ST/rfal/Src/rfal_nfcDep.c:2533:12:rfalNfcDepStartTransceive	24	static
../Middlewares/ST/rfal/Src/rfal_nfcDep.c:2559:12:rfalNfcDepGetTransceiveStatus	56	static
../Middlewares/ST/rfal/Src/rfal_nfcDep.c:2615:12:rfalNfcDepStartPduTransceive	56	static
../Middlewares/ST/rfal/Src/rfal_nfcDep.c:2632:12:rfalNfcDepGetPduTransceiveStatus	64	static
