../Drivers/BSP/Components/ST25R3916/rfal_rfst25r3916.c:1758:13:rfalCleanupTransceive	8	static
../Drivers/BSP/Components/ST25R3916/rfal_rfst25r3916.c:1798:13:rfalPrepareTransceive	16	static
../Drivers/BSP/Components/ST25R3916/rfal_rfst25r3916.c:2784:13:rfalFIFOStatusUpdate	0	static
../Drivers/BSP/Components/ST25R3916/rfal_rfst25r3916.c:2801:17:rfalFIFOStatusGetNumBytes	8	static
../Drivers/BSP/Components/ST25R3916/rfal_rfst25r3916.c:1661:13:rfalErrorHandling	16	static
../Drivers/BSP/Components/ST25R3916/rfal_rfst25r3916.c:582:12:rfalCalibrate	16	static
../Drivers/BSP/Components/ST25R3916/rfal_rfst25r3916.c:489:12:rfalInitialize	8	static
../Drivers/BSP/Components/ST25R3916/rfal_rfst25r3916.c:608:12:rfalAdjustRegulators	0	static
../Drivers/BSP/Components/ST25R3916/rfal_rfst25r3916.c:615:6:rfalSetUpperLayerCallback	0	static
../Drivers/BSP/Components/ST25R3916/rfal_rfst25r3916.c:622:6:rfalSetPreTxRxCallback	0	static
../Drivers/BSP/Components/ST25R3916/rfal_rfst25r3916.c:629:6:rfalSetSyncTxRxCallback	0	static
../Drivers/BSP/Components/ST25R3916/rfal_rfst25r3916.c:636:6:rfalSetPostTxRxCallback	0	static
../Drivers/BSP/Components/ST25R3916/rfal_rfst25r3916.c:643:12:rfalDeinitialize	8	static
../Drivers/BSP/Components/ST25R3916/rfal_rfst25r3916.c:657:6:rfalSetObsvMode	0	static
../Drivers/BSP/Components/ST25R3916/rfal_rfst25r3916.c:665:6:rfalGetObsvMode	0	static
../Drivers/BSP/Components/ST25R3916/rfal_rfst25r3916.c:680:6:rfalDisableObsvMode	0	static
../Drivers/BSP/Components/ST25R3916/rfal_rfst25r3916.c:935:10:rfalGetMode	0	static
../Drivers/BSP/Components/ST25R3916/rfal_rfst25r3916.c:942:12:rfalSetBitRate	24	static
../Drivers/BSP/Components/ST25R3916/rfal_rfst25r3916.c:688:12:rfalSetMode	24	static
../Drivers/BSP/Components/ST25R3916/rfal_rfst25r3916.c:1096:12:rfalGetBitRate	0	static
../Drivers/BSP/Components/ST25R3916/rfal_rfst25r3916.c:1118:6:rfalSetErrorHandling	8	static
../Drivers/BSP/Components/ST25R3916/rfal_rfst25r3916.c:1144:15:rfalGetErrorHandling	0	static
../Drivers/BSP/Components/ST25R3916/rfal_rfst25r3916.c:1151:6:rfalSetFDTPoll	0	static
../Drivers/BSP/Components/ST25R3916/rfal_rfst25r3916.c:1158:10:rfalGetFDTPoll	0	static
../Drivers/BSP/Components/ST25R3916/rfal_rfst25r3916.c:1165:6:rfalSetFDTListen	0	static
../Drivers/BSP/Components/ST25R3916/rfal_rfst25r3916.c:1172:10:rfalGetFDTListen	0	static
../Drivers/BSP/Components/ST25R3916/rfal_rfst25r3916.c:1179:6:rfalSetGT	0	static
../Drivers/BSP/Components/ST25R3916/rfal_rfst25r3916.c:1186:10:rfalGetGT	0	static
../Drivers/BSP/Components/ST25R3916/rfal_rfst25r3916.c:1193:6:rfalIsGTExpired	0	static
../Drivers/BSP/Components/ST25R3916/rfal_rfst25r3916.c:1207:12:rfalFieldOnAndStartGT	16	static
../Drivers/BSP/Components/ST25R3916/rfal_rfst25r3916.c:1267:12:rfalFieldOff	8	static
../Drivers/BSP/Components/ST25R3916/rfal_rfst25r3916.c:1287:12:rfalStartTransceive	16	static
../Drivers/BSP/Components/ST25R3916/rfal_rfst25r3916.c:1452:6:rfalIsTransceiveInTx	0	static
../Drivers/BSP/Components/ST25R3916/rfal_rfst25r3916.c:1459:6:rfalIsTransceiveInRx	0	static
../Drivers/BSP/Components/ST25R3916/rfal_rfst25r3916.c:1565:21:rfalGetTransceiveState	0	static
../Drivers/BSP/Components/ST25R3916/rfal_rfst25r3916.c:1572:12:rfalGetTransceiveStatus	0	static
../Drivers/BSP/Components/ST25R3916/rfal_rfst25r3916.c:1579:12:rfalGetTransceiveRSSI	16	static
../Drivers/BSP/Components/ST25R3916/rfal_rfst25r3916.c:1618:6:rfalIsTransceiveSubcDetected	0	static
../Drivers/BSP/Components/ST25R3916/rfal_rfst25r3916.c:3331:6:rfalIsExtFieldOn	0	static
../Drivers/BSP/Components/ST25R3916/rfal_rfst25r3916.c:3923:12:rfalListenStop	8	static
../Drivers/BSP/Components/ST25R3916/rfal_rfst25r3916.c:3959:12:rfalListenSleepStart	24	static
../Drivers/BSP/Components/ST25R3916/rfal_rfst25r3916.c:4052:13:rfalListenGetState	0	static
../Drivers/BSP/Components/ST25R3916/rfal_rfst25r3916.c:4072:12:rfalListenSetState	16	static
../Drivers/BSP/Components/ST25R3916/rfal_rfst25r3916.c:3339:12:rfalListenStart	56	static
../Drivers/BSP/Components/ST25R3916/rfal_rfst25r3916.c:1625:6:rfalWorker	64	static
../Drivers/BSP/Components/ST25R3916/rfal_rfst25r3916.c:1478:19:rfalTransceiveRunBlockingTx	8	static
../Drivers/BSP/Components/ST25R3916/rfal_rfst25r3916.c:1466:12:rfalTransceiveBlockingTx	40	static
../Drivers/BSP/Components/ST25R3916/rfal_rfst25r3916.c:1498:12:rfalTransceiveBlockingRx	8	static
../Drivers/BSP/Components/ST25R3916/rfal_rfst25r3916.c:1513:12:rfalTransceiveBlockingTxRx	32	static
../Drivers/BSP/Components/ST25R3916/rfal_rfst25r3916.c:3153:12:rfalISO15693TransceiveEOF	32	static
../Drivers/BSP/Components/ST25R3916/rfal_rfst25r3916.c:3089:12:rfalISO15693TransceiveAnticollisionFrame	64	static
../Drivers/BSP/Components/ST25R3916/rfal_rfst25r3916.c:3145:12:rfalISO15693TransceiveEOFAnticollision	24	static
../Drivers/BSP/Components/ST25R3916/rfal_rfst25r3916.c:4972:12:rfalChipWriteReg	16	static
../Drivers/BSP/Components/ST25R3916/rfal_rfst25r3916.c:4984:12:rfalChipReadReg	16	static
../Drivers/BSP/Components/ST25R3916/rfal_rfst25r3916.c:4996:12:rfalChipExecCmd	8	static
../Drivers/BSP/Components/ST25R3916/rfal_rfst25r3916.c:5008:12:rfalChipWriteTestReg	0	static
../Drivers/BSP/Components/ST25R3916/rfal_rfst25r3916.c:5015:12:rfalChipReadTestReg	0	static
../Drivers/BSP/Components/ST25R3916/rfal_rfst25r3916.c:5022:12:rfalChipChangeRegBits	16	static
../Drivers/BSP/Components/ST25R3916/rfal_rfst25r3916.c:5034:12:rfalChipChangeTestRegBits	8	static
../Drivers/BSP/Components/ST25R3916/rfal_rfst25r3916.c:5042:12:rfalChipSetRFO	0	static
../Drivers/BSP/Components/ST25R3916/rfal_rfst25r3916.c:5049:12:rfalChipGetRFO	8	static
../Drivers/BSP/Components/ST25R3916/rfal_rfst25r3916.c:5062:12:rfalChipMeasureAmplitude	16	static
../Drivers/BSP/Components/ST25R3916/rfal_rfst25r3916.c:5103:12:rfalChipMeasurePhase	8	static
../Drivers/BSP/Components/ST25R3916/rfal_rfst25r3916.c:5112:12:rfalChipMeasureCapacitance	8	static
../Drivers/BSP/Components/ST25R3916/rfal_rfst25r3916.c:5121:12:rfalChipMeasurePowerSupply	8	static
../Drivers/BSP/Components/ST25R3916/rfal_rfst25r3916.c:5130:12:rfalChipMeasureIQ	0	static
../Drivers/BSP/Components/ST25R3916/rfal_rfst25r3916.c:5147:12:rfalChipMeasureCombinedIQ	0	static
../Drivers/BSP/Components/ST25R3916/rfal_rfst25r3916.c:5159:12:rfalChipSetAntennaMode	0	static
