Archive member included to satisfy reference by file (symbol)

E:/STM32CubeIDE_1.13.2/STM32CubeIDE/plugins/com.st.stm32cube.ide.mcu.externaltools.gnu-tools-for-stm32.12.3.rel1.win32_1.0.100.202403111256/tools/bin/../lib/gcc/arm-none-eabi/12.3.1/../../../../arm-none-eabi/lib/thumb/v7e-m+fp/hard\libc_nano.a(libc_a-exit.o)
                              E:/STM32CubeIDE_1.13.2/STM32CubeIDE/plugins/com.st.stm32cube.ide.mcu.externaltools.gnu-tools-for-stm32.12.3.rel1.win32_1.0.100.202403111256/tools/bin/../lib/gcc/arm-none-eabi/12.3.1/../../../../arm-none-eabi/lib/thumb/v7e-m+fp/hard/crt0.o (exit)
E:/STM32CubeIDE_1.13.2/STM32CubeIDE/plugins/com.st.stm32cube.ide.mcu.externaltools.gnu-tools-for-stm32.12.3.rel1.win32_1.0.100.202403111256/tools/bin/../lib/gcc/arm-none-eabi/12.3.1/../../../../arm-none-eabi/lib/thumb/v7e-m+fp/hard\libc_nano.a(libc_a-malloc.o)
                              ./Core/Src/ring_buffer.o (malloc)
E:/STM32CubeIDE_1.13.2/STM32CubeIDE/plugins/com.st.stm32cube.ide.mcu.externaltools.gnu-tools-for-stm32.12.3.rel1.win32_1.0.100.202403111256/tools/bin/../lib/gcc/arm-none-eabi/12.3.1/../../../../arm-none-eabi/lib/thumb/v7e-m+fp/hard\libc_nano.a(libc_a-mallocr.o)
                              E:/STM32CubeIDE_1.13.2/STM32CubeIDE/plugins/com.st.stm32cube.ide.mcu.externaltools.gnu-tools-for-stm32.12.3.rel1.win32_1.0.100.202403111256/tools/bin/../lib/gcc/arm-none-eabi/12.3.1/../../../../arm-none-eabi/lib/thumb/v7e-m+fp/hard\libc_nano.a(libc_a-malloc.o) (_malloc_r)
E:/STM32CubeIDE_1.13.2/STM32CubeIDE/plugins/com.st.stm32cube.ide.mcu.externaltools.gnu-tools-for-stm32.12.3.rel1.win32_1.0.100.202403111256/tools/bin/../lib/gcc/arm-none-eabi/12.3.1/../../../../arm-none-eabi/lib/thumb/v7e-m+fp/hard\libc_nano.a(libc_a-mlock.o)
                              E:/STM32CubeIDE_1.13.2/STM32CubeIDE/plugins/com.st.stm32cube.ide.mcu.externaltools.gnu-tools-for-stm32.12.3.rel1.win32_1.0.100.202403111256/tools/bin/../lib/gcc/arm-none-eabi/12.3.1/../../../../arm-none-eabi/lib/thumb/v7e-m+fp/hard\libc_nano.a(libc_a-mallocr.o) (__malloc_lock)
E:/STM32CubeIDE_1.13.2/STM32CubeIDE/plugins/com.st.stm32cube.ide.mcu.externaltools.gnu-tools-for-stm32.12.3.rel1.win32_1.0.100.202403111256/tools/bin/../lib/gcc/arm-none-eabi/12.3.1/../../../../arm-none-eabi/lib/thumb/v7e-m+fp/hard\libc_nano.a(libc_a-findfp.o)
                              E:/STM32CubeIDE_1.13.2/STM32CubeIDE/plugins/com.st.stm32cube.ide.mcu.externaltools.gnu-tools-for-stm32.12.3.rel1.win32_1.0.100.202403111256/tools/bin/../lib/gcc/arm-none-eabi/12.3.1/../../../../arm-none-eabi/lib/thumb/v7e-m+fp/hard\libc_nano.a(libc_a-exit.o) (__stdio_exit_handler)
E:/STM32CubeIDE_1.13.2/STM32CubeIDE/plugins/com.st.stm32cube.ide.mcu.externaltools.gnu-tools-for-stm32.12.3.rel1.win32_1.0.100.202403111256/tools/bin/../lib/gcc/arm-none-eabi/12.3.1/../../../../arm-none-eabi/lib/thumb/v7e-m+fp/hard\libc_nano.a(libc_a-fwalk.o)
                              E:/STM32CubeIDE_1.13.2/STM32CubeIDE/plugins/com.st.stm32cube.ide.mcu.externaltools.gnu-tools-for-stm32.12.3.rel1.win32_1.0.100.202403111256/tools/bin/../lib/gcc/arm-none-eabi/12.3.1/../../../../arm-none-eabi/lib/thumb/v7e-m+fp/hard\libc_nano.a(libc_a-findfp.o) (_fwalk_sglue)
E:/STM32CubeIDE_1.13.2/STM32CubeIDE/plugins/com.st.stm32cube.ide.mcu.externaltools.gnu-tools-for-stm32.12.3.rel1.win32_1.0.100.202403111256/tools/bin/../lib/gcc/arm-none-eabi/12.3.1/../../../../arm-none-eabi/lib/thumb/v7e-m+fp/hard\libc_nano.a(libc_a-stdio.o)
                              E:/STM32CubeIDE_1.13.2/STM32CubeIDE/plugins/com.st.stm32cube.ide.mcu.externaltools.gnu-tools-for-stm32.12.3.rel1.win32_1.0.100.202403111256/tools/bin/../lib/gcc/arm-none-eabi/12.3.1/../../../../arm-none-eabi/lib/thumb/v7e-m+fp/hard\libc_nano.a(libc_a-findfp.o) (__sread)
E:/STM32CubeIDE_1.13.2/STM32CubeIDE/plugins/com.st.stm32cube.ide.mcu.externaltools.gnu-tools-for-stm32.12.3.rel1.win32_1.0.100.202403111256/tools/bin/../lib/gcc/arm-none-eabi/12.3.1/../../../../arm-none-eabi/lib/thumb/v7e-m+fp/hard\libc_nano.a(libc_a-vsnprintf.o)
                              ./X-CUBE-NFC6/Target/logger.o (vsnprintf)
E:/STM32CubeIDE_1.13.2/STM32CubeIDE/plugins/com.st.stm32cube.ide.mcu.externaltools.gnu-tools-for-stm32.12.3.rel1.win32_1.0.100.202403111256/tools/bin/../lib/gcc/arm-none-eabi/12.3.1/../../../../arm-none-eabi/lib/thumb/v7e-m+fp/hard\libc_nano.a(libc_a-memcmp.o)
                              ./X-CUBE-NFC6/Target/demo_ce.o (memcmp)
E:/STM32CubeIDE_1.13.2/STM32CubeIDE/plugins/com.st.stm32cube.ide.mcu.externaltools.gnu-tools-for-stm32.12.3.rel1.win32_1.0.100.202403111256/tools/bin/../lib/gcc/arm-none-eabi/12.3.1/../../../../arm-none-eabi/lib/thumb/v7e-m+fp/hard\libc_nano.a(libc_a-memmove.o)
                              ./Middlewares/ST/rfal/Src/rfal_nfcDep.o (memmove)
[...]
Memory Configuration

Name             Origin             Length             Attributes
RAM              0x20000000         0x00018000         xrw
RAM2             0x10000000         0x00008000         xrw
FLASH            0x08000000         0x00100000         xr
*default*        0x00000000         0xffffffff

Linker script and memory map

LOAD E:/STM32CubeIDE_1.13.2/STM32CubeIDE/plugins/com.st.stm32cube.ide.mcu.externaltools.gnu-tools-for-stm32.12.3.rel1.win32_1.0.100.202403111256/tools/bin/../lib/gcc/arm-none-eabi/12.3.1/thumb/v7e-m+fp/hard/crti.o
LOAD E:/STM32CubeIDE_1.13.2/STM32CubeIDE/plugins/com.st.stm32cube.ide.mcu.externaltools.gnu-tools-for-stm32.12.3.rel1.win32_1.0.100.202403111256/tools/bin/../lib/gcc/arm-none-eabi/12.3.1/thumb/v7e-m+fp/hard/crtbegin.o
LOAD E:/STM32CubeIDE_1.13.2/STM32CubeIDE/plugins/com.st.stm32cube.ide.mcu.externaltools.gnu-tools-for-stm32.12.3.rel1.win32_1.0.100.202403111256/tools/bin/../lib/gcc/arm-none-eabi/12.3.1/../../../../arm-none-eabi/lib/thumb/v7e-m+fp/hard/crt0.o
LOAD ./Core/Src/main.o
LOAD ./Core/Src/ring_buffer.o
LOAD ./Core/Src/stm32l4xx_hal_msp.o
LOAD ./Core/Src/stm32l4xx_it.o
LOAD ./Core/Src/stm32l4xx_nucleo_bus.o
LOAD ./Core/Src/syscalls.o
LOAD ./Core/Src/sysmem.o
LOAD ./Core/Src/system_stm32l4xx.o
LOAD ./Core/Startup/startup_stm32l476rgtx.o
LOAD ./Drivers/BSP/Components/ST25R3916/rfal_rfst25r3916.o
LOAD ./Drivers/BSP/Components/ST25R3916/st25r3916.o
LOAD ./Drivers/BSP/Components/ST25R3916/st25r3916_aat.o
LOAD ./Drivers/BSP/Components/ST25R3916/st25r3916_com.o
LOAD ./Drivers/BSP/Components/ST25R3916/st25r3916_irq.o
LOAD ./Drivers/BSP/Components/ST25R3916/st25r3916_led.o
LOAD ./Drivers/BSP/Components/ST25R3916/timer.o
LOAD ./Drivers/BSP/NFC08A1/nfc08a1.o
LOAD ./Drivers/BSP/STM32L4xx_Nucleo/stm32l4xx_nucleo.o
LOAD ./Drivers/STM32L4xx_HAL_Driver/Src/stm32l4xx_hal.o
LOAD ./Drivers/STM32L4xx_HAL_Driver/Src/stm32l4xx_hal_can.o
LOAD ./Drivers/STM32L4xx_HAL_Driver/Src/stm32l4xx_hal_cortex.o
LOAD ./Drivers/STM32L4xx_HAL_Driver/Src/stm32l4xx_hal_dma.o
LOAD ./Drivers/STM32L4xx_HAL_Driver/Src/stm32l4xx_hal_dma_ex.o
LOAD ./Drivers/STM32L4xx_HAL_Driver/Src/stm32l4xx_hal_exti.o
LOAD ./Drivers/STM32L4xx_HAL_Driver/Src/stm32l4xx_hal_flash.o
LOAD ./Drivers/STM32L4xx_HAL_Driver/Src/stm32l4xx_hal_flash_ex.o
LOAD ./Drivers/STM32L4xx_HAL_Driver/Src/stm32l4xx_hal_flash_ramfunc.o
LOAD ./Drivers/STM32L4xx_HAL_Driver/Src/stm32l4xx_hal_gpio.o
LOAD ./Drivers/STM32L4xx_HAL_Driver/Src/stm32l4xx_hal_i2c.o
LOAD ./Drivers/STM32L4xx_HAL_Driver/Src/stm32l4xx_hal_i2c_ex.o
LOAD ./Drivers/STM32L4xx_HAL_Driver/Src/stm32l4xx_hal_pwr.o
LOAD ./Drivers/STM32L4xx_HAL_Driver/Src/stm32l4xx_hal_pwr_ex.o
LOAD ./Drivers/STM32L4xx_HAL_Driver/Src/stm32l4xx_hal_rcc.o
LOAD ./Drivers/STM32L4xx_HAL_Driver/Src/stm32l4xx_hal_rcc_ex.o
LOAD ./Drivers/STM32L4xx_HAL_Driver/Src/stm32l4xx_hal_spi.o
LOAD ./Drivers/STM32L4xx_HAL_Driver/Src/stm32l4xx_hal_spi_ex.o
LOAD ./Drivers/STM32L4xx_HAL_Driver/Src/stm32l4xx_hal_tim.o
LOAD ./Drivers/STM32L4xx_HAL_Driver/Src/stm32l4xx_hal_tim_ex.o
LOAD ./Drivers/STM32L4xx_HAL_Driver/Src/stm32l4xx_hal_uart.o
LOAD ./Drivers/STM32L4xx_HAL_Driver/Src/stm32l4xx_hal_uart_ex.o
LOAD ./Middlewares/ST/rfal/Src/rfal_analogConfig.o
LOAD ./Middlewares/ST/rfal/Src/rfal_cd.o
LOAD ./Middlewares/ST/rfal/Src/rfal_crc.o
LOAD ./Middlewares/ST/rfal/Src/rfal_dpo.o
LOAD ./Middlewares/ST/rfal/Src/rfal_iso15693_2.o
LOAD ./Middlewares/ST/rfal/Src/rfal_isoDep.o
LOAD ./Middlewares/ST/rfal/Src/rfal_nfc.o
LOAD ./Middlewares/ST/rfal/Src/rfal_nfcDep.o
LOAD ./Middlewares/ST/rfal/Src/rfal_nfca.o
LOAD ./Middlewares/ST/rfal/Src/rfal_nfcb.o
LOAD ./Middlewares/ST/rfal/Src/rfal_nfcf.o
LOAD ./Middlewares/ST/rfal/Src/rfal_nfcv.o
LOAD ./Middlewares/ST/rfal/Src/rfal_st25tb.o
LOAD ./Middlewares/ST/rfal/Src/rfal_st25xv.o
LOAD ./Middlewares/ST/rfal/Src/rfal_t1t.o
LOAD ./Middlewares/ST/rfal/Src/rfal_t2t.o
LOAD ./Middlewares/ST/rfal/Src/rfal_t4t.o
LOAD ./X-CUBE-NFC6/App/app_x-cube-nfcx.o
LOAD ./X-CUBE-NFC6/Target/analogConfigTbl_NFC08A1.o
LOAD ./X-CUBE-NFC6/Target/demo_ce.o
LOAD ./X-CUBE-NFC6/Target/demo_polling.o
LOAD ./X-CUBE-NFC6/Target/logger.o
LOAD ./X-CUBE-NFC6/Target/nfc_conf.o
START GROUP
LOAD E:/STM32CubeIDE_1.13.2/STM32CubeIDE/plugins/com.st.stm32cube.ide.mcu.externaltools.gnu-tools-for-stm32.12.3.rel1.win32_1.0.100.202403111256/tools/bin/../lib/gcc/arm-none-eabi/12.3.1/../../../../arm-none-eabi/lib/thumb/v7e-m+fp/hard\libc_nano.a
LOAD E:/STM32CubeIDE_1.13.2/STM32CubeIDE/plugins/com.st.stm32cube.ide.mcu.externaltools.gnu-tools-for-stm32.12.3.rel1.win32_1.0.100.202403111256/tools/bin/../lib/gcc/arm-none-eabi/12.3.1/../../../../arm-none-eabi/lib/thumb/v7e-m+fp/hard\libm.a
END GROUP
START GROUP
LOAD E:/STM32CubeIDE_1.13.2/STM32CubeIDE/plugins/com.st.stm32cube.ide.mcu.externaltools.gnu-tools-for-stm32.12.3.rel1.win32_1.0.100.202403111256/tools/bin/../lib/gcc/arm-none-eabi/12.3.1/thumb/v7e-m+fp/hard\libgcc.a
LOAD E:/STM32CubeIDE_1.13.2/STM32CubeIDE/plugins/com.st.stm32cube.ide.mcu.externaltools.gnu-tools-for-stm32.12.3.rel1.win32_1.0.100.202403111256/tools/bin/../lib/gcc/arm-none-eabi/12.3.1/../../../../arm-none-eabi/lib/thumb/v7e-m+fp/hard\libc_nano.a
END GROUP
START GROUP
LOAD E:/STM32CubeIDE_1.13.2/STM32CubeIDE/plugins/com.st.stm32cube.ide.mcu.externaltools.gnu-tools-for-stm32.12.3.rel1.win32_1.0.100.202403111256/tools/bin/../lib/gcc/arm-none-eabi/12.3.1/thumb/v7e-m+fp/hard\libgcc.a
LOAD E:/STM32CubeIDE_1.13.2/STM32CubeIDE/plugins/com.st.stm32cube.ide.mcu.externaltools.gnu-tools-for-stm32.12.3.rel1.win32_1.0.100.202403111256/tools/bin/../lib/gcc/arm-none-eabi/12.3.1/../../../../arm-none-eabi/lib/thumb/v7e-m+fp/hard\libc_nano.a
LOAD E:/STM32CubeIDE_1.13.2/STM32CubeIDE/plugins/com.st.stm32cube.ide.mcu.externaltools.gnu-tools-for-stm32.12.3.rel1.win32_1.0.100.202403111256/tools/bin/../lib/gcc/arm-none-eabi/12.3.1/../../../../arm-none-eabi/lib/thumb/v7e-m+fp/hard\libnosys.a
END GROUP
START GROUP
LOAD E:/STM32CubeIDE_1.13.2/STM32CubeIDE/plugins/com.st.stm32cube.ide.mcu.externaltools.gnu-tools-for-stm32.12.3.rel1.win32_1.0.100.202403111256/tools/bin/../lib/gcc/arm-none-eabi/12.3.1/thumb/v7e-m+fp/hard\libgcc.a
LOAD E:/STM32CubeIDE_1.13.2/STM32CubeIDE/plugins/com.st.stm32cube.ide.mcu.externaltools.gnu-tools-for-stm32.12.3.rel1.win32_1.0.100.202403111256/tools/bin/../lib/gcc/arm-none-eabi/12.3.1/../../../../arm-none-eabi/lib/thumb/v7e-m+fp/hard\libc_nano.a
LOAD E:/STM32CubeIDE_1.13.2/STM32CubeIDE/plugins/com.st.stm32cube.ide.mcu.externaltools.gnu-tools-for-stm32.12.3.rel1.win32_1.0.100.202403111256/tools/bin/../lib/gcc/arm-none-eabi/12.3.1/../../../../arm-none-eabi/lib/thumb/v7e-m+fp/hard\libnosys.a
END GROUP
LOAD E:/STM32CubeIDE_1.13.2/STM32CubeIDE/plugins/com.st.stm32cube.ide.mcu.externaltools.gnu-tools-for-stm32.12.3.rel1.win32_1.0.100.202403111256/tools/bin/../lib/gcc/arm-none-eabi/12.3.1/thumb/v7e-m+fp/hard/crtend.o
LOAD E:/STM32CubeIDE_1.13.2/STM32CubeIDE/plugins/com.st.stm32cube.ide.mcu.externaltools.gnu-tools-for-stm32.12.3.rel1.win32_1.0.100.202403111256/tools/bin/../lib/gcc/arm-none-eabi/12.3.1/thumb/v7e-m+fp/hard/crtn.o
                0x20018000                        _estack = (ORIGIN (RAM) + LENGTH (RAM))
                0x00000200                        _Min_Heap_Size = 0x200
                0x00000800                        _Min_Stack_Size = 0x800

.isr_vector     0x08000000      0x188
                0x08000000                        . = ALIGN (0x4)
 *(.isr_vector)
 .isr_vector    0x08000000      0x188 ./Core/Startup/startup_stm32l476rgtx.o
                0x08000000                g_pfnVectors
                0x08000188                        . = ALIGN (0x4)

.text           0x08000190    0x119e4
                0x08000190                        . = ALIGN (0x4)
 *(.text)
 .text          0x08000190       0x40 E:/STM32CubeIDE_1.13.2/STM32CubeIDE/plugins/com.st.stm32cube.ide.mcu.externaltools.gnu-tools-for-stm32.12.3.rel1.win32_1.0.100.202403111256/tools/bin/../lib/gcc/arm-none-eabi/12.3.1/thumb/v7e-m+fp/hard/crtbegin.o
 .text          0x080001d0       0x10 E:/STM32CubeIDE_1.13.2/STM32CubeIDE/plugins/com.st.stm32cube.ide.mcu.externaltools.gnu-tools-for-stm32.12.3.rel1.win32_1.0.100.202403111256/tools/bin/../lib/gcc/arm-none-eabi/12.3.1/../../../../arm-none-eabi/lib/thumb/v7e-m+fp/hard\libc_nano.a(libc_a-strlen.o)
                0x080001d0                strlen
 .text          0x080001e0       0xa0 E:/STM32CubeIDE_1.13.2/STM32CubeIDE/plugins/com.st.stm32cube.ide.mcu.externaltools.gnu-tools-for-stm32.12.3.rel1.win32_1.0.100.202403111256/tools/bin/../lib/gcc/arm-none-eabi/12.3.1/../../../../arm-none-eabi/lib/thumb/v7e-m+fp/hard\libc_nano.a(libc_a-memchr.o)
                0x080001e0                memchr
 .text          0x08000280       0x30 E:/STM32CubeIDE_1.13.2/STM32CubeIDE/plugins/com.st.stm32cube.ide.mcu.externaltools.gnu-tools-for-stm32.12.3.rel1.win32_1.0.100.202403111256/tools/bin/../lib/gcc/arm-none-eabi/12.3.1/thumb/v7e-m+fp/hard\libgcc.a(_aeabi_uldivmod.o)
                0x08000280                __aeabi_uldivmod
 .text          0x080002b0      0x2bc E:/STM32CubeIDE_1.13.2/STM32CubeIDE/plugins/com.st.stm32cube.ide.mcu.externaltools.gnu-tools-for-stm32.12.3.rel1.win32_1.0.100.202403111256/tools/bin/../lib/gcc/arm-none-eabi/12.3.1/thumb/v7e-m+fp/hard\libgcc.a(_udivmoddi4.o)
                0x080002b0                __udivmoddi4
 .text          0x0800056c        0x4 E:/STM32CubeIDE_1.13.2/STM32CubeIDE/plugins/com.st.stm32cube.ide.mcu.externaltools.gnu-tools-for-stm32.12.3.rel1.win32_1.0.100.202403111256/tools/bin/../lib/gcc/arm-none-eabi/12.3.1/thumb/v7e-m+fp/hard\libgcc.a(_dvmd_tls.o)
                0x0800056c                __aeabi_idiv0
                0x0800056c                __aeabi_ldiv0
 *(.text*)
 .text.HAL_CAN_RxFifo0MsgPendingCallback
                0x08000570       0x1c ./Core/Src/main.o
                0x08000570                HAL_CAN_RxFifo0MsgPendingCallback
 .text.main     0x0800058c       0x48 ./Core/Src/main.o
                0x0800058c                main
 .text.SystemClock_Config
                0x080005d4       0xa2 ./Core/Src/main.o
                0x080005d4                SystemClock_Config
 *fill*         0x08000676        0x2 
 .text.MX_CAN1_Init
                0x08000678       0xa8 ./Core/Src/main.o
 .text.MX_TIM_Init
                0x08000720       0xd4 ./Core/Src/main.o
 .text.MX_GPIO_Init
                0x080007f4      0x128 ./Core/Src/main.o
 .text.Error_Handler
                0x0800091c        0xc ./Core/Src/main.o
                0x0800091c                Error_Handler
 .text.initializeRing
                0x08000928       0x42 ./Core/Src/ring_buffer.o
                0x08000928                initializeRing
 *fill*         0x0800096a        0x2 
 .text.Push_FNFC
                0x0800096c      0x14c ./Core/Src/ring_buffer.o
                0x0800096c                Push_FNFC
 .text.Forward_CAN
                0x08000ab8       0xf8 ./Core/Src/ring_buffer.o
                0x08000ab8                Forward_CAN
 .text.PollCANRx
                0x08000bb0       0x2c ./Core/Src/ring_buffer.o
                0x08000bb0                PollCANRx
 .text.NFC_CAN_DataExchange
                0x08000bdc      0x128 ./Core/Src/ring_buffer.o
                0x08000bdc                NFC_CAN_DataExchange
 .text.demoTransceiveBlocking
                0x08000d04       0x46 ./Core/Src/ring_buffer.o
                0x08000d04                demoTransceiveBlocking
 *fill*         0x08000d4a        0x2 
 .text.HAL_MspInit
                0x08000d4c       0x48 ./Core/Src/stm32l4xx_hal_msp.o
                0x08000d4c                HAL_MspInit
 .text.HAL_CAN_MspInit
                0x08000d94       0xdc ./Core/Src/stm32l4xx_hal_msp.o
                0x08000d94                HAL_CAN_MspInit
 .text.HAL_TIM_Base_MspInit
                0x08000e70       0x88 ./Core/Src/stm32l4xx_hal_msp.o
                0x08000e70                HAL_TIM_Base_MspInit
 .text.NMI_Handler
                0x08000ef8        0x8 ./Core/Src/stm32l4xx_it.o
                0x08000ef8                NMI_Handler
 .text.HardFault_Handler
                0x08000f00        0x8 ./Core/Src/stm32l4xx_it.o
                0x08000f00                HardFault_Handler
 .text.MemManage_Handler
                0x08000f08        0x8 ./Core/Src/stm32l4xx_it.o
                0x08000f08                MemManage_Handler
 .text.BusFault_Handler
                0x08000f10        0x8 ./Core/Src/stm32l4xx_it.o
                0x08000f10                BusFault_Handler
 .text.UsageFault_Handler
                0x08000f18        0x8 ./Core/Src/stm32l4xx_it.o
                0x08000f18                UsageFault_Handler
 .text.SVC_Handler
                0x08000f20        0xe ./Core/Src/stm32l4xx_it.o
                0x08000f20                SVC_Handler
 .text.DebugMon_Handler
                0x08000f2e        0xe ./Core/Src/stm32l4xx_it.o
                0x08000f2e                DebugMon_Handler
 .text.PendSV_Handler
                0x08000f3c        0xe ./Core/Src/stm32l4xx_it.o
                0x08000f3c                PendSV_Handler
 .text.SysTick_Handler
                0x08000f4a        0xc ./Core/Src/stm32l4xx_it.o
                0x08000f4a                SysTick_Handler
 *fill*         0x08000f56        0x2 
 .text.EXTI0_IRQHandler
                0x08000f58       0x14 ./Core/Src/stm32l4xx_it.o
                0x08000f58                EXTI0_IRQHandler
 .text.CAN1_TX_IRQHandler
                0x08000f6c       0x14 ./Core/Src/stm32l4xx_it.o
                0x08000f6c                CAN1_TX_IRQHandler
 .text.CAN1_RX0_IRQHandler
                0x08000f80       0x14 ./Core/Src/stm32l4xx_it.o
                0x08000f80                CAN1_RX0_IRQHandler
 .text.CAN1_RX1_IRQHandler
                0x08000f94       0x14 ./Core/Src/stm32l4xx_it.o
                0x08000f94                CAN1_RX1_IRQHandler
 .text.SPI1_IRQHandler
                0x08000fa8       0x14 ./Core/Src/stm32l4xx_it.o
                0x08000fa8                SPI1_IRQHandler
 .text.USART2_IRQHandler
                0x08000fbc       0x14 ./Core/Src/stm32l4xx_it.o
                0x08000fbc                USART2_IRQHandler
 .text.EXTI15_10_IRQHandler
                0x08000fd0       0x14 ./Core/Src/stm32l4xx_it.o
                0x08000fd0                EXTI15_10_IRQHandler
 .text.BSP_SPI1_Init
                0x08000fe4       0x60 ./Core/Src/stm32l4xx_nucleo_bus.o
                0x08000fe4                BSP_SPI1_Init
 .text.BSP_GetTick
                0x08001044        0xe ./Core/Src/stm32l4xx_nucleo_bus.o
                0x08001044                BSP_GetTick
 *fill*         0x08001052        0x2 
 .text.MX_SPI1_Init
                0x08001054       0x84 ./Core/Src/stm32l4xx_nucleo_bus.o
                0x08001054                MX_SPI1_Init
 .text.SPI1_MspInit
                0x080010d8       0xbc ./Core/Src/stm32l4xx_nucleo_bus.o
 .text._sbrk    0x08001194       0x6c ./Core/Src/sysmem.o
                0x08001194                _sbrk
 .text.SystemInit
                0x08001200       0x24 ./Core/Src/system_stm32l4xx.o
                0x08001200                SystemInit
 .text.Reset_Handler
                0x08001224       0x50 ./Core/Startup/startup_stm32l476rgtx.o
                0x08001224                Reset_Handler
 .text.Default_Handler
                0x08001274        0x2 ./Core/Startup/startup_stm32l476rgtx.o
                0x08001274                RTC_Alarm_IRQHandler
                0x08001274                EXTI2_IRQHandler
                0x08001274                TIM8_TRG_COM_IRQHandler
                0x08001274                TIM8_CC_IRQHandler
                0x08001274                TIM1_CC_IRQHandler
                0x08001274                TSC_IRQHandler
                0x08001274                TAMP_STAMP_IRQHandler
                0x08001274                EXTI3_IRQHandler
                0x08001274                LPTIM2_IRQHandler
                0x08001274                DFSDM1_FLT1_IRQHandler
                0x08001274                I2C3_ER_IRQHandler
                0x08001274                DFSDM1_FLT2_IRQHandler
                0x08001274                I2C2_EV_IRQHandler
                0x08001274                FPU_IRQHandler
                0x08001274                TIM1_UP_TIM16_IRQHandler
                0x08001274                ADC1_2_IRQHandler
                0x08001274                TIM6_DAC_IRQHandler
                0x08001274                TIM8_UP_IRQHandler
                0x08001274                DMA2_Channel2_IRQHandler
                0x08001274                DMA1_Channel4_IRQHandler
                0x08001274                SAI2_IRQHandler
                0x08001274                DFSDM1_FLT3_IRQHandler
                0x08001274                USART3_IRQHandler
                0x08001274                DMA1_Channel7_IRQHandler
                0x08001274                LCD_IRQHandler
                0x08001274                UART5_IRQHandler
                0x08001274                ADC3_IRQHandler
                0x08001274                TIM4_IRQHandler
                0x08001274                DMA2_Channel1_IRQHandler
                0x08001274                QUADSPI_IRQHandler
                0x08001274                I2C1_EV_IRQHandler
                0x08001274                DMA1_Channel6_IRQHandler
                0x08001274                UART4_IRQHandler
                0x08001274                DMA2_Channel4_IRQHandler
                0x08001274                TIM3_IRQHandler
                0x08001274                RCC_IRQHandler
                0x08001274                DMA1_Channel1_IRQHandler
                0x08001274                Default_Handler
                0x08001274                DMA2_Channel7_IRQHandler
                0x08001274                TIM7_IRQHandler
                0x08001274                SDMMC1_IRQHandler
                0x08001274                TIM5_IRQHandler
                0x08001274                I2C3_EV_IRQHandler
                0x08001274                EXTI9_5_IRQHandler
                0x08001274                RTC_WKUP_IRQHandler
                0x08001274                PVD_PVM_IRQHandler
                0x08001274                SPI2_IRQHandler
                0x08001274                DMA2_Channel5_IRQHandler
                0x08001274                DMA1_Channel5_IRQHandler
                0x08001274                EXTI4_IRQHandler
                0x08001274                RNG_IRQHandler
                0x08001274                TIM1_TRG_COM_TIM17_IRQHandler
                0x08001274                DMA1_Channel3_IRQHandler
                0x08001274                COMP_IRQHandler
                0x08001274                WWDG_IRQHandler
                0x08001274                LPUART1_IRQHandler
                0x08001274                DMA2_Channel6_IRQHandler
                0x08001274                TIM2_IRQHandler
                0x08001274                EXTI1_IRQHandler
                0x08001274                DFSDM1_FLT0_IRQHandler
                0x08001274                I2C2_ER_IRQHandler
                0x08001274                DMA1_Channel2_IRQHandler
                0x08001274                TIM8_BRK_IRQHandler
                0x08001274                CAN1_SCE_IRQHandler
                0x08001274                FLASH_IRQHandler
                0x08001274                USART1_IRQHandler
                0x08001274                OTG_FS_IRQHandler
                0x08001274                SPI3_IRQHandler
                0x08001274                I2C1_ER_IRQHandler
                0x08001274                FMC_IRQHandler
                0x08001274                SWPMI1_IRQHandler
                0x08001274                LPTIM1_IRQHandler
                0x08001274                SAI1_IRQHandler
                0x08001274                DMA2_Channel3_IRQHandler
                0x08001274                TIM1_BRK_TIM15_IRQHandler
 *fill*         0x08001276        0x2 
 .text.rfalInitialize
                0x08001278       0xdc ./Drivers/BSP/Components/ST25R3916/rfal_rfst25r3916.o
                0x08001278                rfalInitialize
 .text.rfalCalibrate
                0x08001354       0x38 ./Drivers/BSP/Components/ST25R3916/rfal_rfst25r3916.o
                0x08001354                rfalCalibrate
 .text.rfalSetMode
                0x0800138c      0x284 ./Drivers/BSP/Components/ST25R3916/rfal_rfst25r3916.o
                0x0800138c                rfalSetMode
 .text.rfalSetBitRate
                0x08001610      0x578 ./Drivers/BSP/Components/ST25R3916/rfal_rfst25r3916.o
                0x08001610                rfalSetBitRate
 .text.rfalGetBitRate
                0x08001b88       0x4c ./Drivers/BSP/Components/ST25R3916/rfal_rfst25r3916.o
                0x08001b88                rfalGetBitRate
 .text.rfalSetErrorHandling
                0x08001bd4       0x40 ./Drivers/BSP/Components/ST25R3916/rfal_rfst25r3916.o
                0x08001bd4                rfalSetErrorHandling
 .text.rfalSetFDTPoll
                0x08001c14       0x2c ./Drivers/BSP/Components/ST25R3916/rfal_rfst25r3916.o
                0x08001c14                rfalSetFDTPoll
 .text.rfalSetFDTListen
                0x08001c40       0x28 ./Drivers/BSP/Components/ST25R3916/rfal_rfst25r3916.o
                0x08001c40                rfalSetFDTListen
 .text.rfalSetGT
                0x08001c68       0x2c ./Drivers/BSP/Components/ST25R3916/rfal_rfst25r3916.o
                0x08001c68                rfalSetGT
 .text.rfalIsGTExpired
                0x08001c94       0x30 ./Drivers/BSP/Components/ST25R3916/rfal_rfst25r3916.o
                0x08001c94                rfalIsGTExpired
 .text.rfalFieldOnAndStartGT
                0x08001cc4      0x110 ./Drivers/BSP/Components/ST25R3916/rfal_rfst25r3916.o
                0x08001cc4                rfalFieldOnAndStartGT
 .text.rfalFieldOff
                0x08001dd4       0x30 ./Drivers/BSP/Components/ST25R3916/rfal_rfst25r3916.o
                0x08001dd4                rfalFieldOff
 .text.rfalStartTransceive
                0x08001e04      0x2d8 ./Drivers/BSP/Components/ST25R3916/rfal_rfst25r3916.o
                0x08001e04                rfalStartTransceive
 .text.rfalIsTransceiveInTx
                0x080020dc       0x30 ./Drivers/BSP/Components/ST25R3916/rfal_rfst25r3916.o
                0x080020dc                rfalIsTransceiveInTx
 .text.rfalIsTransceiveInRx
                0x0800210c       0x20 ./Drivers/BSP/Components/ST25R3916/rfal_rfst25r3916.o
                0x0800210c                rfalIsTransceiveInRx
 .text.rfalTransceiveBlockingTx
                0x0800212c       0x5e ./Drivers/BSP/Components/ST25R3916/rfal_rfst25r3916.o
                0x0800212c                rfalTransceiveBlockingTx
 .text.rfalTransceiveRunBlockingTx
                0x0800218a       0x3a ./Drivers/BSP/Components/ST25R3916/rfal_rfst25r3916.o
 .text.rfalTransceiveBlockingRx
                0x080021c4       0x2c ./Drivers/BSP/Components/ST25R3916/rfal_rfst25r3916.o
                0x080021c4                rfalTransceiveBlockingRx
 .text.rfalTransceiveBlockingTxRx
                0x080021f0       0x62 ./Drivers/BSP/Components/ST25R3916/rfal_rfst25r3916.o
                0x080021f0                rfalTransceiveBlockingTxRx
 *fill*         0x08002252        0x2 
 .text.rfalRunTransceiveWorker
                0x08002254       0x68 ./Drivers/BSP/Components/ST25R3916/rfal_rfst25r3916.o
 .text.rfalGetTransceiveStatus
                0x080022bc       0x24 ./Drivers/BSP/Components/ST25R3916/rfal_rfst25r3916.o
                0x080022bc                rfalGetTransceiveStatus
 .text.rfalWorker
                0x080022e0       0x2c ./Drivers/BSP/Components/ST25R3916/rfal_rfst25r3916.o
                0x080022e0                rfalWorker
 .text.rfalErrorHandling
                0x0800230c       0x74 ./Drivers/BSP/Components/ST25R3916/rfal_rfst25r3916.o
 .text.rfalCleanupTransceive
                0x08002380       0x3c ./Drivers/BSP/Components/ST25R3916/rfal_rfst25r3916.o
 .text.rfalPrepareTransceive
                0x080023bc      0x1e8 ./Drivers/BSP/Components/ST25R3916/rfal_rfst25r3916.o
 .text.rfalTransceiveTx
                0x080025a4      0x4b0 ./Drivers/BSP/Components/ST25R3916/rfal_rfst25r3916.o
 .text.rfalTransceiveRx
                0x08002a54      0x720 ./Drivers/BSP/Components/ST25R3916/rfal_rfst25r3916.o
 .text.rfalFIFOStatusUpdate
                0x08003174       0x24 ./Drivers/BSP/Components/ST25R3916/rfal_rfst25r3916.o
 .text.rfalFIFOStatusClear
                0x08003198       0x1c ./Drivers/BSP/Components/ST25R3916/rfal_rfst25r3916.o
 .text.rfalFIFOStatusGetNumBytes
                0x080031b4       0x34 ./Drivers/BSP/Components/ST25R3916/rfal_rfst25r3916.o
 .text.rfalFIFOStatusIsIncompleteByte
                0x080031e8       0x24 ./Drivers/BSP/Components/ST25R3916/rfal_rfst25r3916.o
 .text.rfalFIFOStatusIsMissingPar
                0x0800320c       0x24 ./Drivers/BSP/Components/ST25R3916/rfal_rfst25r3916.o
 .text.rfalFIFOGetNumIncompleteBits
                0x08003230       0x20 ./Drivers/BSP/Components/ST25R3916/rfal_rfst25r3916.o
 .text.rfalISO15693TransceiveAnticollisionFrame
                0x08003250      0x178 ./Drivers/BSP/Components/ST25R3916/rfal_rfst25r3916.o
                0x08003250                rfalISO15693TransceiveAnticollisionFrame
 .text.rfalISO15693TransceiveEOFAnticollision
                0x080033c8       0x2c ./Drivers/BSP/Components/ST25R3916/rfal_rfst25r3916.o
                0x080033c8                rfalISO15693TransceiveEOFAnticollision
 .text.rfalISO15693TransceiveEOF
                0x080033f4       0x54 ./Drivers/BSP/Components/ST25R3916/rfal_rfst25r3916.o
                0x080033f4                rfalISO15693TransceiveEOF
 .text.rfalIsExtFieldOn
                0x08003448       0x14 ./Drivers/BSP/Components/ST25R3916/rfal_rfst25r3916.o
                0x08003448                rfalIsExtFieldOn
 .text.rfalListenStart
                0x0800345c      0x350 ./Drivers/BSP/Components/ST25R3916/rfal_rfst25r3916.o
                0x0800345c                rfalListenStart
 .text.rfalRunListenModeWorker
                0x080037ac      0x5bc ./Drivers/BSP/Components/ST25R3916/rfal_rfst25r3916.o
 .text.rfalListenStop
                0x08003d68       0x64 ./Drivers/BSP/Components/ST25R3916/rfal_rfst25r3916.o
                0x08003d68                rfalListenStop
 .text.rfalListenSleepStart
                0x08003dcc       0xe8 ./Drivers/BSP/Components/ST25R3916/rfal_rfst25r3916.o
                0x08003dcc                rfalListenSleepStart
 .text.rfalListenGetState
                0x08003eb4       0x40 ./Drivers/BSP/Components/ST25R3916/rfal_rfst25r3916.o
                0x08003eb4                rfalListenGetState
 .text.rfalListenSetState
                0x08003ef4      0x2f8 ./Drivers/BSP/Components/ST25R3916/rfal_rfst25r3916.o
                0x08003ef4                rfalListenSetState
 .text.rfalChipChangeRegBits
                0x080041ec       0x44 ./Drivers/BSP/Components/ST25R3916/rfal_rfst25r3916.o
                0x080041ec                rfalChipChangeRegBits
 .text.rfalChipChangeTestRegBits
                0x08004230       0x2a ./Drivers/BSP/Components/ST25R3916/rfal_rfst25r3916.o
                0x08004230                rfalChipChangeTestRegBits
 *fill*         0x0800425a        0x2 
 .text.st25r3916Initialize
                0x0800425c       0xc4 ./Drivers/BSP/Components/ST25R3916/st25r3916.o
                0x0800425c                st25r3916Initialize
 .text.st25r3916OscOn
                0x08004320       0x5c ./Drivers/BSP/Components/ST25R3916/st25r3916.o
                0x08004320                st25r3916OscOn
 .text.st25r3916ExecuteCommandAndGetResult
                0x0800437c       0x5c ./Drivers/BSP/Components/ST25R3916/st25r3916.o
                0x0800437c                st25r3916ExecuteCommandAndGetResult
 .text.st25r3916MeasurePowerSupply
                0x080043d8       0x2e ./Drivers/BSP/Components/ST25R3916/st25r3916.o
                0x080043d8                st25r3916MeasurePowerSupply
 *fill*         0x08004406        0x2 
 .text.st25r3916MeasureVoltage
                0x08004408       0x4c ./Drivers/BSP/Components/ST25R3916/st25r3916.o
                0x08004408                st25r3916MeasureVoltage
 .text.st25r3916AdjustRegulators
                0x08004454       0x96 ./Drivers/BSP/Components/ST25R3916/st25r3916.o
                0x08004454                st25r3916AdjustRegulators
 .text.st25r3916SetBitrate
                0x080044ea       0x80 ./Drivers/BSP/Components/ST25R3916/st25r3916.o
                0x080044ea                st25r3916SetBitrate
 *fill*         0x0800456a        0x2 
 .text.st25r3916PerformCollisionAvoidance
                0x0800456c       0xfc ./Drivers/BSP/Components/ST25R3916/st25r3916.o
                0x0800456c                st25r3916PerformCollisionAvoidance
 .text.st25r3916SetNumTxBits
                0x08004668       0x2e ./Drivers/BSP/Components/ST25R3916/st25r3916.o
                0x08004668                st25r3916SetNumTxBits
 .text.st25r3916GetNumFIFOBytes
                0x08004696       0x3c ./Drivers/BSP/Components/ST25R3916/st25r3916.o
                0x08004696                st25r3916GetNumFIFOBytes
 *fill*         0x080046d2        0x2 
 .text.st25r3916SetNoResponseTime
                0x080046d4       0x7c ./Drivers/BSP/Components/ST25R3916/st25r3916.o
                0x080046d4                st25r3916SetNoResponseTime
 .text.st25r3916SetGPTime
                0x08004750       0x2e ./Drivers/BSP/Components/ST25R3916/st25r3916.o
                0x08004750                st25r3916SetGPTime
 .text.st25r3916SetStartGPTimer
                0x0800477e       0x3a ./Drivers/BSP/Components/ST25R3916/st25r3916.o
                0x0800477e                st25r3916SetStartGPTimer
 .text.st25r3916CheckChipID
                0x080047b8       0x4c ./Drivers/BSP/Components/ST25R3916/st25r3916.o
                0x080047b8                st25r3916CheckChipID
 .text.st25r3916StreamConfigure
                0x08004804       0xdc ./Drivers/BSP/Components/ST25R3916/st25r3916.o
                0x08004804                st25r3916StreamConfigure
 .text.__NVIC_EnableIRQ
                0x080048e0       0x3c ./Drivers/BSP/Components/ST25R3916/st25r3916_com.o
 .text.__NVIC_DisableIRQ
                0x0800491c       0x48 ./Drivers/BSP/Components/ST25R3916/st25r3916_com.o
 .text.st25r3916comStart
                0x08004964       0x40 ./Drivers/BSP/Components/ST25R3916/st25r3916_com.o
 .text.st25r3916comStop
                0x080049a4       0x34 ./Drivers/BSP/Components/ST25R3916/st25r3916_com.o
 .text.st25r3916comTx
                0x080049d8       0x34 ./Drivers/BSP/Components/ST25R3916/st25r3916_com.o
 .text.st25r3916comRx
                0x08004a0c       0x38 ./Drivers/BSP/Components/ST25R3916/st25r3916_com.o
 .text.st25r3916comTxByte
                0x08004a44       0x2c ./Drivers/BSP/Components/ST25R3916/st25r3916_com.o
 .text.st25r3916ReadRegister
                0x08004a70       0x22 ./Drivers/BSP/Components/ST25R3916/st25r3916_com.o
                0x08004a70                st25r3916ReadRegister
 .text.st25r3916ReadMultipleRegisters
                0x08004a92       0x5a ./Drivers/BSP/Components/ST25R3916/st25r3916_com.o
                0x08004a92                st25r3916ReadMultipleRegisters
 .text.st25r3916WriteRegister
                0x08004aec       0x2c ./Drivers/BSP/Components/ST25R3916/st25r3916_com.o
                0x08004aec                st25r3916WriteRegister
 .text.st25r3916WriteMultipleRegisters
                0x08004b18       0x68 ./Drivers/BSP/Components/ST25R3916/st25r3916_com.o
                0x08004b18                st25r3916WriteMultipleRegisters
 .text.st25r3916WriteFifo
                0x08004b80       0x46 ./Drivers/BSP/Components/ST25R3916/st25r3916_com.o
                0x08004b80                st25r3916WriteFifo
 .text.st25r3916ReadFifo
                0x08004bc6       0x38 ./Drivers/BSP/Components/ST25R3916/st25r3916_com.o
                0x08004bc6                st25r3916ReadFifo
 .text.st25r3916WritePTMem
                0x08004bfe       0x44 ./Drivers/BSP/Components/ST25R3916/st25r3916_com.o
                0x08004bfe                st25r3916WritePTMem
 .text.st25r3916WritePTMemF
                0x08004c42       0x44 ./Drivers/BSP/Components/ST25R3916/st25r3916_com.o
                0x08004c42                st25r3916WritePTMemF
 .text.st25r3916WritePTMemTSN
                0x08004c86       0x44 ./Drivers/BSP/Components/ST25R3916/st25r3916_com.o
                0x08004c86                st25r3916WritePTMemTSN
 .text.st25r3916ExecuteCommand
                0x08004cca       0x36 ./Drivers/BSP/Components/ST25R3916/st25r3916_com.o
                0x08004cca                st25r3916ExecuteCommand
 .text.st25r3916ReadTestRegister
                0x08004d00       0x42 ./Drivers/BSP/Components/ST25R3916/st25r3916_com.o
                0x08004d00                st25r3916ReadTestRegister
 .text.st25r3916WriteTestRegister
                0x08004d42       0x4a ./Drivers/BSP/Components/ST25R3916/st25r3916_com.o
                0x08004d42                st25r3916WriteTestRegister
 .text.st25r3916ClrRegisterBits
                0x08004d8c       0x6e ./Drivers/BSP/Components/ST25R3916/st25r3916_com.o
                0x08004d8c                st25r3916ClrRegisterBits
 .text.st25r3916SetRegisterBits
                0x08004dfa       0x5a ./Drivers/BSP/Components/ST25R3916/st25r3916_com.o
                0x08004dfa                st25r3916SetRegisterBits
 .text.st25r3916ChangeRegisterBits
                0x08004e54       0x2e ./Drivers/BSP/Components/ST25R3916/st25r3916_com.o
                0x08004e54                st25r3916ChangeRegisterBits
 .text.st25r3916ModifyRegister
                0x08004e82       0x6a ./Drivers/BSP/Components/ST25R3916/st25r3916_com.o
                0x08004e82                st25r3916ModifyRegister
 .text.st25r3916ChangeTestRegisterBits
                0x08004eec       0x70 ./Drivers/BSP/Components/ST25R3916/st25r3916_com.o
                0x08004eec                st25r3916ChangeTestRegisterBits
 .text.st25r3916CheckReg
                0x08004f5c       0x40 ./Drivers/BSP/Components/ST25R3916/st25r3916_com.o
                0x08004f5c                st25r3916CheckReg
 .text.st25r3916IsRegValid
                0x08004f9c       0x24 ./Drivers/BSP/Components/ST25R3916/st25r3916_com.o
                0x08004f9c                st25r3916IsRegValid
 .text.__NVIC_EnableIRQ
                0x08004fc0       0x3c ./Drivers/BSP/Components/ST25R3916/st25r3916_irq.o
 .text.__NVIC_DisableIRQ
                0x08004ffc       0x48 ./Drivers/BSP/Components/ST25R3916/st25r3916_irq.o
 .text.st25r3916InitInterrupts
                0x08005044       0x2c ./Drivers/BSP/Components/ST25R3916/st25r3916_irq.o
                0x08005044                st25r3916InitInterrupts
 .text.st25r3916Isr
                0x08005070       0x20 ./Drivers/BSP/Components/ST25R3916/st25r3916_irq.o
                0x08005070                st25r3916Isr
 .text.st25r3916CheckForReceivedInterrupts
                0x08005090       0xc0 ./Drivers/BSP/Components/ST25R3916/st25r3916_irq.o
                0x08005090                st25r3916CheckForReceivedInterrupts
 .text.st25r3916ModifyInterrupts
                0x08005150       0x88 ./Drivers/BSP/Components/ST25R3916/st25r3916_irq.o
                0x08005150                st25r3916ModifyInterrupts
 .text.st25r3916WaitForInterruptsTimed
                0x080051d8       0xa8 ./Drivers/BSP/Components/ST25R3916/st25r3916_irq.o
                0x080051d8                st25r3916WaitForInterruptsTimed
 .text.st25r3916GetInterrupt
                0x08005280       0x78 ./Drivers/BSP/Components/ST25R3916/st25r3916_irq.o
                0x08005280                st25r3916GetInterrupt
 .text.st25r3916ClearAndEnableInterrupts
                0x080052f8       0x1c ./Drivers/BSP/Components/ST25R3916/st25r3916_irq.o
                0x080052f8                st25r3916ClearAndEnableInterrupts
 .text.st25r3916EnableInterrupts
                0x08005314       0x18 ./Drivers/BSP/Components/ST25R3916/st25r3916_irq.o
                0x08005314                st25r3916EnableInterrupts
 .text.st25r3916DisableInterrupts
                0x0800532c       0x18 ./Drivers/BSP/Components/ST25R3916/st25r3916_irq.o
                0x0800532c                st25r3916DisableInterrupts
 .text.st25r3916ClearInterrupts
                0x08005344       0x68 ./Drivers/BSP/Components/ST25R3916/st25r3916_irq.o
                0x08005344                st25r3916ClearInterrupts
 .text.st25r3916ledInit
                0x080053ac       0x16 ./Drivers/BSP/Components/ST25R3916/st25r3916_led.o
                0x080053ac                st25r3916ledInit
 .text.st25r3916ledEvtIrq
                0x080053c2       0x28 ./Drivers/BSP/Components/ST25R3916/st25r3916_led.o
                0x080053c2                st25r3916ledEvtIrq
 .text.st25r3916ledEvtWrReg
                0x080053ea       0x48 ./Drivers/BSP/Components/ST25R3916/st25r3916_led.o
                0x080053ea                st25r3916ledEvtWrReg
 .text.st25r3916ledEvtWrMultiReg
                0x08005432       0x44 ./Drivers/BSP/Components/ST25R3916/st25r3916_led.o
                0x08005432                st25r3916ledEvtWrMultiReg
 .text.st25r3916ledEvtCmd
                0x08005476       0x40 ./Drivers/BSP/Components/ST25R3916/st25r3916_led.o
                0x08005476                st25r3916ledEvtCmd
 .text.timerCalculateTimer
                0x080054b6       0x1c ./Drivers/BSP/Components/ST25R3916/timer.o
                0x080054b6                timerCalculateTimer
 .text.timerIsExpired
                0x080054d2       0x2e ./Drivers/BSP/Components/ST25R3916/timer.o
                0x080054d2                timerIsExpired
 .text.BSP_PB_Init
                0x08005500       0xa8 ./Drivers/BSP/STM32L4xx_Nucleo/stm32l4xx_nucleo.o
                0x08005500                BSP_PB_Init
 .text.BSP_PB_Callback
                0x080055a8       0x16 ./Drivers/BSP/STM32L4xx_Nucleo/stm32l4xx_nucleo.o
                0x080055a8                BSP_PB_Callback
 .text.BUTTON_USER_EXTI_Callback
                0x080055be        0xe ./Drivers/BSP/STM32L4xx_Nucleo/stm32l4xx_nucleo.o
 .text.BUTTON_USER_GPIO_Init
                0x080055cc       0x74 ./Drivers/BSP/STM32L4xx_Nucleo/stm32l4xx_nucleo.o
 .text.BSP_COM_Init
                0x08005640       0x7c ./Drivers/BSP/STM32L4xx_Nucleo/stm32l4xx_nucleo.o
                0x08005640                BSP_COM_Init
 .text.MX_USART2_UART_Init
                0x080056bc       0x68 ./Drivers/BSP/STM32L4xx_Nucleo/stm32l4xx_nucleo.o
                0x080056bc                MX_USART2_UART_Init
 .text.USART2_MspInit
                0x08005724       0xcc ./Drivers/BSP/STM32L4xx_Nucleo/stm32l4xx_nucleo.o
 .text.HAL_Init
                0x080057f0       0x40 ./Drivers/STM32L4xx_HAL_Driver/Src/stm32l4xx_hal.o
                0x080057f0                HAL_Init
 .text.HAL_InitTick
                0x08005830       0x78 ./Drivers/STM32L4xx_HAL_Driver/Src/stm32l4xx_hal.o
                0x08005830                HAL_InitTick
 .text.HAL_IncTick
                0x080058a8       0x28 ./Drivers/STM32L4xx_HAL_Driver/Src/stm32l4xx_hal.o
                0x080058a8                HAL_IncTick
 .text.HAL_GetTick
                0x080058d0       0x18 ./Drivers/STM32L4xx_HAL_Driver/Src/stm32l4xx_hal.o
                0x080058d0                HAL_GetTick
 .text.HAL_Delay
                0x080058e8       0x48 ./Drivers/STM32L4xx_HAL_Driver/Src/stm32l4xx_hal.o
                0x080058e8                HAL_Delay
 .text.HAL_CAN_Init
                0x08005930      0x1f6 ./Drivers/STM32L4xx_HAL_Driver/Src/stm32l4xx_hal_can.o
                0x08005930                HAL_CAN_Init
 .text.HAL_CAN_ConfigFilter
                0x08005b26      0x194 ./Drivers/STM32L4xx_HAL_Driver/Src/stm32l4xx_hal_can.o
                0x08005b26                HAL_CAN_ConfigFilter
 .text.HAL_CAN_Start
                0x08005cba       0x88 ./Drivers/STM32L4xx_HAL_Driver/Src/stm32l4xx_hal_can.o
                0x08005cba                HAL_CAN_Start
 .text.HAL_CAN_AddTxMessage
                0x08005d42      0x1a0 ./Drivers/STM32L4xx_HAL_Driver/Src/stm32l4xx_hal_can.o
                0x08005d42                HAL_CAN_AddTxMessage
 .text.HAL_CAN_GetRxMessage
                0x08005ee2      0x244 ./Drivers/STM32L4xx_HAL_Driver/Src/stm32l4xx_hal_can.o
                0x08005ee2                HAL_CAN_GetRxMessage
 .text.HAL_CAN_GetRxFifoFillLevel
                0x08006126       0x50 ./Drivers/STM32L4xx_HAL_Driver/Src/stm32l4xx_hal_can.o
                0x08006126                HAL_CAN_GetRxFifoFillLevel
 .text.HAL_CAN_ActivateNotification
                0x08006176       0x4c ./Drivers/STM32L4xx_HAL_Driver/Src/stm32l4xx_hal_can.o
                0x08006176                HAL_CAN_ActivateNotification
 .text.HAL_CAN_IRQHandler
                0x080061c2      0x36e ./Drivers/STM32L4xx_HAL_Driver/Src/stm32l4xx_hal_can.o
                0x080061c2                HAL_CAN_IRQHandler
 .text.HAL_CAN_TxMailbox0CompleteCallback
                0x08006530       0x14 ./Drivers/STM32L4xx_HAL_Driver/Src/stm32l4xx_hal_can.o
                0x08006530                HAL_CAN_TxMailbox0CompleteCallback
 .text.HAL_CAN_TxMailbox1CompleteCallback
                0x08006544       0x14 ./Drivers/STM32L4xx_HAL_Driver/Src/stm32l4xx_hal_can.o
                0x08006544                HAL_CAN_TxMailbox1CompleteCallback
 .text.HAL_CAN_TxMailbox2CompleteCallback
                0x08006558       0x14 ./Drivers/STM32L4xx_HAL_Driver/Src/stm32l4xx_hal_can.o
                0x08006558                HAL_CAN_TxMailbox2CompleteCallback
 .text.HAL_CAN_TxMailbox0AbortCallback
                0x0800656c       0x14 ./Drivers/STM32L4xx_HAL_Driver/Src/stm32l4xx_hal_can.o
                0x0800656c                HAL_CAN_TxMailbox0AbortCallback
 .text.HAL_CAN_TxMailbox1AbortCallback
                0x08006580       0x14 ./Drivers/STM32L4xx_HAL_Driver/Src/stm32l4xx_hal_can.o
                0x08006580                HAL_CAN_TxMailbox1AbortCallback
 .text.HAL_CAN_TxMailbox2AbortCallback
                0x08006594       0x14 ./Drivers/STM32L4xx_HAL_Driver/Src/stm32l4xx_hal_can.o
                0x08006594                HAL_CAN_TxMailbox2AbortCallback
 .text.HAL_CAN_RxFifo0FullCallback
                0x080065a8       0x14 ./Drivers/STM32L4xx_HAL_Driver/Src/stm32l4xx_hal_can.o
                0x080065a8                HAL_CAN_RxFifo0FullCallback
 .text.HAL_CAN_RxFifo1MsgPendingCallback
                0x080065bc       0x14 ./Drivers/STM32L4xx_HAL_Driver/Src/stm32l4xx_hal_can.o
                0x080065bc                HAL_CAN_RxFifo1MsgPendingCallback
 .text.HAL_CAN_RxFifo1FullCallback
                0x080065d0       0x14 ./Drivers/STM32L4xx_HAL_Driver/Src/stm32l4xx_hal_can.o
                0x080065d0                HAL_CAN_RxFifo1FullCallback
 .text.HAL_CAN_SleepCallback
                0x080065e4       0x14 ./Drivers/STM32L4xx_HAL_Driver/Src/stm32l4xx_hal_can.o
                0x080065e4                HAL_CAN_SleepCallback
 .text.HAL_CAN_WakeUpFromRxMsgCallback
                0x080065f8       0x14 ./Drivers/STM32L4xx_HAL_Driver/Src/stm32l4xx_hal_can.o
                0x080065f8                HAL_CAN_WakeUpFromRxMsgCallback
 .text.HAL_CAN_ErrorCallback
                0x0800660c       0x14 ./Drivers/STM32L4xx_HAL_Driver/Src/stm32l4xx_hal_can.o
                0x0800660c                HAL_CAN_ErrorCallback
 .text.__NVIC_SetPriorityGrouping
                0x08006620       0x48 ./Drivers/STM32L4xx_HAL_Driver/Src/stm32l4xx_hal_cortex.o
 .text.__NVIC_GetPriorityGrouping
                0x08006668       0x1c ./Drivers/STM32L4xx_HAL_Driver/Src/stm32l4xx_hal_cortex.o
 .text.__NVIC_EnableIRQ
                0x08006684       0x3c ./Drivers/STM32L4xx_HAL_Driver/Src/stm32l4xx_hal_cortex.o
 .text.__NVIC_SetPriority
                0x080066c0       0x54 ./Drivers/STM32L4xx_HAL_Driver/Src/stm32l4xx_hal_cortex.o
 .text.NVIC_EncodePriority
                0x08006714       0x66 ./Drivers/STM32L4xx_HAL_Driver/Src/stm32l4xx_hal_cortex.o
 *fill*         0x0800677a        0x2 
 .text.SysTick_Config
                0x0800677c       0x44 ./Drivers/STM32L4xx_HAL_Driver/Src/stm32l4xx_hal_cortex.o
 .text.HAL_NVIC_SetPriorityGrouping
                0x080067c0       0x16 ./Drivers/STM32L4xx_HAL_Driver/Src/stm32l4xx_hal_cortex.o
                0x080067c0                HAL_NVIC_SetPriorityGrouping
 .text.HAL_NVIC_SetPriority
                0x080067d6       0x38 ./Drivers/STM32L4xx_HAL_Driver/Src/stm32l4xx_hal_cortex.o
                0x080067d6                HAL_NVIC_SetPriority
 .text.HAL_NVIC_EnableIRQ
                0x0800680e       0x1c ./Drivers/STM32L4xx_HAL_Driver/Src/stm32l4xx_hal_cortex.o
                0x0800680e                HAL_NVIC_EnableIRQ
 .text.HAL_SYSTICK_Config
                0x0800682a       0x18 ./Drivers/STM32L4xx_HAL_Driver/Src/stm32l4xx_hal_cortex.o
                0x0800682a                HAL_SYSTICK_Config
 .text.HAL_DMA_Abort
                0x08006842       0x7c ./Drivers/STM32L4xx_HAL_Driver/Src/stm32l4xx_hal_dma.o
                0x08006842                HAL_DMA_Abort
 .text.HAL_DMA_Abort_IT
                0x080068be       0x82 ./Drivers/STM32L4xx_HAL_Driver/Src/stm32l4xx_hal_dma.o
                0x080068be                HAL_DMA_Abort_IT
 .text.HAL_EXTI_RegisterCallback
                0x08006940       0x34 ./Drivers/STM32L4xx_HAL_Driver/Src/stm32l4xx_hal_exti.o
                0x08006940                HAL_EXTI_RegisterCallback
 .text.HAL_EXTI_GetHandle
                0x08006974       0x28 ./Drivers/STM32L4xx_HAL_Driver/Src/stm32l4xx_hal_exti.o
                0x08006974                HAL_EXTI_GetHandle
 .text.HAL_EXTI_IRQHandler
                0x0800699c       0x60 ./Drivers/STM32L4xx_HAL_Driver/Src/stm32l4xx_hal_exti.o
                0x0800699c                HAL_EXTI_IRQHandler
 .text.HAL_GPIO_Init
                0x080069fc      0x354 ./Drivers/STM32L4xx_HAL_Driver/Src/stm32l4xx_hal_gpio.o
                0x080069fc                HAL_GPIO_Init
 .text.HAL_GPIO_ReadPin
                0x08006d50       0x30 ./Drivers/STM32L4xx_HAL_Driver/Src/stm32l4xx_hal_gpio.o
                0x08006d50                HAL_GPIO_ReadPin
 .text.HAL_GPIO_WritePin
                0x08006d80       0x30 ./Drivers/STM32L4xx_HAL_Driver/Src/stm32l4xx_hal_gpio.o
                0x08006d80                HAL_GPIO_WritePin
 .text.HAL_GPIO_TogglePin
                0x08006db0       0x34 ./Drivers/STM32L4xx_HAL_Driver/Src/stm32l4xx_hal_gpio.o
                0x08006db0                HAL_GPIO_TogglePin
 .text.HAL_PWREx_GetVoltageRange
                0x08006de4       0x1c ./Drivers/STM32L4xx_HAL_Driver/Src/stm32l4xx_hal_pwr_ex.o
                0x08006de4                HAL_PWREx_GetVoltageRange
 .text.HAL_PWREx_ControlVoltageScaling
                0x08006e00       0xac ./Drivers/STM32L4xx_HAL_Driver/Src/stm32l4xx_hal_pwr_ex.o
                0x08006e00                HAL_PWREx_ControlVoltageScaling
 .text.HAL_RCC_OscConfig
                0x08006eac      0x7b8 ./Drivers/STM32L4xx_HAL_Driver/Src/stm32l4xx_hal_rcc.o
                0x08006eac                HAL_RCC_OscConfig
 .text.HAL_RCC_ClockConfig
                0x08007664      0x200 ./Drivers/STM32L4xx_HAL_Driver/Src/stm32l4xx_hal_rcc.o
                0x08007664                HAL_RCC_ClockConfig
 .text.HAL_RCC_GetSysClockFreq
                0x08007864      0x118 ./Drivers/STM32L4xx_HAL_Driver/Src/stm32l4xx_hal_rcc.o
                0x08007864                HAL_RCC_GetSysClockFreq
 .text.HAL_RCC_GetHCLKFreq
                0x0800797c       0x18 ./Drivers/STM32L4xx_HAL_Driver/Src/stm32l4xx_hal_rcc.o
                0x0800797c                HAL_RCC_GetHCLKFreq
 .text.HAL_RCC_GetPCLK1Freq
                0x08007994       0x2c ./Drivers/STM32L4xx_HAL_Driver/Src/stm32l4xx_hal_rcc.o
                0x08007994                HAL_RCC_GetPCLK1Freq
 .text.HAL_RCC_GetPCLK2Freq
                0x080079c0       0x2c ./Drivers/STM32L4xx_HAL_Driver/Src/stm32l4xx_hal_rcc.o
                0x080079c0                HAL_RCC_GetPCLK2Freq
 .text.RCC_SetFlashLatencyFromMSIRange
                0x080079ec       0xc0 ./Drivers/STM32L4xx_HAL_Driver/Src/stm32l4xx_hal_rcc.o
 .text.HAL_RCCEx_PeriphCLKConfig
                0x08007aac      0x5d4 ./Drivers/STM32L4xx_HAL_Driver/Src/stm32l4xx_hal_rcc_ex.o
                0x08007aac                HAL_RCCEx_PeriphCLKConfig
 .text.RCCEx_PLLSAI1_Config
                0x08008080      0x1e8 ./Drivers/STM32L4xx_HAL_Driver/Src/stm32l4xx_hal_rcc_ex.o
 .text.RCCEx_PLLSAI2_Config
                0x08008268      0x1bc ./Drivers/STM32L4xx_HAL_Driver/Src/stm32l4xx_hal_rcc_ex.o
 .text.HAL_SPI_Init
                0x08008424      0x146 ./Drivers/STM32L4xx_HAL_Driver/Src/stm32l4xx_hal_spi.o
                0x08008424                HAL_SPI_Init
 .text.HAL_SPI_MspInit
                0x0800856a       0x14 ./Drivers/STM32L4xx_HAL_Driver/Src/stm32l4xx_hal_spi.o
                0x0800856a                HAL_SPI_MspInit
 .text.HAL_SPI_Transmit
                0x0800857e      0x2ea ./Drivers/STM32L4xx_HAL_Driver/Src/stm32l4xx_hal_spi.o
                0x0800857e                HAL_SPI_Transmit
 .text.HAL_SPI_Receive
                0x08008868      0x26e ./Drivers/STM32L4xx_HAL_Driver/Src/stm32l4xx_hal_spi.o
                0x08008868                HAL_SPI_Receive
 .text.HAL_SPI_TransmitReceive
                0x08008ad6      0x444 ./Drivers/STM32L4xx_HAL_Driver/Src/stm32l4xx_hal_spi.o
                0x08008ad6                HAL_SPI_TransmitReceive
 *fill*         0x08008f1a        0x2 
 .text.HAL_SPI_IRQHandler
                0x08008f1c      0x1e8 ./Drivers/STM32L4xx_HAL_Driver/Src/stm32l4xx_hal_spi.o
                0x08008f1c                HAL_SPI_IRQHandler
 .text.HAL_SPI_ErrorCallback
                0x08009104       0x14 ./Drivers/STM32L4xx_HAL_Driver/Src/stm32l4xx_hal_spi.o
                0x08009104                HAL_SPI_ErrorCallback
 .text.HAL_SPI_GetState
                0x08009118       0x1c ./Drivers/STM32L4xx_HAL_Driver/Src/stm32l4xx_hal_spi.o
                0x08009118                HAL_SPI_GetState
 .text.SPI_DMAAbortOnError
                0x08009134       0x2a ./Drivers/STM32L4xx_HAL_Driver/Src/stm32l4xx_hal_spi.o
 *fill*         0x0800915e        0x2 
 .text.SPI_WaitFlagStateUntilTimeout
                0x08009160      0x110 ./Drivers/STM32L4xx_HAL_Driver/Src/stm32l4xx_hal_spi.o
 .text.SPI_WaitFifoStateUntilTimeout
                0x08009270      0x12c ./Drivers/STM32L4xx_HAL_Driver/Src/stm32l4xx_hal_spi.o
 .text.SPI_EndRxTransaction
                0x0800939c       0xb0 ./Drivers/STM32L4xx_HAL_Driver/Src/stm32l4xx_hal_spi.o
 .text.SPI_EndRxTxTransaction
                0x0800944c       0x8c ./Drivers/STM32L4xx_HAL_Driver/Src/stm32l4xx_hal_spi.o
 .text.HAL_TIM_Base_Init
                0x080094d8       0xae ./Drivers/STM32L4xx_HAL_Driver/Src/stm32l4xx_hal_tim.o
                0x080094d8                HAL_TIM_Base_Init
 *fill*         0x08009586        0x2 
 .text.TIM_Base_SetConfig
                0x08009588      0x134 ./Drivers/STM32L4xx_HAL_Driver/Src/stm32l4xx_hal_tim.o
                0x08009588                TIM_Base_SetConfig
 .text.HAL_UART_Init
                0x080096bc       0x9c ./Drivers/STM32L4xx_HAL_Driver/Src/stm32l4xx_hal_uart.o
                0x080096bc                HAL_UART_Init
 .text.HAL_UART_MspInit
                0x08009758       0x14 ./Drivers/STM32L4xx_HAL_Driver/Src/stm32l4xx_hal_uart.o
                0x08009758                HAL_UART_MspInit
 .text.HAL_UART_Transmit
                0x0800976c      0x112 ./Drivers/STM32L4xx_HAL_Driver/Src/stm32l4xx_hal_uart.o
                0x0800976c                HAL_UART_Transmit
 *fill*         0x0800987e        0x2 
 .text.HAL_UART_IRQHandler
                0x08009880      0x5d4 ./Drivers/STM32L4xx_HAL_Driver/Src/stm32l4xx_hal_uart.o
                0x08009880                HAL_UART_IRQHandler
 .text.HAL_UART_TxCpltCallback
                0x08009e54       0x14 ./Drivers/STM32L4xx_HAL_Driver/Src/stm32l4xx_hal_uart.o
                0x08009e54                HAL_UART_TxCpltCallback
 .text.HAL_UART_ErrorCallback
                0x08009e68       0x14 ./Drivers/STM32L4xx_HAL_Driver/Src/stm32l4xx_hal_uart.o
                0x08009e68                HAL_UART_ErrorCallback
 .text.HAL_UARTEx_RxEventCallback
                0x08009e7c       0x18 ./Drivers/STM32L4xx_HAL_Driver/Src/stm32l4xx_hal_uart.o
                0x08009e7c                HAL_UARTEx_RxEventCallback
 .text.UART_SetConfig
                0x08009e94      0x570 ./Drivers/STM32L4xx_HAL_Driver/Src/stm32l4xx_hal_uart.o
                0x08009e94                UART_SetConfig
 .text.UART_AdvFeatureConfig
                0x0800a404      0x144 ./Drivers/STM32L4xx_HAL_Driver/Src/stm32l4xx_hal_uart.o
                0x0800a404                UART_AdvFeatureConfig
 .text.UART_CheckIdleState
                0x0800a548      0x150 ./Drivers/STM32L4xx_HAL_Driver/Src/stm32l4xx_hal_uart.o
                0x0800a548                UART_CheckIdleState
 .text.UART_WaitOnFlagUntilTimeout
                0x0800a698       0xce ./Drivers/STM32L4xx_HAL_Driver/Src/stm32l4xx_hal_uart.o
                0x0800a698                UART_WaitOnFlagUntilTimeout
 .text.UART_EndRxTransfer
                0x0800a766       0xc8 ./Drivers/STM32L4xx_HAL_Driver/Src/stm32l4xx_hal_uart.o
 .text.UART_DMAAbortOnError
                0x0800a82e       0x2c ./Drivers/STM32L4xx_HAL_Driver/Src/stm32l4xx_hal_uart.o
 .text.UART_EndTransmit_IT
                0x0800a85a       0x54 ./Drivers/STM32L4xx_HAL_Driver/Src/stm32l4xx_hal_uart.o
 .text.HAL_UARTEx_WakeupCallback
                0x0800a8ae       0x14 ./Drivers/STM32L4xx_HAL_Driver/Src/stm32l4xx_hal_uart_ex.o
                0x0800a8ae                HAL_UARTEx_WakeupCallback
 *fill*         0x0800a8c2        0x2 
 .text.rfalAnalogConfigInitialize
                0x0800a8c4       0x30 ./Middlewares/ST/rfal/Src/rfal_analogConfig.o
                0x0800a8c4                rfalAnalogConfigInitialize
 .text.rfalSetAnalogConfig
                0x0800a8f4      0x148 ./Middlewares/ST/rfal/Src/rfal_analogConfig.o
                0x0800a8f4                rfalSetAnalogConfig
 .text.rfalAnalogConfigSearch
                0x0800aa3c       0xd8 ./Middlewares/ST/rfal/Src/rfal_analogConfig.o
 .text.rfalCrcCalculateCcitt
                0x0800ab14       0x48 ./Middlewares/ST/rfal/Src/rfal_crc.o
                0x0800ab14                rfalCrcCalculateCcitt
 .text.rfalCrcUpdateCcitt
                0x0800ab5c       0x6a ./Middlewares/ST/rfal/Src/rfal_crc.o
 *fill*         0x0800abc6        0x2 
 .text.rfalIso15693PhyConfigure
                0x0800abc8       0x4c ./Middlewares/ST/rfal/Src/rfal_iso15693_2.o
                0x0800abc8                rfalIso15693PhyConfigure
 .text.rfalIso15693VCDCode
                0x0800ac14      0x2f0 ./Middlewares/ST/rfal/Src/rfal_iso15693_2.o
                0x0800ac14                rfalIso15693VCDCode
 .text.rfalIso15693VICCDecode
                0x0800af04      0x23c ./Middlewares/ST/rfal/Src/rfal_iso15693_2.o
                0x0800af04                rfalIso15693VICCDecode
 .text.rfalIso15693PhyVCDCode1Of4
                0x0800b140       0xa8 ./Middlewares/ST/rfal/Src/rfal_iso15693_2.o
 .text.rfalIso15693PhyVCDCode1Of256
                0x0800b1e8       0xac ./Middlewares/ST/rfal/Src/rfal_iso15693_2.o
 .text.rfalNfcInitialize
                0x0800b294       0x44 ./Middlewares/ST/rfal/Src/rfal_nfc.o
                0x0800b294                rfalNfcInitialize
 .text.rfalNfcDiscover
                0x0800b2d8      0x1ac ./Middlewares/ST/rfal/Src/rfal_nfc.o
                0x0800b2d8                rfalNfcDiscover
 .text.rfalNfcDeactivate
                0x0800b484       0x9c ./Middlewares/ST/rfal/Src/rfal_nfc.o
                0x0800b484                rfalNfcDeactivate
 .text.rfalNfcSelect
                0x0800b520       0x3c ./Middlewares/ST/rfal/Src/rfal_nfc.o
                0x0800b520                rfalNfcSelect
 .text.rfalNfcGetState
                0x0800b55c       0x18 ./Middlewares/ST/rfal/Src/rfal_nfc.o
                0x0800b55c                rfalNfcGetState
 .text.rfalNfcGetDevicesFound
                0x0800b574       0x4c ./Middlewares/ST/rfal/Src/rfal_nfc.o
                0x0800b574                rfalNfcGetDevicesFound
 .text.rfalNfcGetActiveDevice
                0x0800b5c0       0x50 ./Middlewares/ST/rfal/Src/rfal_nfc.o
                0x0800b5c0                rfalNfcGetActiveDevice
 .text.rfalNfcWorker
                0x0800b610      0x490 ./Middlewares/ST/rfal/Src/rfal_nfc.o
                0x0800b610                rfalNfcWorker
 .text.rfalNfcDataExchangeStart
                0x0800baa0      0x200 ./Middlewares/ST/rfal/Src/rfal_nfc.o
                0x0800baa0                rfalNfcDataExchangeStart
 .text.rfalNfcDataExchangeGetStatus
                0x0800bca0       0xf0 ./Middlewares/ST/rfal/Src/rfal_nfc.o
                0x0800bca0                rfalNfcDataExchangeGetStatus
 .text.rfalNfcPollTechDetetection
                0x0800bd90      0x2bc ./Middlewares/ST/rfal/Src/rfal_nfc.o
 .text.rfalNfcPollCollResolution
                0x0800c04c      0x2a8 ./Middlewares/ST/rfal/Src/rfal_nfc.o
 .text.rfalNfcPollActivation
                0x0800c2f4      0x1e4 ./Middlewares/ST/rfal/Src/rfal_nfc.o
 .text.rfalNfcListenActivation
                0x0800c4d8      0x20c ./Middlewares/ST/rfal/Src/rfal_nfc.o
 .text.rfalNfcNfcDepActivate
                0x0800c6e4      0x190 ./Middlewares/ST/rfal/Src/rfal_nfc.o
 .text.rfalNfcDeactivation
                0x0800c874      0x150 ./Middlewares/ST/rfal/Src/rfal_nfc.o
 .text.nfcipDxIsSupported
                0x0800c9c4       0x46 ./Middlewares/ST/rfal/Src/rfal_nfcDep.o
 *fill*         0x0800ca0a        0x2 
 .text.nfcipTxRx
                0x0800ca0c       0x90 ./Middlewares/ST/rfal/Src/rfal_nfcDep.o
 .text.nfcipDEPControlMsg
                0x0800ca9c       0xc0 ./Middlewares/ST/rfal/Src/rfal_nfcDep.o
 .text.nfcipClearCounters
                0x0800cb5c       0x3c ./Middlewares/ST/rfal/Src/rfal_nfcDep.o
 .text.nfcipInitiatorHandleDEP
                0x0800cb98      0x58c ./Middlewares/ST/rfal/Src/rfal_nfcDep.o
 .text.nfcipTargetHandleRX
                0x0800d124      0x894 ./Middlewares/ST/rfal/Src/rfal_nfcDep.o
 .text.nfcipTx  0x0800d9b8      0x31c ./Middlewares/ST/rfal/Src/rfal_nfcDep.o
 .text.nfcipConfig
                0x0800dcd4       0x84 ./Middlewares/ST/rfal/Src/rfal_nfcDep.o
 .text.nfcipRun
                0x0800dd58      0x26c ./Middlewares/ST/rfal/Src/rfal_nfcDep.o
 .text.rfalNfcDepInitialize
                0x0800dfc4       0xd4 ./Middlewares/ST/rfal/Src/rfal_nfcDep.o
                0x0800dfc4                rfalNfcDepInitialize
 .text.nfcipSetDEPParams
                0x0800e098       0xd0 ./Middlewares/ST/rfal/Src/rfal_nfcDep.o
 .text.rfalNfcDepIsAtrReq
                0x0800e168       0x6c ./Middlewares/ST/rfal/Src/rfal_nfcDep.o
                0x0800e168                rfalNfcDepIsAtrReq
 .text.nfcipTargetHandleActivation
                0x0800e1d4      0x210 ./Middlewares/ST/rfal/Src/rfal_nfcDep.o
 .text.rfalNfcDepATR
                0x0800e3e4      0x1b8 ./Middlewares/ST/rfal/Src/rfal_nfcDep.o
                0x0800e3e4                rfalNfcDepATR
 .text.rfalNfcDepPSL
                0x0800e59c       0xec ./Middlewares/ST/rfal/Src/rfal_nfcDep.o
                0x0800e59c                rfalNfcDepPSL
 .text.rfalNfcDepDSL
                0x0800e688       0xc4 ./Middlewares/ST/rfal/Src/rfal_nfcDep.o
                0x0800e688                rfalNfcDepDSL
 .text.rfalNfcDepRLS
                0x0800e74c       0xc4 ./Middlewares/ST/rfal/Src/rfal_nfcDep.o
                0x0800e74c                rfalNfcDepRLS
 .text.rfalNfcDepInitiatorHandleActivation
                0x0800e810      0x1ec ./Middlewares/ST/rfal/Src/rfal_nfcDep.o
                0x0800e810                rfalNfcDepInitiatorHandleActivation
 .text.rfalNfcDepCalculateRWT
                0x0800e9fc       0x2e ./Middlewares/ST/rfal/Src/rfal_nfcDep.o
                0x0800e9fc                rfalNfcDepCalculateRWT
 *fill*         0x0800ea2a        0x2 
 .text.nfcipDataTx
                0x0800ea2c       0x40 ./Middlewares/ST/rfal/Src/rfal_nfcDep.o
 .text.nfcipDataRx
                0x0800ea6c       0x88 ./Middlewares/ST/rfal/Src/rfal_nfcDep.o
 .text.rfalNfcDepListenStartActivation
                0x0800eaf4      0x224 ./Middlewares/ST/rfal/Src/rfal_nfcDep.o
                0x0800eaf4                rfalNfcDepListenStartActivation
 .text.rfalNfcDepListenGetActivationStatus
                0x0800ed18       0xcc ./Middlewares/ST/rfal/Src/rfal_nfcDep.o
                0x0800ed18                rfalNfcDepListenGetActivationStatus
 .text.rfalNfcDepStartTransceive
                0x0800ede4       0x6c ./Middlewares/ST/rfal/Src/rfal_nfcDep.o
                0x0800ede4                rfalNfcDepStartTransceive
 .text.rfalNfcDepGetTransceiveStatus
                0x0800ee50       0x20 ./Middlewares/ST/rfal/Src/rfal_nfcDep.o
                0x0800ee50                rfalNfcDepGetTransceiveStatus
 .text.rfalNfcDepPdu2BLockParam
                0x0800ee70       0xa0 ./Middlewares/ST/rfal/Src/rfal_nfcDep.o
 .text.rfalNfcDepStartPduTransceive
                0x0800ef10       0x80 ./Middlewares/ST/rfal/Src/rfal_nfcDep.o
                0x0800ef10                rfalNfcDepStartPduTransceive
 .text.rfalNfcDepGetPduTransceiveStatus
                0x0800ef90      0x150 ./Middlewares/ST/rfal/Src/rfal_nfcDep.o
                0x0800ef90                rfalNfcDepGetPduTransceiveStatus
 .text.rfalNfcvParseError
                0x0800f0e0       0x80 ./Middlewares/ST/rfal/Src/rfal_nfcv.o
 .text.rfalNfcvPollerInitialize
                0x0800f160       0x48 ./Middlewares/ST/rfal/Src/rfal_nfcv.o
                0x0800f160                rfalNfcvPollerInitialize
 .text.rfalNfcvPollerCheckPresence
                0x0800f1a8       0x42 ./Middlewares/ST/rfal/Src/rfal_nfcv.o
                0x0800f1a8                rfalNfcvPollerCheckPresence
 .text.rfalNfcvPollerInventory
                0x0800f1ea       0xd4 ./Middlewares/ST/rfal/Src/rfal_nfcv.o
                0x0800f1ea                rfalNfcvPollerInventory
 .text.rfalNfcvPollerCollisionResolution
                0x0800f2be      0x368 ./Middlewares/ST/rfal/Src/rfal_nfcv.o
                0x0800f2be                rfalNfcvPollerCollisionResolution
 .text.rfalNfcvPollerReadSingleBlock
                0x0800f626       0x42 ./Middlewares/ST/rfal/Src/rfal_nfcv.o
                0x0800f626                rfalNfcvPollerReadSingleBlock
 .text.rfalNfcvPollerTransceiveReq
                0x0800f668      0x20c ./Middlewares/ST/rfal/Src/rfal_nfcv.o
                0x0800f668                rfalNfcvPollerTransceiveReq
 .text.MX_X_CUBE_NFC6_Init
                0x0800f874        0xc ./X-CUBE-NFC6/App/app_x-cube-nfcx.o
                0x0800f874                MX_X_CUBE_NFC6_Init
 .text.MX_X_CUBE_NFC6_Process
                0x0800f880        0xc ./X-CUBE-NFC6/App/app_x-cube-nfcx.o
                0x0800f880                MX_X_CUBE_NFC6_Process
 .text.MX_NFC8_PollingTagDetect_Init
                0x0800f88c      0x15c ./X-CUBE-NFC6/App/app_x-cube-nfcx.o
                0x0800f88c                MX_NFC8_PollingTagDetect_Init
 .text.BSP_NFC0XCOMM_SendRecv
                0x0800f9e8       0x9c ./X-CUBE-NFC6/App/app_x-cube-nfcx.o
                0x0800f9e8                BSP_NFC0XCOMM_SendRecv
 .text.BSP_SPI1_IRQ_Callback
                0x0800fa84        0xc ./X-CUBE-NFC6/App/app_x-cube-nfcx.o
                0x0800fa84                BSP_SPI1_IRQ_Callback
 .text.cmdCompare
                0x0800fa90       0x44 ./X-CUBE-NFC6/Target/demo_ce.o
 .text.demoCeT4TSelect
                0x0800fad4      0x118 ./X-CUBE-NFC6/Target/demo_ce.o
 .text.demoCeT4TRead
                0x0800fbec      0x104 ./X-CUBE-NFC6/Target/demo_ce.o
 .text.demoCeT4TUpdate
                0x0800fcf0       0x9c ./X-CUBE-NFC6/Target/demo_ce.o
 .text.demoCeT3TCheck
                0x0800fd8c      0x420 ./X-CUBE-NFC6/Target/demo_ce.o
 .text.demoCeT3TUpdate
                0x080101ac      0x370 ./X-CUBE-NFC6/Target/demo_ce.o
 .text.demoCeInit
                0x0801051c       0x94 ./X-CUBE-NFC6/Target/demo_ce.o
                0x0801051c                demoCeInit
 .text.demoCeT4T
                0x080105b0       0x9c ./X-CUBE-NFC6/Target/demo_ce.o
                0x080105b0                demoCeT4T
 .text.demoCeT3T
                0x0801064c       0x80 ./X-CUBE-NFC6/Target/demo_ce.o
                0x0801064c                demoCeT3T
 .text.demoNotif
                0x080106cc       0x9c ./X-CUBE-NFC6/Target/demo_polling.o
 .text.demoIni  0x08010768      0x1d0 ./X-CUBE-NFC6/Target/demo_polling.o
                0x08010768                demoIni
 .text.demoCycle
                0x08010938      0x47c ./X-CUBE-NFC6/Target/demo_polling.o
                0x08010938                demoCycle
 .text.demoCE   0x08010db4      0x14c ./X-CUBE-NFC6/Target/demo_polling.o
 .text.demoNfcf
                0x08010f00       0x14 ./X-CUBE-NFC6/Target/demo_polling.o
 .text.demoNfcv
                0x08010f14       0x7c ./X-CUBE-NFC6/Target/demo_polling.o
 .text.demoT2t  0x08010f90        0xe ./X-CUBE-NFC6/Target/demo_polling.o
 *fill*         0x08010f9e        0x2 
 .text.demoP2P  0x08010fa0       0x7c ./X-CUBE-NFC6/Target/demo_polling.o
 .text.demoAPDU
                0x0801101c        0xe ./X-CUBE-NFC6/Target/demo_polling.o
 *fill*         0x0801102a        0x2 
 .text.logUsartTx
                0x0801102c       0x38 ./X-CUBE-NFC6/Target/logger.o
                0x0801102c                logUsartTx
 .text.logUsart
                0x08011064       0x50 ./X-CUBE-NFC6/Target/logger.o
                0x08011064                logUsart
 .text.hex2Str  0x080110b4       0xf4 ./X-CUBE-NFC6/Target/logger.o
                0x080110b4                hex2Str
 .text._Error_Handler
                0x080111a8        0xe ./X-CUBE-NFC6/Target/nfc_conf.o
                0x080111a8                _Error_Handler
 *fill*         0x080111b6        0x2 
 .text.malloc   0x080111b8       0x10 E:/STM32CubeIDE_1.13.2/STM32CubeIDE/plugins/com.st.stm32cube.ide.mcu.externaltools.gnu-tools-for-stm32.12.3.rel1.win32_1.0.100.202403111256/tools/bin/../lib/gcc/arm-none-eabi/12.3.1/../../../../arm-none-eabi/lib/thumb/v7e-m+fp/hard\libc_nano.a(libc_a-malloc.o)
                0x080111b8                malloc
 .text.sbrk_aligned
                0x080111c8       0x44 E:/STM32CubeIDE_1.13.2/STM32CubeIDE/plugins/com.st.stm32cube.ide.mcu.externaltools.gnu-tools-for-stm32.12.3.rel1.win32_1.0.100.202403111256/tools/bin/../lib/gcc/arm-none-eabi/12.3.1/../../../../arm-none-eabi/lib/thumb/v7e-m+fp/hard\libc_nano.a(libc_a-mallocr.o)
 .text._malloc_r
                0x0801120c      0x100 E:/STM32CubeIDE_1.13.2/STM32CubeIDE/plugins/com.st.stm32cube.ide.mcu.externaltools.gnu-tools-for-stm32.12.3.rel1.win32_1.0.100.202403111256/tools/bin/../lib/gcc/arm-none-eabi/12.3.1/../../../../arm-none-eabi/lib/thumb/v7e-m+fp/hard\libc_nano.a(libc_a-mallocr.o)
                0x0801120c                _malloc_r
 .text.__malloc_lock
                0x0801130c        0xc E:/STM32CubeIDE_1.13.2/STM32CubeIDE/plugins/com.st.stm32cube.ide.mcu.externaltools.gnu-tools-for-stm32.12.3.rel1.win32_1.0.100.202403111256/tools/bin/../lib/gcc/arm-none-eabi/12.3.1/../../../../arm-none-eabi/lib/thumb/v7e-m+fp/hard\libc_nano.a(libc_a-mlock.o)
                0x0801130c                __malloc_lock
 .text.__malloc_unlock
                0x08011318        0xc E:/STM32CubeIDE_1.13.2/STM32CubeIDE/plugins/com.st.stm32cube.ide.mcu.externaltools.gnu-tools-for-stm32.12.3.rel1.win32_1.0.100.202403111256/tools/bin/../lib/gcc/arm-none-eabi/12.3.1/../../../../arm-none-eabi/lib/thumb/v7e-m+fp/hard\libc_nano.a(libc_a-mlock.o)
                0x08011318                __malloc_unlock
 .text._vsnprintf_r
                0x08011324       0x56 E:/STM32CubeIDE_1.13.2/STM32CubeIDE/plugins/com.st.stm32cube.ide.mcu.externaltools.gnu-tools-for-stm32.12.3.rel1.win32_1.0.100.202403111256/tools/bin/../lib/gcc/arm-none-eabi/12.3.1/../../../../arm-none-eabi/lib/thumb/v7e-m+fp/hard\libc_nano.a(libc_a-vsnprintf.o)
                0x08011324                _vsniprintf_r
                0x08011324                _vsnprintf_r
 *fill*         0x0801137a        0x2 
 .text.vsnprintf
                0x0801137c       0x1c E:/STM32CubeIDE_1.13.2/STM32CubeIDE/plugins/com.st.stm32cube.ide.mcu.externaltools.gnu-tools-for-stm32.12.3.rel1.win32_1.0.100.202403111256/tools/bin/../lib/gcc/arm-none-eabi/12.3.1/../../../../arm-none-eabi/lib/thumb/v7e-m+fp/hard\libc_nano.a(libc_a-vsnprintf.o)
                0x0801137c                vsniprintf
                0x0801137c                vsnprintf
 .text.memcmp   0x08011398       0x20 E:/STM32CubeIDE_1.13.2/STM32CubeIDE/plugins/com.st.stm32cube.ide.mcu.externaltools.gnu-tools-for-stm32.12.3.rel1.win32_1.0.100.202403111256/tools/bin/../lib/gcc/arm-none-eabi/12.3.1/../../../../arm-none-eabi/lib/thumb/v7e-m+fp/hard\libc_nano.a(libc_a-memcmp.o)
                0x08011398                memcmp
 .text.memmove  0x080113b8       0x34 E:/STM32CubeIDE_1.13.2/STM32CubeIDE/plugins/com.st.stm32cube.ide.mcu.externaltools.gnu-tools-for-stm32.12.3.rel1.win32_1.0.100.202403111256/tools/bin/../lib/gcc/arm-none-eabi/12.3.1/../../../../arm-none-eabi/lib/thumb/v7e-m+fp/hard\libc_nano.a(libc_a-memmove.o)
                0x080113b8                memmove
 .text.memset   0x080113ec       0x10 E:/STM32CubeIDE_1.13.2/STM32CubeIDE/plugins/com.st.stm32cube.ide.mcu.externaltools.gnu-tools-for-stm32.12.3.rel1.win32_1.0.100.202403111256/tools/bin/../lib/gcc/arm-none-eabi/12.3.1/../../../../arm-none-eabi/lib/thumb/v7e-m+fp/hard\libc_nano.a(libc_a-memset.o)
                0x080113ec                memset
 .text._sbrk_r  0x080113fc       0x20 E:/STM32CubeIDE_1.13.2/STM32CubeIDE/plugins/com.st.stm32cube.ide.mcu.externaltools.gnu-tools-for-stm32.12.3.rel1.win32_1.0.100.202403111256/tools/bin/../lib/gcc/arm-none-eabi/12.3.1/../../../../arm-none-eabi/lib/thumb/v7e-m+fp/hard\libc_nano.a(libc_a-sbrkr.o)
                0x080113fc                _sbrk_r
 .text.__errno  0x0801141c        0xc E:/STM32CubeIDE_1.13.2/STM32CubeIDE/plugins/com.st.stm32cube.ide.mcu.externaltools.gnu-tools-for-stm32.12.3.rel1.win32_1.0.100.202403111256/tools/bin/../lib/gcc/arm-none-eabi/12.3.1/../../../../arm-none-eabi/lib/thumb/v7e-m+fp/hard\libc_nano.a(libc_a-errno.o)
                0x0801141c                __errno
 .text.__libc_init_array
                0x08011428       0x48 E:/STM32CubeIDE_1.13.2/STM32CubeIDE/plugins/com.st.stm32cube.ide.mcu.externaltools.gnu-tools-for-stm32.12.3.rel1.win32_1.0.100.202403111256/tools/bin/../lib/gcc/arm-none-eabi/12.3.1/../../../../arm-none-eabi/lib/thumb/v7e-m+fp/hard\libc_nano.a(libc_a-init.o)
                0x08011428                __libc_init_array
 .text.__retarget_lock_acquire_recursive
                0x08011470        0x2 E:/STM32CubeIDE_1.13.2/STM32CubeIDE/plugins/com.st.stm32cube.ide.mcu.externaltools.gnu-tools-for-stm32.12.3.rel1.win32_1.0.100.202403111256/tools/bin/../lib/gcc/arm-none-eabi/12.3.1/../../../../arm-none-eabi/lib/thumb/v7e-m+fp/hard\libc_nano.a(libc_a-lock.o)
                0x08011470                __retarget_lock_acquire_recursive
 .text.__retarget_lock_release_recursive
                0x08011472        0x2 E:/STM32CubeIDE_1.13.2/STM32CubeIDE/plugins/com.st.stm32cube.ide.mcu.externaltools.gnu-tools-for-stm32.12.3.rel1.win32_1.0.100.202403111256/tools/bin/../lib/gcc/arm-none-eabi/12.3.1/../../../../arm-none-eabi/lib/thumb/v7e-m+fp/hard\libc_nano.a(libc_a-lock.o)
                0x08011472                __retarget_lock_release_recursive
 .text.memcpy   0x08011474       0x1c E:/STM32CubeIDE_1.13.2/STM32CubeIDE/plugins/com.st.stm32cube.ide.mcu.externaltools.gnu-tools-for-stm32.12.3.rel1.win32_1.0.100.202403111256/tools/bin/../lib/gcc/arm-none-eabi/12.3.1/../../../../arm-none-eabi/lib/thumb/v7e-m+fp/hard\libc_nano.a(libc_a-memcpy-stub.o)
                0x08011474                memcpy
 .text._free_r  0x08011490       0x94 E:/STM32CubeIDE_1.13.2/STM32CubeIDE/plugins/com.st.stm32cube.ide.mcu.externaltools.gnu-tools-for-stm32.12.3.rel1.win32_1.0.100.202403111256/tools/bin/../lib/gcc/arm-none-eabi/12.3.1/../../../../arm-none-eabi/lib/thumb/v7e-m+fp/hard\libc_nano.a(libc_a-freer.o)
                0x08011490                _free_r
 .text.__ssputs_r
                0x08011524       0xb6 E:/STM32CubeIDE_1.13.2/STM32CubeIDE/plugins/com.st.stm32cube.ide.mcu.externaltools.gnu-tools-for-stm32.12.3.rel1.win32_1.0.100.202403111256/tools/bin/../lib/gcc/arm-none-eabi/12.3.1/../../../../arm-none-eabi/lib/thumb/v7e-m+fp/hard\libc_nano.a(libc_a-nano-svfprintf.o)
                0x08011524                __ssputs_r
 *fill*         0x080115da        0x2 
 .text._svfprintf_r
                0x080115dc      0x1f8 E:/STM32CubeIDE_1.13.2/STM32CubeIDE/plugins/com.st.stm32cube.ide.mcu.externaltools.gnu-tools-for-stm32.12.3.rel1.win32_1.0.100.202403111256/tools/bin/../lib/gcc/arm-none-eabi/12.3.1/../../../../arm-none-eabi/lib/thumb/v7e-m+fp/hard\libc_nano.a(libc_a-nano-svfprintf.o)
                0x080115dc                _svfiprintf_r
                0x080115dc                _svfprintf_r
 .text._printf_common
                0x080117d4       0xda E:/STM32CubeIDE_1.13.2/STM32CubeIDE/plugins/com.st.stm32cube.ide.mcu.externaltools.gnu-tools-for-stm32.12.3.rel1.win32_1.0.100.202403111256/tools/bin/../lib/gcc/arm-none-eabi/12.3.1/../../../../arm-none-eabi/lib/thumb/v7e-m+fp/hard\libc_nano.a(libc_a-nano-vfprintf_i.o)
                0x080117d4                _printf_common
 *fill*         0x080118ae        0x2 
 .text._printf_i
                0x080118b0      0x240 E:/STM32CubeIDE_1.13.2/STM32CubeIDE/plugins/com.st.stm32cube.ide.mcu.externaltools.gnu-tools-for-stm32.12.3.rel1.win32_1.0.100.202403111256/tools/bin/../lib/gcc/arm-none-eabi/12.3.1/../../../../arm-none-eabi/lib/thumb/v7e-m+fp/hard\libc_nano.a(libc_a-nano-vfprintf_i.o)
                0x080118b0                _printf_i
 .text._realloc_r
                0x08011af0       0x5c E:/STM32CubeIDE_1.13.2/STM32CubeIDE/plugins/com.st.stm32cube.ide.mcu.externaltools.gnu-tools-for-stm32.12.3.rel1.win32_1.0.100.202403111256/tools/bin/../lib/gcc/arm-none-eabi/12.3.1/../../../../arm-none-eabi/lib/thumb/v7e-m+fp/hard\libc_nano.a(libc_a-reallocr.o)
                0x08011af0                _realloc_r
 .text._malloc_usable_size_r
                0x08011b4c       0x10 E:/STM32CubeIDE_1.13.2/STM32CubeIDE/plugins/com.st.stm32cube.ide.mcu.externaltools.gnu-tools-for-stm32.12.3.rel1.win32_1.0.100.202403111256/tools/bin/../lib/gcc/arm-none-eabi/12.3.1/../../../../arm-none-eabi/lib/thumb/v7e-m+fp/hard\libc_nano.a(libc_a-msizer.o)
                0x08011b4c                _malloc_usable_size_r
 *(.glue_7)
 .glue_7        0x08011b5c        0x0 linker stubs
 *(.glue_7t)
 .glue_7t       0x08011b5c        0x0 linker stubs
 *(.eh_frame)
 .eh_frame      0x08011b5c        0x0 E:/STM32CubeIDE_1.13.2/STM32CubeIDE/plugins/com.st.stm32cube.ide.mcu.externaltools.gnu-tools-for-stm32.12.3.rel1.win32_1.0.100.202403111256/tools/bin/../lib/gcc/arm-none-eabi/12.3.1/thumb/v7e-m+fp/hard/crtbegin.o
 *(.init)
 .init          0x08011b5c        0x4 E:/STM32CubeIDE_1.13.2/STM32CubeIDE/plugins/com.st.stm32cube.ide.mcu.externaltools.gnu-tools-for-stm32.12.3.rel1.win32_1.0.100.202403111256/tools/bin/../lib/gcc/arm-none-eabi/12.3.1/thumb/v7e-m+fp/hard/crti.o
                0x08011b5c                _init
 .init          0x08011b60        0x8 E:/STM32CubeIDE_1.13.2/STM32CubeIDE/plugins/com.st.stm32cube.ide.mcu.externaltools.gnu-tools-for-stm32.12.3.rel1.win32_1.0.100.202403111256/tools/bin/../lib/gcc/arm-none-eabi/12.3.1/thumb/v7e-m+fp/hard/crtn.o
 *(.fini)
 .fini          0x08011b68        0x4 E:/STM32CubeIDE_1.13.2/STM32CubeIDE/plugins/com.st.stm32cube.ide.mcu.externaltools.gnu-tools-for-stm32.12.3.rel1.win32_1.0.100.202403111256/tools/bin/../lib/gcc/arm-none-eabi/12.3.1/thumb/v7e-m+fp/hard/crti.o
                0x08011b68                _fini
 .fini          0x08011b6c        0x8 E:/STM32CubeIDE_1.13.2/STM32CubeIDE/plugins/com.st.stm32cube.ide.mcu.externaltools.gnu-tools-for-stm32.12.3.rel1.win32_1.0.100.202403111256/tools/bin/../lib/gcc/arm-none-eabi/12.3.1/thumb/v7e-m+fp/hard/crtn.o
                0x08011b74                        . = ALIGN (0x4)
                0x08011b74                        _etext = .

.vfp11_veneer   0x08011b74        0x0
 .vfp11_veneer  0x08011b74        0x0 linker stubs

.v4_bx          0x08011b74        0x0
 .v4_bx         0x08011b74        0x0 linker stubs

.iplt           0x08011b74        0x0
 .iplt          0x08011b74        0x0 E:/STM32CubeIDE_1.13.2/STM32CubeIDE/plugins/com.st.stm32cube.ide.mcu.externaltools.gnu-tools-for-stm32.12.3.rel1.win32_1.0.100.202403111256/tools/bin/../lib/gcc/arm-none-eabi/12.3.1/thumb/v7e-m+fp/hard/crtbegin.o

.rodata         0x08011b74      0x754
                0x08011b74                        . = ALIGN (0x4)
 *(.rodata)
 .rodata        0x08011b74       0x29 ./Core/Src/ring_buffer.o
 *fill*         0x08011b9d        0x3 
 .rodata        0x08011ba0       0x30 ./Drivers/BSP/Components/ST25R3916/st25r3916.o
 .rodata        0x08011bd0       0x59 ./X-CUBE-NFC6/App/app_x-cube-nfcx.o
 *fill*         0x08011c29        0x3 
 .rodata        0x08011c2c       0x30 ./X-CUBE-NFC6/Target/demo_ce.o
 .rodata        0x08011c5c      0x2e9 ./X-CUBE-NFC6/Target/demo_polling.o
 *fill*         0x08011f45        0x3 
 .rodata        0x08011f48       0x11 ./X-CUBE-NFC6/Target/logger.o
 *(.rodata*)
 *fill*         0x08011f59        0x3 
 .rodata.AHBPrescTable
                0x08011f5c       0x10 ./Core/Src/system_stm32l4xx.o
                0x08011f5c                AHBPrescTable
 .rodata.APBPrescTable
                0x08011f6c        0x8 ./Core/Src/system_stm32l4xx.o
                0x08011f6c                APBPrescTable
 .rodata.MSIRangeTable
                0x08011f74       0x30 ./Core/Src/system_stm32l4xx.o
                0x08011f74                MSIRangeTable
 .rodata.ButtonGpioInit.3
                0x08011fa4        0x4 ./Drivers/BSP/STM32L4xx_Nucleo/stm32l4xx_nucleo.o
 .rodata.BUTTON_EXTI_LINE.2
                0x08011fa8        0x4 ./Drivers/BSP/STM32L4xx_Nucleo/stm32l4xx_nucleo.o
 .rodata.ButtonCallback.1
                0x08011fac        0x4 ./Drivers/BSP/STM32L4xx_Nucleo/stm32l4xx_nucleo.o
 .rodata.BSP_BUTTON_PRIO.0
                0x08011fb0        0x4 ./Drivers/BSP/STM32L4xx_Nucleo/stm32l4xx_nucleo.o
 .rodata.rfalAnalogConfigCustomSettings
                0x08011fb4      0x2c3 ./X-CUBE-NFC6/Target/analogConfigTbl_NFC08A1.o
                0x08011fb4                rfalAnalogConfigCustomSettings
 *fill*         0x08012277        0x1 
 .rodata.rfalAnalogConfigCustomSettingsLength
                0x08012278        0x2 ./X-CUBE-NFC6/Target/analogConfigTbl_NFC08A1.o
                0x08012278                rfalAnalogConfigCustomSettingsLength
 *fill*         0x0801227a        0x2 
 .rodata.ndef_uri
                0x0801227c       0x17 ./X-CUBE-NFC6/Target/demo_ce.o
 .rodata._svfprintf_r.str1.1
                0x08012293       0x11 E:/STM32CubeIDE_1.13.2/STM32CubeIDE/plugins/com.st.stm32cube.ide.mcu.externaltools.gnu-tools-for-stm32.12.3.rel1.win32_1.0.100.202403111256/tools/bin/../lib/gcc/arm-none-eabi/12.3.1/../../../../arm-none-eabi/lib/thumb/v7e-m+fp/hard\libc_nano.a(libc_a-nano-svfprintf.o)
 .rodata._printf_i.str1.1
                0x080122a4       0x22 E:/STM32CubeIDE_1.13.2/STM32CubeIDE/plugins/com.st.stm32cube.ide.mcu.externaltools.gnu-tools-for-stm32.12.3.rel1.win32_1.0.100.202403111256/tools/bin/../lib/gcc/arm-none-eabi/12.3.1/../../../../arm-none-eabi/lib/thumb/v7e-m+fp/hard\libc_nano.a(libc_a-nano-vfprintf_i.o)
                0x080122c8                        . = ALIGN (0x4)
 *fill*         0x080122c6        0x2 

.ARM.extab      0x080122c8        0x0
                0x080122c8                        . = ALIGN (0x4)
 *(.ARM.extab* .gnu.linkonce.armextab.*)
                0x080122c8                        . = ALIGN (0x4)

.ARM            0x080122c8        0x8
                0x080122c8                        . = ALIGN (0x4)
                0x080122c8                        __exidx_start = .
 *(.ARM.exidx*)
 .ARM.exidx     0x080122c8        0x8 E:/STM32CubeIDE_1.13.2/STM32CubeIDE/plugins/com.st.stm32cube.ide.mcu.externaltools.gnu-tools-for-stm32.12.3.rel1.win32_1.0.100.202403111256/tools/bin/../lib/gcc/arm-none-eabi/12.3.1/../../../../arm-none-eabi/lib/thumb/v7e-m+fp/hard\libc_nano.a(libc_a-strlen.o)
 .ARM.exidx     0x080122d0        0x0 E:/STM32CubeIDE_1.13.2/STM32CubeIDE/plugins/com.st.stm32cube.ide.mcu.externaltools.gnu-tools-for-stm32.12.3.rel1.win32_1.0.100.202403111256/tools/bin/../lib/gcc/arm-none-eabi/12.3.1/../../../../arm-none-eabi/lib/thumb/v7e-m+fp/hard\libc_nano.a(libc_a-memchr.o)
                                  0x8 (size before relaxing)
 .ARM.exidx     0x080122d0        0x0 E:/STM32CubeIDE_1.13.2/STM32CubeIDE/plugins/com.st.stm32cube.ide.mcu.externaltools.gnu-tools-for-stm32.12.3.rel1.win32_1.0.100.202403111256/tools/bin/../lib/gcc/arm-none-eabi/12.3.1/thumb/v7e-m+fp/hard\libgcc.a(_udivmoddi4.o)
                                  0x8 (size before relaxing)
                0x080122d0                        __exidx_end = .
                0x080122d0                        . = ALIGN (0x4)

.preinit_array  0x080122d0        0x0
                0x080122d0                        . = ALIGN (0x4)
                0x080122d0                        PROVIDE (__preinit_array_start = .)
 *(.preinit_array*)
                0x080122d0                        PROVIDE (__preinit_array_end = .)
                0x080122d0                        . = ALIGN (0x4)

.init_array     0x080122d0        0x4
                0x080122d0                        . = ALIGN (0x4)
                0x080122d0                        PROVIDE (__init_array_start = .)
 *(SORT_BY_NAME(.init_array.*))
 *(.init_array*)
 .init_array    0x080122d0        0x4 E:/STM32CubeIDE_1.13.2/STM32CubeIDE/plugins/com.st.stm32cube.ide.mcu.externaltools.gnu-tools-for-stm32.12.3.rel1.win32_1.0.100.202403111256/tools/bin/../lib/gcc/arm-none-eabi/12.3.1/thumb/v7e-m+fp/hard/crtbegin.o
                0x080122d4                        PROVIDE (__init_array_end = .)
                0x080122d4                        . = ALIGN (0x4)

.fini_array     0x080122d4        0x4
                0x080122d4                        . = ALIGN (0x4)
                [!provide]                        PROVIDE (__fini_array_start = .)
 *(SORT_BY_NAME(.fini_array.*))
 *(.fini_array*)
 .fini_array    0x080122d4        0x4 E:/STM32CubeIDE_1.13.2/STM32CubeIDE/plugins/com.st.stm32cube.ide.mcu.externaltools.gnu-tools-for-stm32.12.3.rel1.win32_1.0.100.202403111256/tools/bin/../lib/gcc/arm-none-eabi/12.3.1/thumb/v7e-m+fp/hard/crtbegin.o
                [!provide]                        PROVIDE (__fini_array_end = .)
                0x080122d8                        . = ALIGN (0x4)
                0x080122d8                        _sidata = LOADADDR (.data)

.rel.dyn        0x080122d8        0x0
 .rel.iplt      0x080122d8        0x0 E:/STM32CubeIDE_1.13.2/STM32CubeIDE/plugins/com.st.stm32cube.ide.mcu.externaltools.gnu-tools-for-stm32.12.3.rel1.win32_1.0.100.202403111256/tools/bin/../lib/gcc/arm-none-eabi/12.3.1/thumb/v7e-m+fp/hard/crtbegin.o

.data           0x20000000      0x10c load address 0x080122d8
                0x20000000                        . = ALIGN (0x4)
                0x20000000                        _sdata = .
 *(.data)
 *(.data*)
 .data.SystemCoreClock
                0x20000000        0x4 ./Core/Src/system_stm32l4xx.o
                0x20000000                SystemCoreClock
 .data.hpb_exti
                0x20000004        0x8 ./Drivers/BSP/STM32L4xx_Nucleo/stm32l4xx_nucleo.o
                0x20000004                hpb_exti
 .data.COM_USART
                0x2000000c        0x4 ./Drivers/BSP/STM32L4xx_Nucleo/stm32l4xx_nucleo.o
                0x2000000c                COM_USART
 .data.uwTickPrio
                0x20000010        0x4 ./Drivers/STM32L4xx_HAL_Driver/Src/stm32l4xx_hal.o
                0x20000010                uwTickPrio
 .data.uwTickFreq
                0x20000014        0x1 ./Drivers/STM32L4xx_HAL_Driver/Src/stm32l4xx_hal.o
                0x20000014                uwTickFreq
 *fill*         0x20000015        0x3 
 .data.auxConfig.0
                0x20000018        0x4 ./Middlewares/ST/rfal/Src/rfal_iso15693_2.o
 .data.nSelectedIdx
                0x2000001c        0x4 ./X-CUBE-NFC6/Target/demo_ce.o
 .data.nFiles   0x20000020        0x4 ./X-CUBE-NFC6/Target/demo_ce.o
 .data.ccfile   0x20000024        0xf ./X-CUBE-NFC6/Target/demo_ce.o
 *fill*         0x20000033        0x1 
 .data.pdwFileSize
                0x20000034        0x8 ./X-CUBE-NFC6/Target/demo_ce.o
 .data.demoNdefFile
                0x2000003c        0x4 ./X-CUBE-NFC6/Target/demo_ce.o
                0x2000003c                demoNdefFile
 .data.demoNdefFileLen
                0x20000040        0x4 ./X-CUBE-NFC6/Target/demo_ce.o
                0x20000040                demoNdefFileLen
 .data.InformationBlock
                0x20000044       0x10 ./X-CUBE-NFC6/Target/demo_ce.o
 .data.NFCID3   0x20000054        0xa ./X-CUBE-NFC6/Target/demo_polling.o
 *fill*         0x2000005e        0x2 
 .data.GB       0x20000060       0x14 ./X-CUBE-NFC6/Target/demo_polling.o
 .data.ndefInit
                0x20000074       0x1a ./X-CUBE-NFC6/Target/demo_polling.o
 *fill*         0x2000008e        0x2 
 .data.ceNFCA_NFCID
                0x20000090        0x4 ./X-CUBE-NFC6/Target/demo_polling.o
 .data.ceNFCA_SENS_RES
                0x20000094        0x2 ./X-CUBE-NFC6/Target/demo_polling.o
 .data.ceNFCA_SEL_RES
                0x20000096        0x1 ./X-CUBE-NFC6/Target/demo_polling.o
 *fill*         0x20000097        0x1 
 .data.ceNFCF_nfcid2
                0x20000098        0x8 ./X-CUBE-NFC6/Target/demo_polling.o
 .data.ceNFCF_SC
                0x200000a0        0x2 ./X-CUBE-NFC6/Target/demo_polling.o
 *fill*         0x200000a2        0x2 
 .data.ceNFCF_SENSF_RES
                0x200000a4       0x13 ./X-CUBE-NFC6/Target/demo_polling.o
 *fill*         0x200000b7        0x1 
 .data.pLogUsart
                0x200000b8        0x4 ./X-CUBE-NFC6/Target/logger.o
                0x200000b8                pLogUsart
 .data._impure_ptr
                0x200000bc        0x4 E:/STM32CubeIDE_1.13.2/STM32CubeIDE/plugins/com.st.stm32cube.ide.mcu.externaltools.gnu-tools-for-stm32.12.3.rel1.win32_1.0.100.202403111256/tools/bin/../lib/gcc/arm-none-eabi/12.3.1/../../../../arm-none-eabi/lib/thumb/v7e-m+fp/hard\libc_nano.a(libc_a-impure.o)
                0x200000bc                _impure_ptr
 .data._impure_data
                0x200000c0       0x4c E:/STM32CubeIDE_1.13.2/STM32CubeIDE/plugins/com.st.stm32cube.ide.mcu.externaltools.gnu-tools-for-stm32.12.3.rel1.win32_1.0.100.202403111256/tools/bin/../lib/gcc/arm-none-eabi/12.3.1/../../../../arm-none-eabi/lib/thumb/v7e-m+fp/hard\libc_nano.a(libc_a-impure.o)
                0x200000c0                _impure_data
 *(.RamFunc)
 *(.RamFunc*)
                0x2000010c                        . = ALIGN (0x4)
                0x2000010c                        _edata = .

.igot.plt       0x2000010c        0x0 load address 0x080123e4
 .igot.plt      0x2000010c        0x0 E:/STM32CubeIDE_1.13.2/STM32CubeIDE/plugins/com.st.stm32cube.ide.mcu.externaltools.gnu-tools-for-stm32.12.3.rel1.win32_1.0.100.202403111256/tools/bin/../lib/gcc/arm-none-eabi/12.3.1/thumb/v7e-m+fp/hard/crtbegin.o
                0x2000010c                        . = ALIGN (0x4)

.bss            0x2000010c     0x1360 load address 0x080123e4
                0x2000010c                        _sbss = .
                0x2000010c                        __bss_start__ = _sbss
 *(.bss)
 .bss           0x2000010c       0x1c E:/STM32CubeIDE_1.13.2/STM32CubeIDE/plugins/com.st.stm32cube.ide.mcu.externaltools.gnu-tools-for-stm32.12.3.rel1.win32_1.0.100.202403111256/tools/bin/../lib/gcc/arm-none-eabi/12.3.1/thumb/v7e-m+fp/hard/crtbegin.o
 *(.bss*)
 .bss.hcan1     0x20000128       0x28 ./Core/Src/main.o
                0x20000128                hcan1
 .bss.htim2     0x20000150       0x4c ./Core/Src/main.o
                0x20000150                htim2
 .bss.htim3     0x2000019c       0x4c ./Core/Src/main.o
                0x2000019c                htim3
 .bss.htim4     0x200001e8       0x4c ./Core/Src/main.o
                0x200001e8                htim4
 .bss.TxHeader  0x20000234       0x18 ./Core/Src/main.o
                0x20000234                TxHeader
 .bss.RxHeader  0x2000024c       0x1c ./Core/Src/main.o
                0x2000024c                RxHeader
 .bss.TxMailbox
                0x20000268        0x4 ./Core/Src/main.o
                0x20000268                TxMailbox
 .bss.total_CAN_Rx
                0x2000026c        0x4 ./Core/Src/main.o
                0x2000026c                total_CAN_Rx
 .bss.timerEN   0x20000270        0x1 ./Core/Src/main.o
                0x20000270                timerEN
 *fill*         0x20000271        0x3 
 .bss.Ring_FNFC
                0x20000274       0x14 ./Core/Src/main.o
                0x20000274                Ring_FNFC
 .bss.hspi1     0x20000288       0x64 ./Core/Src/stm32l4xx_nucleo_bus.o
                0x20000288                hspi1
 .bss.SPI1InitCounter
                0x200002ec        0x4 ./Core/Src/stm32l4xx_nucleo_bus.o
 .bss.__sbrk_heap_end
                0x200002f0        0x4 ./Core/Src/sysmem.o
 .bss.gRFAL     0x200002f4      0x2ac ./Drivers/BSP/Components/ST25R3916/rfal_rfst25r3916.o
 .bss.gST25R3916NRT_64fcs
                0x200005a0        0x4 ./Drivers/BSP/Components/ST25R3916/st25r3916.o
 .bss.st25r3916interrupt
                0x200005a4       0x10 ./Drivers/BSP/Components/ST25R3916/st25r3916_irq.o
 .bss.hcom_uart
                0x200005b4       0x88 ./Drivers/BSP/STM32L4xx_Nucleo/stm32l4xx_nucleo.o
                0x200005b4                hcom_uart
 .bss.uwTick    0x2000063c        0x4 ./Drivers/STM32L4xx_HAL_Driver/Src/stm32l4xx_hal.o
                0x2000063c                uwTick
 .bss.gRfalAnalogConfigMgmt
                0x20000640        0x8 ./Middlewares/ST/rfal/Src/rfal_analogConfig.o
 .bss.gIso15693PhyConfig
                0x20000648        0x8 ./Middlewares/ST/rfal/Src/rfal_iso15693_2.o
 .bss.gNfcDev   0x20000650      0x84c ./Middlewares/ST/rfal/Src/rfal_nfc.o
 .bss.devCnt.0  0x20000e9c        0x1 ./Middlewares/ST/rfal/Src/rfal_nfc.o
 *fill*         0x20000e9d        0x3 
 .bss.gNfcip    0x20000ea0       0xb0 ./Middlewares/ST/rfal/Src/rfal_nfcDep.o
 .bss.globalCommProtectCnt
                0x20000f50        0x1 ./X-CUBE-NFC6/App/app_x-cube-nfcx.o
                0x20000f50                globalCommProtectCnt
 *fill*         0x20000f51        0x3 
 .bss.gNfcfNfcid
                0x20000f54        0x8 ./X-CUBE-NFC6/Target/demo_ce.o
 .bss.ndefFile  0x20000f5c      0x100 ./X-CUBE-NFC6/Target/demo_ce.o
 .bss.nState    0x2000105c        0x1 ./X-CUBE-NFC6/Target/demo_ce.o
 *fill*         0x2000105d        0x3 
 .bss.discParam
                0x20001060       0xb0 ./X-CUBE-NFC6/Target/demo_polling.o
 .bss.state     0x20001110        0x1 ./X-CUBE-NFC6/Target/demo_polling.o
 .bss.multiSel  0x20001111        0x1 ./X-CUBE-NFC6/Target/demo_polling.o
 *fill*         0x20001112        0x2 
 .bss.nfcDevice.0
                0x20001114        0x4 ./X-CUBE-NFC6/Target/demo_polling.o
 .bss.hexStr    0x20001118      0x200 ./X-CUBE-NFC6/Target/logger.o
                0x20001118                hexStr
 .bss.hexStrIdx
                0x20001318        0x1 ./X-CUBE-NFC6/Target/logger.o
                0x20001318                hexStrIdx
 *fill*         0x20001319        0x3 
 .bss.H_EXTI_0  0x2000131c        0x8 ./X-CUBE-NFC6/Target/nfc_conf.o
                0x2000131c                H_EXTI_0
 .bss.__malloc_sbrk_start
                0x20001324        0x4 E:/STM32CubeIDE_1.13.2/STM32CubeIDE/plugins/com.st.stm32cube.ide.mcu.externaltools.gnu-tools-for-stm32.12.3.rel1.win32_1.0.100.202403111256/tools/bin/../lib/gcc/arm-none-eabi/12.3.1/../../../../arm-none-eabi/lib/thumb/v7e-m+fp/hard\libc_nano.a(libc_a-mallocr.o)
                0x20001324                __malloc_sbrk_start
 .bss.__malloc_free_list
                0x20001328        0x4 E:/STM32CubeIDE_1.13.2/STM32CubeIDE/plugins/com.st.stm32cube.ide.mcu.externaltools.gnu-tools-for-stm32.12.3.rel1.win32_1.0.100.202403111256/tools/bin/../lib/gcc/arm-none-eabi/12.3.1/../../../../arm-none-eabi/lib/thumb/v7e-m+fp/hard\libc_nano.a(libc_a-mallocr.o)
                0x20001328                __malloc_free_list
 .bss.__sf      0x2000132c      0x138 E:/STM32CubeIDE_1.13.2/STM32CubeIDE/plugins/com.st.stm32cube.ide.mcu.externaltools.gnu-tools-for-stm32.12.3.rel1.win32_1.0.100.202403111256/tools/bin/../lib/gcc/arm-none-eabi/12.3.1/../../../../arm-none-eabi/lib/thumb/v7e-m+fp/hard\libc_nano.a(libc_a-findfp.o)
                0x2000132c                __sf
 .bss.errno     0x20001464        0x4 E:/STM32CubeIDE_1.13.2/STM32CubeIDE/plugins/com.st.stm32cube.ide.mcu.externaltools.gnu-tools-for-stm32.12.3.rel1.win32_1.0.100.202403111256/tools/bin/../lib/gcc/arm-none-eabi/12.3.1/../../../../arm-none-eabi/lib/thumb/v7e-m+fp/hard\libc_nano.a(libc_a-reent.o)
                0x20001464                errno
 .bss.__lock___malloc_recursive_mutex
                0x20001468        0x1 E:/STM32CubeIDE_1.13.2/STM32CubeIDE/plugins/com.st.stm32cube.ide.mcu.externaltools.gnu-tools-for-stm32.12.3.rel1.win32_1.0.100.202403111256/tools/bin/../lib/gcc/arm-none-eabi/12.3.1/../../../../arm-none-eabi/lib/thumb/v7e-m+fp/hard\libc_nano.a(libc_a-lock.o)
                0x20001468                __lock___malloc_recursive_mutex
 *(COMMON)
                0x2000146c                        . = ALIGN (0x4)
 *fill*         0x20001469        0x3 
                0x2000146c                        _ebss = .
                0x2000146c                        __bss_end__ = _ebss

._user_heap_stack
                0x2000146c      0xa04 load address 0x080123e4
                0x20001470                        . = ALIGN (0x8)
 *fill*         0x2000146c        0x4 
                [!provide]                        PROVIDE (end = .)
                0x20001470                        PROVIDE (_end = .)
                0x20001670                        . = (. + _Min_Heap_Size)
 *fill*         0x20001470      0x200 
                0x20001e70                        . = (. + _Min_Stack_Size)
 *fill*         0x20001670      0x800 