../Middlewares/ST/rfal/Src/rfal_nfcDep.c:473:13:nfcipDxIsSupported	24	static
../Middlewares/ST/rfal/Src/rfal_nfcDep.c:496:19:nfcipTxRx	40	static
../Middlewares/ST/rfal/Src/rfal_nfcDep.c:535:19:nfcipDEPControlMsg	56	static
../Middlewares/ST/rfal/Src/rfal_nfcDep.c:559:13:nfcipClearCounters	4	static
../Middlewares/ST/rfal/Src/rfal_nfcDep.c:569:19:nfcipInitiatorHandleDEP	32	static
../Middlewares/ST/rfal/Src/rfal_nfcDep.c:948:19:nfcipTargetHandleRX	56	static
../Middlewares/ST/rfal/Src/rfal_nfcDep.c:1359:19:nfcipTx	40	static
../Middlewares/ST/rfal/Src/rfal_nfcDep.c:1529:13:nfcipConfig	16	static
../Middlewares/ST/rfal/Src/rfal_nfcDep.c:1547:19:nfcipRun	40	static
../Middlewares/ST/rfal/Src/rfal_nfcDep.c:1689:6:rfalNfcDepSetDeactivatingCallback	16	static
../Middlewares/ST/rfal/Src/rfal_nfcDep.c:1696:6:rfalNfcDepInitialize	8	static
../Middlewares/ST/rfal/Src/rfal_nfcDep.c:1742:13:nfcipSetDEPParams	16	static
../Middlewares/ST/rfal/Src/rfal_nfcDep.c:1797:6:rfalNfcDepTargetRcvdATR	4	static
../Middlewares/ST/rfal/Src/rfal_nfcDep.c:1804:6:rfalNfcDepIsAtrReq	32	static
../Middlewares/ST/rfal/Src/rfal_nfcDep.c:1836:19:nfcipTargetHandleActivation	40	static
../Middlewares/ST/rfal/Src/rfal_nfcDep.c:1966:12:rfalNfcDepATR	264	static
../Middlewares/ST/rfal/Src/rfal_nfcDep.c:2052:12:rfalNfcDepPSL	56	static
../Middlewares/ST/rfal/Src/rfal_nfcDep.c:2102:12:rfalNfcDepDSL	48	static
../Middlewares/ST/rfal/Src/rfal_nfcDep.c:2149:12:rfalNfcDepRLS	48	static
../Middlewares/ST/rfal/Src/rfal_nfcDep.c:2196:12:rfalNfcDepInitiatorHandleActivation	32	static
../Middlewares/ST/rfal/Src/rfal_nfcDep.c:2341:10:rfalNfcDepCalculateRWT	24	static
../Middlewares/ST/rfal/Src/rfal_nfcDep.c:2353:19:nfcipDataTx	48	static
../Middlewares/ST/rfal/Src/rfal_nfcDep.c:2360:19:nfcipDataRx	24	static
../Middlewares/ST/rfal/Src/rfal_nfcDep.c:2397:12:rfalNfcDepListenStartActivation	120	static
../Middlewares/ST/rfal/Src/rfal_nfcDep.c:2488:12:rfalNfcDepListenGetActivationStatus	32	static
../Middlewares/ST/rfal/Src/rfal_nfcDep.c:2533:12:rfalNfcDepStartTransceive	48	static
../Middlewares/ST/rfal/Src/rfal_nfcDep.c:2559:12:rfalNfcDepGetTransceiveStatus	8	static
../Middlewares/ST/rfal/Src/rfal_nfcDep.c:2579:14:rfalNfcDepPdu2BLockParam	16	static
../Middlewares/ST/rfal/Src/rfal_nfcDep.c:2615:12:rfalNfcDepStartPduTransceive	80	static
../Middlewares/ST/rfal/Src/rfal_nfcDep.c:2632:12:rfalNfcDepGetPduTransceiveStatus	88	static
