../Drivers/CMSIS/Include/core_cm4.h:1679:22:__NVIC_EnableIRQ	16	static,ignoring_inline_asm
../Drivers/CMSIS/Include/core_cm4.h:1717:22:__NVIC_DisableIRQ	16	static,ignoring_inline_asm
../Drivers/BSP/Components/ST25R3916/st25r3916_com.c:166:13:st25r3916comStart	8	static,ignoring_inline_asm
../Drivers/BSP/Components/ST25R3916/st25r3916_com.c:189:13:st25r3916comStop	8	static
../Drivers/BSP/Components/ST25R3916/st25r3916_com.c:215:13:st25r3916comTx	16	static
../Drivers/BSP/Components/ST25R3916/st25r3916_com.c:250:13:st25r3916comRx	16	static
../Drivers/BSP/Components/ST25R3916/st25r3916_com.c:275:13:st25r3916comTxByte	24	static
../Drivers/BSP/Components/ST25R3916/st25r3916_com.c:288:12:st25r3916ReadRegister	16	static
../Drivers/BSP/Components/ST25R3916/st25r3916_com.c:295:12:st25r3916ReadMultipleRegisters	16	static
../Drivers/BSP/Components/ST25R3916/st25r3916_com.c:318:12:st25r3916WriteRegister	24	static
../Drivers/BSP/Components/ST25R3916/st25r3916_com.c:326:12:st25r3916WriteMultipleRegisters	16	static
../Drivers/BSP/Components/ST25R3916/st25r3916_com.c:350:12:st25r3916WriteFifo	16	static
../Drivers/BSP/Components/ST25R3916/st25r3916_com.c:370:12:st25r3916ReadFifo	16	static
../Drivers/BSP/Components/ST25R3916/st25r3916_com.c:387:12:st25r3916WritePTMem	16	static
../Drivers/BSP/Components/ST25R3916/st25r3916_com.c:407:12:st25r3916ReadPTMem	72	static
../Drivers/BSP/Components/ST25R3916/st25r3916_com.c:434:12:st25r3916WritePTMemF	16	static
../Drivers/BSP/Components/ST25R3916/st25r3916_com.c:454:12:st25r3916WritePTMemTSN	16	static
../Drivers/BSP/Components/ST25R3916/st25r3916_com.c:474:12:st25r3916ExecuteCommand	16	static
../Drivers/BSP/Components/ST25R3916/st25r3916_com.c:488:12:st25r3916ReadTestRegister	16	static
../Drivers/BSP/Components/ST25R3916/st25r3916_com.c:502:12:st25r3916WriteTestRegister	24	static
../Drivers/BSP/Components/ST25R3916/st25r3916_com.c:517:12:st25r3916ClrRegisterBits	24	static
../Drivers/BSP/Components/ST25R3916/st25r3916_com.c:537:12:st25r3916SetRegisterBits	24	static
../Drivers/BSP/Components/ST25R3916/st25r3916_com.c:557:12:st25r3916ChangeRegisterBits	16	static
../Drivers/BSP/Components/ST25R3916/st25r3916_com.c:564:12:st25r3916ModifyRegister	24	static
../Drivers/BSP/Components/ST25R3916/st25r3916_com.c:589:12:st25r3916ChangeTestRegisterBits	24	static
../Drivers/BSP/Components/ST25R3916/st25r3916_com.c:614:6:st25r3916CheckReg	24	static
../Drivers/BSP/Components/ST25R3916/st25r3916_com.c:626:6:st25r3916IsRegValid	16	static
