../Drivers/BSP/Components/ST25R3916/rfal_rfst25r3916.c:1760:13:rfalCleanupTransceive	8	static
../Drivers/BSP/Components/ST25R3916/rfal_rfst25r3916.c:1800:13:rfalPrepareTransceive	16	static
../Drivers/BSP/Components/ST25R3916/rfal_rfst25r3916.c:2786:13:rfalFIFOStatusUpdate	0	static
../Drivers/BSP/Components/ST25R3916/rfal_rfst25r3916.c:2803:17:rfalFIFOStatusGetNumBytes	8	static
../Drivers/BSP/Components/ST25R3916/rfal_rfst25r3916.c:1663:13:rfalErrorHandling	16	static
../Drivers/BSP/Components/ST25R3916/rfal_rfst25r3916.c:582:12:rfalCalibrate	16	static
../Drivers/BSP/Components/ST25R3916/rfal_rfst25r3916.c:489:12:rfalInitialize	8	static
../Drivers/BSP/Components/ST25R3916/rfal_rfst25r3916.c:608:12:rfalAdjustRegulators	0	static
../Drivers/BSP/Components/ST25R3916/rfal_rfst25r3916.c:615:6:rfalSetUpperLayerCallback	0	static
../Drivers/BSP/Components/ST25R3916/rfal_rfst25r3916.c:622:6:rfalSetPreTxRxCallback	0	static
../Drivers/BSP/Components/ST25R3916/rfal_rfst25r3916.c:629:6:rfalSetSyncTxRxCallback	0	static
../Drivers/BSP/Components/ST25R3916/rfal_rfst25r3916.c:636:6:rfalSetPostTxRxCallback	0	static
../Drivers/BSP/Components/ST25R3916/rfal_rfst25r3916.c:643:12:rfalDeinitialize	8	static
../Drivers/BSP/Components/ST25R3916/rfal_rfst25r3916.c:657:6:rfalSetObsvMode	0	static
../Drivers/BSP/Components/ST25R3916/rfal_rfst25r3916.c:665:6:rfalGetObsvMode	0	static
../Drivers/BSP/Components/ST25R3916/rfal_rfst25r3916.c:680:6:rfalDisableObsvMode	0	static
../Drivers/BSP/Components/ST25R3916/rfal_rfst25r3916.c:935:10:rfalGetMode	0	static
../Drivers/BSP/Components/ST25R3916/rfal_rfst25r3916.c:942:12:rfalSetBitRate	8	static
../Drivers/BSP/Components/ST25R3916/rfal_rfst25r3916.c:688:12:rfalSetMode	24	static
../Drivers/BSP/Components/ST25R3916/rfal_rfst25r3916.c:1098:12:rfalGetBitRate	0	static
../Drivers/BSP/Components/ST25R3916/rfal_rfst25r3916.c:1120:6:rfalSetErrorHandling	8	static
../Drivers/BSP/Components/ST25R3916/rfal_rfst25r3916.c:1146:15:rfalGetErrorHandling	0	static
../Drivers/BSP/Components/ST25R3916/rfal_rfst25r3916.c:1153:6:rfalSetFDTPoll	0	static
../Drivers/BSP/Components/ST25R3916/rfal_rfst25r3916.c:1160:10:rfalGetFDTPoll	0	static
../Drivers/BSP/Components/ST25R3916/rfal_rfst25r3916.c:1167:6:rfalSetFDTListen	0	static
../Drivers/BSP/Components/ST25R3916/rfal_rfst25r3916.c:1174:10:rfalGetFDTListen	0	static
../Drivers/BSP/Components/ST25R3916/rfal_rfst25r3916.c:1181:6:rfalSetGT	0	static
../Drivers/BSP/Components/ST25R3916/rfal_rfst25r3916.c:1188:10:rfalGetGT	0	static
../Drivers/BSP/Components/ST25R3916/rfal_rfst25r3916.c:1195:6:rfalIsGTExpired	0	static
../Drivers/BSP/Components/ST25R3916/rfal_rfst25r3916.c:1209:12:rfalFieldOnAndStartGT	16	static
../Drivers/BSP/Components/ST25R3916/rfal_rfst25r3916.c:1269:12:rfalFieldOff	8	static
../Drivers/BSP/Components/ST25R3916/rfal_rfst25r3916.c:1289:12:rfalStartTransceive	16	static
../Drivers/BSP/Components/ST25R3916/rfal_rfst25r3916.c:1454:6:rfalIsTransceiveInTx	0	static
../Drivers/BSP/Components/ST25R3916/rfal_rfst25r3916.c:1461:6:rfalIsTransceiveInRx	0	static
../Drivers/BSP/Components/ST25R3916/rfal_rfst25r3916.c:1567:21:rfalGetTransceiveState	0	static
../Drivers/BSP/Components/ST25R3916/rfal_rfst25r3916.c:1574:12:rfalGetTransceiveStatus	0	static
../Drivers/BSP/Components/ST25R3916/rfal_rfst25r3916.c:1581:12:rfalGetTransceiveRSSI	16	static
../Drivers/BSP/Components/ST25R3916/rfal_rfst25r3916.c:1620:6:rfalIsTransceiveSubcDetected	0	static
../Drivers/BSP/Components/ST25R3916/rfal_rfst25r3916.c:3333:6:rfalIsExtFieldOn	0	static
../Drivers/BSP/Components/ST25R3916/rfal_rfst25r3916.c:3925:12:rfalListenStop	8	static
../Drivers/BSP/Components/ST25R3916/rfal_rfst25r3916.c:3961:12:rfalListenSleepStart	24	static
../Drivers/BSP/Components/ST25R3916/rfal_rfst25r3916.c:4054:13:rfalListenGetState	0	static
../Drivers/BSP/Components/ST25R3916/rfal_rfst25r3916.c:4074:12:rfalListenSetState	16	static
../Drivers/BSP/Components/ST25R3916/rfal_rfst25r3916.c:3341:12:rfalListenStart	56	static
../Drivers/BSP/Components/ST25R3916/rfal_rfst25r3916.c:1627:6:rfalWorker	32	static
../Drivers/BSP/Components/ST25R3916/rfal_rfst25r3916.c:1468:12:rfalTransceiveBlockingTx	40	static
../Drivers/BSP/Components/ST25R3916/rfal_rfst25r3916.c:1500:12:rfalTransceiveBlockingRx	8	static
../Drivers/BSP/Components/ST25R3916/rfal_rfst25r3916.c:1515:12:rfalTransceiveBlockingTxRx	32	static
../Drivers/BSP/Components/ST25R3916/rfal_rfst25r3916.c:4974:12:rfalChipWriteReg	16	static
../Drivers/BSP/Components/ST25R3916/rfal_rfst25r3916.c:4986:12:rfalChipReadReg	16	static
../Drivers/BSP/Components/ST25R3916/rfal_rfst25r3916.c:4998:12:rfalChipExecCmd	8	static
../Drivers/BSP/Components/ST25R3916/rfal_rfst25r3916.c:5010:12:rfalChipWriteTestReg	0	static
../Drivers/BSP/Components/ST25R3916/rfal_rfst25r3916.c:5017:12:rfalChipReadTestReg	0	static
../Drivers/BSP/Components/ST25R3916/rfal_rfst25r3916.c:5024:12:rfalChipChangeRegBits	16	static
../Drivers/BSP/Components/ST25R3916/rfal_rfst25r3916.c:5036:12:rfalChipChangeTestRegBits	8	static
../Drivers/BSP/Components/ST25R3916/rfal_rfst25r3916.c:5044:12:rfalChipSetRFO	0	static
../Drivers/BSP/Components/ST25R3916/rfal_rfst25r3916.c:5051:12:rfalChipGetRFO	8	static
../Drivers/BSP/Components/ST25R3916/rfal_rfst25r3916.c:5064:12:rfalChipMeasureAmplitude	16	static
../Drivers/BSP/Components/ST25R3916/rfal_rfst25r3916.c:5105:12:rfalChipMeasurePhase	8	static
../Drivers/BSP/Components/ST25R3916/rfal_rfst25r3916.c:5114:12:rfalChipMeasureCapacitance	8	static
../Drivers/BSP/Components/ST25R3916/rfal_rfst25r3916.c:5123:12:rfalChipMeasurePowerSupply	8	static
../Drivers/BSP/Components/ST25R3916/rfal_rfst25r3916.c:5132:12:rfalChipMeasureIQ	0	static
../Drivers/BSP/Components/ST25R3916/rfal_rfst25r3916.c:5149:12:rfalChipMeasureCombinedIQ	0	static
../Drivers/BSP/Components/ST25R3916/rfal_rfst25r3916.c:5161:12:rfalChipSetAntennaMode	0	static
