../Drivers/BSP/Components/ST25R3916/st25r3916_com.c:215:13:st25r3916comTx.part.0	0	static
../Drivers/BSP/Components/ST25R3916/st25r3916_com.c:246:13:st25r3916comRx.part.0	16	static
../Drivers/BSP/Components/ST25R3916/st25r3916_com.c:166:13:st25r3916comStart	0	static,ignoring_inline_asm
../Drivers/BSP/Components/ST25R3916/st25r3916_com.c:189:13:st25r3916comStop	8	static,ignoring_inline_asm
../Drivers/BSP/Components/ST25R3916/st25r3916_com.c:291:12:st25r3916ReadMultipleRegisters.part.0	24	static
../Drivers/BSP/Components/ST25R3916/st25r3916_com.c:322:12:st25r3916WriteMultipleRegisters.part.0	24	static
../Drivers/BSP/Components/ST25R3916/st25r3916_com.c:284:12:st25r3916ReadRegister	8	static
../Drivers/BSP/Components/ST25R3916/st25r3916_com.c:291:12:st25r3916ReadMultipleRegisters	8	static
../Drivers/BSP/Components/ST25R3916/st25r3916_com.c:314:12:st25r3916WriteRegister	16	static
../Drivers/BSP/Components/ST25R3916/st25r3916_com.c:322:12:st25r3916WriteMultipleRegisters	8	static
../Drivers/BSP/Components/ST25R3916/st25r3916_com.c:346:12:st25r3916WriteFifo	24	static
../Drivers/BSP/Components/ST25R3916/st25r3916_com.c:366:12:st25r3916ReadFifo	24	static
../Drivers/BSP/Components/ST25R3916/st25r3916_com.c:383:12:st25r3916WritePTMem	24	static
../Drivers/BSP/Components/ST25R3916/st25r3916_com.c:403:12:st25r3916ReadPTMem	72	static
../Drivers/BSP/Components/ST25R3916/st25r3916_com.c:430:12:st25r3916WritePTMemF	24	static
../Drivers/BSP/Components/ST25R3916/st25r3916_com.c:450:12:st25r3916WritePTMemTSN	24	static
../Drivers/BSP/Components/ST25R3916/st25r3916_com.c:470:12:st25r3916ExecuteCommand	16	static
../Drivers/BSP/Components/ST25R3916/st25r3916_com.c:484:12:st25r3916ReadTestRegister	24	static
../Drivers/BSP/Components/ST25R3916/st25r3916_com.c:498:12:st25r3916WriteTestRegister	16	static
../Drivers/BSP/Components/ST25R3916/st25r3916_com.c:513:12:st25r3916ClrRegisterBits	24	static
../Drivers/BSP/Components/ST25R3916/st25r3916_com.c:533:12:st25r3916SetRegisterBits	24	static
../Drivers/BSP/Components/ST25R3916/st25r3916_com.c:560:12:st25r3916ModifyRegister	24	static
../Drivers/BSP/Components/ST25R3916/st25r3916_com.c:553:12:st25r3916ChangeRegisterBits	0	static
../Drivers/BSP/Components/ST25R3916/st25r3916_com.c:585:12:st25r3916ChangeTestRegisterBits	24	static
../Drivers/BSP/Components/ST25R3916/st25r3916_com.c:610:6:st25r3916CheckReg	24	static
../Drivers/BSP/Components/ST25R3916/st25r3916_com.c:622:6:st25r3916IsRegValid	0	static
