Archive member included to satisfy reference by file (symbol)

E:/STM32CubeIDE_1.13.2/STM32CubeIDE/plugins/com.st.stm32cube.ide.mcu.externaltools.gnu-tools-for-stm32.12.3.rel1.win32_1.0.100.202403111256/tools/bin/../lib/gcc/arm-none-eabi/12.3.1/../../../../arm-none-eabi/lib/thumb/v7e-m+fp/hard\libc_nano.a(libc_a-exit.o)
                              E:/STM32CubeIDE_1.13.2/STM32CubeIDE/plugins/com.st.stm32cube.ide.mcu.externaltools.gnu-tools-for-stm32.12.3.rel1.win32_1.0.100.202403111256/tools/bin/../lib/gcc/arm-none-eabi/12.3.1/../../../../arm-none-eabi/lib/thumb/v7e-m+fp/hard/crt0.o (exit)
E:/STM32CubeIDE_1.13.2/STM32CubeIDE/plugins/com.st.stm32cube.ide.mcu.externaltools.gnu-tools-for-stm32.12.3.rel1.win32_1.0.100.202403111256/tools/bin/../lib/gcc/arm-none-eabi/12.3.1/../../../../arm-none-eabi/lib/thumb/v7e-m+fp/hard\libc_nano.a(libc_a-malloc.o)
                              ./Core/Src/ring_buffer.o (malloc)
E:/STM32CubeIDE_1.13.2/STM32CubeIDE/plugins/com.st.stm32cube.ide.mcu.externaltools.gnu-tools-for-stm32.12.3.rel1.win32_1.0.100.202403111256/tools/bin/../lib/gcc/arm-none-eabi/12.3.1/../../../../arm-none-eabi/lib/thumb/v7e-m+fp/hard\libc_nano.a(libc_a-mallocr.o)
                              E:/STM32CubeIDE_1.13.2/STM32CubeIDE/plugins/com.st.stm32cube.ide.mcu.externaltools.gnu-tools-for-stm32.12.3.rel1.win32_1.0.100.202403111256/tools/bin/../lib/gcc/arm-none-eabi/12.3.1/../../../../arm-none-eabi/lib/thumb/v7e-m+fp/hard\libc_nano.a(libc_a-malloc.o) (_malloc_r)
E:/STM32CubeIDE_1.13.2/STM32CubeIDE/plugins/com.st.stm32cube.ide.mcu.externaltools.gnu-tools-for-stm32.12.3.rel1.win32_1.0.100.202403111256/tools/bin/../lib/gcc/arm-none-eabi/12.3.1/../../../../arm-none-eabi/lib/thumb/v7e-m+fp/hard\libc_nano.a(libc_a-mlock.o)
                              E:/STM32CubeIDE_1.13.2/STM32CubeIDE/plugins/com.st.stm32cube.ide.mcu.externaltools.gnu-tools-for-stm32.12.3.rel1.win32_1.0.100.202403111256/tools/bin/../lib/gcc/arm-none-eabi/12.3.1/../../../../arm-none-eabi/lib/thumb/v7e-m+fp/hard\libc_nano.a(libc_a-mallocr.o) (__malloc_lock)
E:/STM32CubeIDE_1.13.2/STM32CubeIDE/plugins/com.st.stm32cube.ide.mcu.externaltools.gnu-tools-for-stm32.12.3.rel1.win32_1.0.100.202403111256/tools/bin/../lib/gcc/arm-none-eabi/12.3.1/../../../../arm-none-eabi/lib/thumb/v7e-m+fp/hard\libc_nano.a(libc_a-findfp.o)
                              E:/STM32CubeIDE_1.13.2/STM32CubeIDE/plugins/com.st.stm32cube.ide.mcu.externaltools.gnu-tools-for-stm32.12.3.rel1.win32_1.0.100.202403111256/tools/bin/../lib/gcc/arm-none-eabi/12.3.1/../../../../arm-none-eabi/lib/thumb/v7e-m+fp/hard\libc_nano.a(libc_a-exit.o) (__stdio_exit_handler)
E:/STM32CubeIDE_1.13.2/STM32CubeIDE/plugins/com.st.stm32cube.ide.mcu.externaltools.gnu-tools-for-stm32.12.3.rel1.win32_1.0.100.202403111256/tools/bin/../lib/gcc/arm-none-eabi/12.3.1/../../../../arm-none-eabi/lib/thumb/v7e-m+fp/hard\libc_nano.a(libc_a-fwalk.o)
                              E:/STM32CubeIDE_1.13.2/STM32CubeIDE/plugins/com.st.stm32cube.ide.mcu.externaltools.gnu-tools-for-stm32.12.3.rel1.win32_1.0.100.202403111256/tools/bin/../lib/gcc/arm-none-eabi/12.3.1/../../../../arm-none-eabi/lib/thumb/v7e-m+fp/hard\libc_nano.a(libc_a-findfp.o) (_fwalk_sglue)
E:/STM32CubeIDE_1.13.2/STM32CubeIDE/plugins/com.st.stm32cube.ide.mcu.externaltools.gnu-tools-for-stm32.12.3.rel1.win32_1.0.100.202403111256/tools/bin/../lib/gcc/arm-none-eabi/12.3.1/../../../../arm-none-eabi/lib/thumb/v7e-m+fp/hard\libc_nano.a(libc_a-stdio.o)
                              E:/STM32CubeIDE_1.13.2/STM32CubeIDE/plugins/com.st.stm32cube.ide.mcu.externaltools.gnu-tools-for-stm32.12.3.rel1.win32_1.0.100.202403111256/tools/bin/../lib/gcc/arm-none-eabi/12.3.1/../../../../arm-none-eabi/lib/thumb/v7e-m+fp/hard\libc_nano.a(libc_a-findfp.o) (__sread)
E:/STM32CubeIDE_1.13.2/STM32CubeIDE/plugins/com.st.stm32cube.ide.mcu.externaltools.gnu-tools-for-stm32.12.3.rel1.win32_1.0.100.202403111256/tools/bin/../lib/gcc/arm-none-eabi/12.3.1/../../../../arm-none-eabi/lib/thumb/v7e-m+fp/hard\libc_nano.a(libc_a-vsnprintf.o)
                              ./X-CUBE-NFC6/Target/logger.o (vsnprintf)
E:/STM32CubeIDE_1.13.2/STM32CubeIDE/plugins/com.st.stm32cube.ide.mcu.externaltools.gnu-tools-for-stm32.12.3.rel1.win32_1.0.100.202403111256/tools/bin/../lib/gcc/arm-none-eabi/12.3.1/../../../../arm-none-eabi/lib/thumb/v7e-m+fp/hard\libc_nano.a(libc_a-memcmp.o)
                              ./X-CUBE-NFC6/Target/demo_ce.o (memcmp)
E:/STM32CubeIDE_1.13.2/STM32CubeIDE/plugins/com.st.stm32cube.ide.mcu.externaltools.gnu-tools-for-stm32.12.3.rel1.win32_1.0.100.202403111256/tools/bin/../lib/gcc/arm-none-eabi/12.3.1/../../../../arm-none-eabi/lib/thumb/v7e-m+fp/hard\libc_nano.a(libc_a-memmove.o)
                              ./Middlewares/ST/rfal/Src/rfal_nfcDep.o (memmove)
[...]
Memory Configuration

Name             Origin             Length             Attributes
RAM              0x20000000         0x00018000         xrw
RAM2             0x10000000         0x00008000         xrw
FLASH            0x08000000         0x00100000         xr
*default*        0x00000000         0xffffffff

Linker script and memory map

LOAD E:/STM32CubeIDE_1.13.2/STM32CubeIDE/plugins/com.st.stm32cube.ide.mcu.externaltools.gnu-tools-for-stm32.12.3.rel1.win32_1.0.100.202403111256/tools/bin/../lib/gcc/arm-none-eabi/12.3.1/thumb/v7e-m+fp/hard/crti.o
LOAD E:/STM32CubeIDE_1.13.2/STM32CubeIDE/plugins/com.st.stm32cube.ide.mcu.externaltools.gnu-tools-for-stm32.12.3.rel1.win32_1.0.100.202403111256/tools/bin/../lib/gcc/arm-none-eabi/12.3.1/thumb/v7e-m+fp/hard/crtbegin.o
LOAD E:/STM32CubeIDE_1.13.2/STM32CubeIDE/plugins/com.st.stm32cube.ide.mcu.externaltools.gnu-tools-for-stm32.12.3.rel1.win32_1.0.100.202403111256/tools/bin/../lib/gcc/arm-none-eabi/12.3.1/../../../../arm-none-eabi/lib/thumb/v7e-m+fp/hard/crt0.o
LOAD ./Core/Src/main.o
LOAD ./Core/Src/ring_buffer.o
LOAD ./Core/Src/stm32l4xx_hal_msp.o
LOAD ./Core/Src/stm32l4xx_it.o
LOAD ./Core/Src/stm32l4xx_nucleo_bus.o
LOAD ./Core/Src/syscalls.o
LOAD ./Core/Src/sysmem.o
LOAD ./Core/Src/system_stm32l4xx.o
LOAD ./Core/Startup/startup_stm32l476rgtx.o
LOAD ./Drivers/BSP/Components/ST25R3916/rfal_rfst25r3916.o
LOAD ./Drivers/BSP/Components/ST25R3916/st25r3916.o
LOAD ./Drivers/BSP/Components/ST25R3916/st25r3916_aat.o
LOAD ./Drivers/BSP/Components/ST25R3916/st25r3916_com.o
LOAD ./Drivers/BSP/Components/ST25R3916/st25r3916_irq.o
LOAD ./Drivers/BSP/Components/ST25R3916/st25r3916_led.o
LOAD ./Drivers/BSP/Components/ST25R3916/timer.o
LOAD ./Drivers/BSP/NFC08A1/nfc08a1.o
LOAD ./Drivers/BSP/STM32L4xx_Nucleo/stm32l4xx_nucleo.o
LOAD ./Drivers/STM32L4xx_HAL_Driver/Src/stm32l4xx_hal.o
LOAD ./Drivers/STM32L4xx_HAL_Driver/Src/stm32l4xx_hal_can.o
LOAD ./Drivers/STM32L4xx_HAL_Driver/Src/stm32l4xx_hal_cortex.o
LOAD ./Drivers/STM32L4xx_HAL_Driver/Src/stm32l4xx_hal_dma.o
LOAD ./Drivers/STM32L4xx_HAL_Driver/Src/stm32l4xx_hal_dma_ex.o
LOAD ./Drivers/STM32L4xx_HAL_Driver/Src/stm32l4xx_hal_exti.o
LOAD ./Drivers/STM32L4xx_HAL_Driver/Src/stm32l4xx_hal_flash.o
LOAD ./Drivers/STM32L4xx_HAL_Driver/Src/stm32l4xx_hal_flash_ex.o
LOAD ./Drivers/STM32L4xx_HAL_Driver/Src/stm32l4xx_hal_flash_ramfunc.o
LOAD ./Drivers/STM32L4xx_HAL_Driver/Src/stm32l4xx_hal_gpio.o
LOAD ./Drivers/STM32L4xx_HAL_Driver/Src/stm32l4xx_hal_i2c.o
LOAD ./Drivers/STM32L4xx_HAL_Driver/Src/stm32l4xx_hal_i2c_ex.o
LOAD ./Drivers/STM32L4xx_HAL_Driver/Src/stm32l4xx_hal_pwr.o
LOAD ./Drivers/STM32L4xx_HAL_Driver/Src/stm32l4xx_hal_pwr_ex.o
LOAD ./Drivers/STM32L4xx_HAL_Driver/Src/stm32l4xx_hal_rcc.o
LOAD ./Drivers/STM32L4xx_HAL_Driver/Src/stm32l4xx_hal_rcc_ex.o
LOAD ./Drivers/STM32L4xx_HAL_Driver/Src/stm32l4xx_hal_spi.o
LOAD ./Drivers/STM32L4xx_HAL_Driver/Src/stm32l4xx_hal_spi_ex.o
LOAD ./Drivers/STM32L4xx_HAL_Driver/Src/stm32l4xx_hal_tim.o
LOAD ./Drivers/STM32L4xx_HAL_Driver/Src/stm32l4xx_hal_tim_ex.o
LOAD ./Drivers/STM32L4xx_HAL_Driver/Src/stm32l4xx_hal_uart.o
LOAD ./Drivers/STM32L4xx_HAL_Driver/Src/stm32l4xx_hal_uart_ex.o
LOAD ./Middlewares/ST/rfal/Src/rfal_analogConfig.o
LOAD ./Middlewares/ST/rfal/Src/rfal_cd.o
LOAD ./Middlewares/ST/rfal/Src/rfal_crc.o
LOAD ./Middlewares/ST/rfal/Src/rfal_dpo.o
LOAD ./Middlewares/ST/rfal/Src/rfal_iso15693_2.o
LOAD ./Middlewares/ST/rfal/Src/rfal_isoDep.o
LOAD ./Middlewares/ST/rfal/Src/rfal_nfc.o
LOAD ./Middlewares/ST/rfal/Src/rfal_nfcDep.o
LOAD ./Middlewares/ST/rfal/Src/rfal_nfca.o
LOAD ./Middlewares/ST/rfal/Src/rfal_nfcb.o
LOAD ./Middlewares/ST/rfal/Src/rfal_nfcf.o
LOAD ./Middlewares/ST/rfal/Src/rfal_nfcv.o
LOAD ./Middlewares/ST/rfal/Src/rfal_st25tb.o
LOAD ./Middlewares/ST/rfal/Src/rfal_st25xv.o
LOAD ./Middlewares/ST/rfal/Src/rfal_t1t.o
LOAD ./Middlewares/ST/rfal/Src/rfal_t2t.o
LOAD ./Middlewares/ST/rfal/Src/rfal_t4t.o
LOAD ./X-CUBE-NFC6/App/app_x-cube-nfcx.o
LOAD ./X-CUBE-NFC6/Target/analogConfigTbl_NFC08A1.o
LOAD ./X-CUBE-NFC6/Target/demo_ce.o
LOAD ./X-CUBE-NFC6/Target/demo_polling.o
LOAD ./X-CUBE-NFC6/Target/logger.o
LOAD ./X-CUBE-NFC6/Target/nfc_conf.o
START GROUP
LOAD E:/STM32CubeIDE_1.13.2/STM32CubeIDE/plugins/com.st.stm32cube.ide.mcu.externaltools.gnu-tools-for-stm32.12.3.rel1.win32_1.0.100.202403111256/tools/bin/../lib/gcc/arm-none-eabi/12.3.1/../../../../arm-none-eabi/lib/thumb/v7e-m+fp/hard\libc_nano.a
LOAD E:/STM32CubeIDE_1.13.2/STM32CubeIDE/plugins/com.st.stm32cube.ide.mcu.externaltools.gnu-tools-for-stm32.12.3.rel1.win32_1.0.100.202403111256/tools/bin/../lib/gcc/arm-none-eabi/12.3.1/../../../../arm-none-eabi/lib/thumb/v7e-m+fp/hard\libm.a
END GROUP
START GROUP
LOAD E:/STM32CubeIDE_1.13.2/STM32CubeIDE/plugins/com.st.stm32cube.ide.mcu.externaltools.gnu-tools-for-stm32.12.3.rel1.win32_1.0.100.202403111256/tools/bin/../lib/gcc/arm-none-eabi/12.3.1/thumb/v7e-m+fp/hard\libgcc.a
LOAD E:/STM32CubeIDE_1.13.2/STM32CubeIDE/plugins/com.st.stm32cube.ide.mcu.externaltools.gnu-tools-for-stm32.12.3.rel1.win32_1.0.100.202403111256/tools/bin/../lib/gcc/arm-none-eabi/12.3.1/../../../../arm-none-eabi/lib/thumb/v7e-m+fp/hard\libc_nano.a
END GROUP
START GROUP
LOAD E:/STM32CubeIDE_1.13.2/STM32CubeIDE/plugins/com.st.stm32cube.ide.mcu.externaltools.gnu-tools-for-stm32.12.3.rel1.win32_1.0.100.202403111256/tools/bin/../lib/gcc/arm-none-eabi/12.3.1/thumb/v7e-m+fp/hard\libgcc.a
LOAD E:/STM32CubeIDE_1.13.2/STM32CubeIDE/plugins/com.st.stm32cube.ide.mcu.externaltools.gnu-tools-for-stm32.12.3.rel1.win32_1.0.100.202403111256/tools/bin/../lib/gcc/arm-none-eabi/12.3.1/../../../../arm-none-eabi/lib/thumb/v7e-m+fp/hard\libc_nano.a
LOAD E:/STM32CubeIDE_1.13.2/STM32CubeIDE/plugins/com.st.stm32cube.ide.mcu.externaltools.gnu-tools-for-stm32.12.3.rel1.win32_1.0.100.202403111256/tools/bin/../lib/gcc/arm-none-eabi/12.3.1/../../../../arm-none-eabi/lib/thumb/v7e-m+fp/hard\libnosys.a
END GROUP
START GROUP
LOAD E:/STM32CubeIDE_1.13.2/STM32CubeIDE/plugins/com.st.stm32cube.ide.mcu.externaltools.gnu-tools-for-stm32.12.3.rel1.win32_1.0.100.202403111256/tools/bin/../lib/gcc/arm-none-eabi/12.3.1/thumb/v7e-m+fp/hard\libgcc.a
LOAD E:/STM32CubeIDE_1.13.2/STM32CubeIDE/plugins/com.st.stm32cube.ide.mcu.externaltools.gnu-tools-for-stm32.12.3.rel1.win32_1.0.100.202403111256/tools/bin/../lib/gcc/arm-none-eabi/12.3.1/../../../../arm-none-eabi/lib/thumb/v7e-m+fp/hard\libc_nano.a
LOAD E:/STM32CubeIDE_1.13.2/STM32CubeIDE/plugins/com.st.stm32cube.ide.mcu.externaltools.gnu-tools-for-stm32.12.3.rel1.win32_1.0.100.202403111256/tools/bin/../lib/gcc/arm-none-eabi/12.3.1/../../../../arm-none-eabi/lib/thumb/v7e-m+fp/hard\libnosys.a
END GROUP
LOAD E:/STM32CubeIDE_1.13.2/STM32CubeIDE/plugins/com.st.stm32cube.ide.mcu.externaltools.gnu-tools-for-stm32.12.3.rel1.win32_1.0.100.202403111256/tools/bin/../lib/gcc/arm-none-eabi/12.3.1/thumb/v7e-m+fp/hard/crtend.o
LOAD E:/STM32CubeIDE_1.13.2/STM32CubeIDE/plugins/com.st.stm32cube.ide.mcu.externaltools.gnu-tools-for-stm32.12.3.rel1.win32_1.0.100.202403111256/tools/bin/../lib/gcc/arm-none-eabi/12.3.1/thumb/v7e-m+fp/hard/crtn.o
                0x20018000                        _estack = (ORIGIN (RAM) + LENGTH (RAM))
                0x00000200                        _Min_Heap_Size = 0x200
                0x00000800                        _Min_Stack_Size = 0x800

.isr_vector     0x08000000      0x188
                0x08000000                        . = ALIGN (0x4)
 *(.isr_vector)
 .isr_vector    0x08000000      0x188 ./Core/Startup/startup_stm32l476rgtx.o
                0x08000000                g_pfnVectors
                0x08000188                        . = ALIGN (0x4)

.text           0x08000190     0x8e80
                0x08000190                        . = ALIGN (0x4)
 *(.text)
 .text          0x08000190       0x40 E:/STM32CubeIDE_1.13.2/STM32CubeIDE/plugins/com.st.stm32cube.ide.mcu.externaltools.gnu-tools-for-stm32.12.3.rel1.win32_1.0.100.202403111256/tools/bin/../lib/gcc/arm-none-eabi/12.3.1/thumb/v7e-m+fp/hard/crtbegin.o
 .text          0x080001d0       0x10 E:/STM32CubeIDE_1.13.2/STM32CubeIDE/plugins/com.st.stm32cube.ide.mcu.externaltools.gnu-tools-for-stm32.12.3.rel1.win32_1.0.100.202403111256/tools/bin/../lib/gcc/arm-none-eabi/12.3.1/../../../../arm-none-eabi/lib/thumb/v7e-m+fp/hard\libc_nano.a(libc_a-strlen.o)
                0x080001d0                strlen
 .text          0x080001e0       0xa0 E:/STM32CubeIDE_1.13.2/STM32CubeIDE/plugins/com.st.stm32cube.ide.mcu.externaltools.gnu-tools-for-stm32.12.3.rel1.win32_1.0.100.202403111256/tools/bin/../lib/gcc/arm-none-eabi/12.3.1/../../../../arm-none-eabi/lib/thumb/v7e-m+fp/hard\libc_nano.a(libc_a-memchr.o)
                0x080001e0                memchr
 .text          0x08000280       0x30 E:/STM32CubeIDE_1.13.2/STM32CubeIDE/plugins/com.st.stm32cube.ide.mcu.externaltools.gnu-tools-for-stm32.12.3.rel1.win32_1.0.100.202403111256/tools/bin/../lib/gcc/arm-none-eabi/12.3.1/thumb/v7e-m+fp/hard\libgcc.a(_aeabi_uldivmod.o)
                0x08000280                __aeabi_uldivmod
 .text          0x080002b0      0x2bc E:/STM32CubeIDE_1.13.2/STM32CubeIDE/plugins/com.st.stm32cube.ide.mcu.externaltools.gnu-tools-for-stm32.12.3.rel1.win32_1.0.100.202403111256/tools/bin/../lib/gcc/arm-none-eabi/12.3.1/thumb/v7e-m+fp/hard\libgcc.a(_udivmoddi4.o)
                0x080002b0                __udivmoddi4
 .text          0x0800056c        0x4 E:/STM32CubeIDE_1.13.2/STM32CubeIDE/plugins/com.st.stm32cube.ide.mcu.externaltools.gnu-tools-for-stm32.12.3.rel1.win32_1.0.100.202403111256/tools/bin/../lib/gcc/arm-none-eabi/12.3.1/thumb/v7e-m+fp/hard\libgcc.a(_dvmd_tls.o)
                0x0800056c                __aeabi_idiv0
                0x0800056c                __aeabi_ldiv0
 *(.text*)
 .text.HAL_CAN_RxFifo0MsgPendingCallback
                0x08000570        0xc ./Core/Src/main.o
                0x08000570                HAL_CAN_RxFifo0MsgPendingCallback
 .text.SystemClock_Config
                0x0800057c       0x76 ./Core/Src/main.o
                0x0800057c                SystemClock_Config
 *fill*         0x080005f2        0x2 
 .text.startup.main
                0x080005f4      0x1e4 ./Core/Src/main.o
                0x080005f4                main
 .text.initializeRing
                0x080007d8       0x1a ./Core/Src/ring_buffer.o
                0x080007d8                initializeRing
 *fill*         0x080007f2        0x2 
 .text.Push_FNFC
                0x080007f4       0xd0 ./Core/Src/ring_buffer.o
                0x080007f4                Push_FNFC
 .text.Forward_CAN
                0x080008c4       0x8c ./Core/Src/ring_buffer.o
                0x080008c4                Forward_CAN
 .text.PollCANRx
                0x08000950       0x24 ./Core/Src/ring_buffer.o
                0x08000950                PollCANRx
 .text.demoTransceiveBlocking
                0x08000974       0x1c ./Core/Src/ring_buffer.o
                0x08000974                demoTransceiveBlocking
 .text.NFC_CAN_DataExchange
                0x08000990       0xb0 ./Core/Src/ring_buffer.o
                0x08000990                NFC_CAN_DataExchange
 .text.HAL_MspInit
                0x08000a40       0x30 ./Core/Src/stm32l4xx_hal_msp.o
                0x08000a40                HAL_MspInit
 .text.HAL_CAN_MspInit
                0x08000a70       0xb4 ./Core/Src/stm32l4xx_hal_msp.o
                0x08000a70                HAL_CAN_MspInit
 .text.HAL_TIM_Base_MspInit
                0x08000b24       0x68 ./Core/Src/stm32l4xx_hal_msp.o
                0x08000b24                HAL_TIM_Base_MspInit
 .text.NMI_Handler
                0x08000b8c        0x2 ./Core/Src/stm32l4xx_it.o
                0x08000b8c                NMI_Handler
 .text.HardFault_Handler
                0x08000b8e        0x2 ./Core/Src/stm32l4xx_it.o
                0x08000b8e                HardFault_Handler
 .text.MemManage_Handler
                0x08000b90        0x2 ./Core/Src/stm32l4xx_it.o
                0x08000b90                MemManage_Handler
 .text.BusFault_Handler
                0x08000b92        0x2 ./Core/Src/stm32l4xx_it.o
                0x08000b92                BusFault_Handler
 .text.UsageFault_Handler
                0x08000b94        0x2 ./Core/Src/stm32l4xx_it.o
                0x08000b94                UsageFault_Handler
 .text.SVC_Handler
                0x08000b96        0x2 ./Core/Src/stm32l4xx_it.o
                0x08000b96                SVC_Handler
 .text.DebugMon_Handler
                0x08000b98        0x2 ./Core/Src/stm32l4xx_it.o
                0x08000b98                DebugMon_Handler
 .text.PendSV_Handler
                0x08000b9a        0x2 ./Core/Src/stm32l4xx_it.o
                0x08000b9a                PendSV_Handler
 .text.SysTick_Handler
                0x08000b9c        0x4 ./Core/Src/stm32l4xx_it.o
                0x08000b9c                SysTick_Handler
 .text.EXTI0_IRQHandler
                0x08000ba0        0xc ./Core/Src/stm32l4xx_it.o
                0x08000ba0                EXTI0_IRQHandler
 .text.CAN1_TX_IRQHandler
                0x08000bac        0xc ./Core/Src/stm32l4xx_it.o
                0x08000bac                CAN1_TX_IRQHandler
 .text.CAN1_RX0_IRQHandler
                0x08000bb8        0x4 ./Core/Src/stm32l4xx_it.o
                0x08000bb8                CAN1_RX0_IRQHandler
 .text.CAN1_RX1_IRQHandler
                0x08000bbc        0x4 ./Core/Src/stm32l4xx_it.o
                0x08000bbc                CAN1_RX1_IRQHandler
 .text.SPI1_IRQHandler
                0x08000bc0        0xc ./Core/Src/stm32l4xx_it.o
                0x08000bc0                SPI1_IRQHandler
 .text.USART2_IRQHandler
                0x08000bcc        0xc ./Core/Src/stm32l4xx_it.o
                0x08000bcc                USART2_IRQHandler
 .text.EXTI15_10_IRQHandler
                0x08000bd8        0xc ./Core/Src/stm32l4xx_it.o
                0x08000bd8                EXTI15_10_IRQHandler
 .text.BSP_GetTick
                0x08000be4        0x4 ./Core/Src/stm32l4xx_nucleo_bus.o
                0x08000be4                BSP_GetTick
 .text.MX_SPI1_Init
                0x08000be8       0x48 ./Core/Src/stm32l4xx_nucleo_bus.o
                0x08000be8                MX_SPI1_Init
 .text.BSP_SPI1_Init
                0x08000c30       0xcc ./Core/Src/stm32l4xx_nucleo_bus.o
                0x08000c30                BSP_SPI1_Init
 .text._sbrk    0x08000cfc       0x40 ./Core/Src/sysmem.o
                0x08000cfc                _sbrk
 .text.SystemInit
                0x08000d3c       0x14 ./Core/Src/system_stm32l4xx.o
                0x08000d3c                SystemInit
 .text.Reset_Handler
                0x08000d50       0x50 ./Core/Startup/startup_stm32l476rgtx.o
                0x08000d50                Reset_Handler
 .text.Default_Handler
                0x08000da0        0x2 ./Core/Startup/startup_stm32l476rgtx.o
                0x08000da0                RTC_Alarm_IRQHandler
                0x08000da0                EXTI2_IRQHandler
                0x08000da0                TIM8_TRG_COM_IRQHandler
                0x08000da0                TIM8_CC_IRQHandler
                0x08000da0                TIM1_CC_IRQHandler
                0x08000da0                TSC_IRQHandler
                0x08000da0                TAMP_STAMP_IRQHandler
                0x08000da0                EXTI3_IRQHandler
                0x08000da0                LPTIM2_IRQHandler
                0x08000da0                DFSDM1_FLT1_IRQHandler
                0x08000da0                I2C3_ER_IRQHandler
                0x08000da0                DFSDM1_FLT2_IRQHandler
                0x08000da0                I2C2_EV_IRQHandler
                0x08000da0                FPU_IRQHandler
                0x08000da0                TIM1_UP_TIM16_IRQHandler
                0x08000da0                ADC1_2_IRQHandler
                0x08000da0                TIM6_DAC_IRQHandler
                0x08000da0                TIM8_UP_IRQHandler
                0x08000da0                DMA2_Channel2_IRQHandler
                0x08000da0                DMA1_Channel4_IRQHandler
                0x08000da0                SAI2_IRQHandler
                0x08000da0                DFSDM1_FLT3_IRQHandler
                0x08000da0                USART3_IRQHandler
                0x08000da0                DMA1_Channel7_IRQHandler
                0x08000da0                LCD_IRQHandler
                0x08000da0                UART5_IRQHandler
                0x08000da0                ADC3_IRQHandler
                0x08000da0                TIM4_IRQHandler
                0x08000da0                DMA2_Channel1_IRQHandler
                0x08000da0                QUADSPI_IRQHandler
                0x08000da0                I2C1_EV_IRQHandler
                0x08000da0                DMA1_Channel6_IRQHandler
                0x08000da0                UART4_IRQHandler
                0x08000da0                DMA2_Channel4_IRQHandler
                0x08000da0                TIM3_IRQHandler
                0x08000da0                RCC_IRQHandler
                0x08000da0                DMA1_Channel1_IRQHandler
                0x08000da0                Default_Handler
                0x08000da0                DMA2_Channel7_IRQHandler
                0x08000da0                TIM7_IRQHandler
                0x08000da0                SDMMC1_IRQHandler
                0x08000da0                TIM5_IRQHandler
                0x08000da0                I2C3_EV_IRQHandler
                0x08000da0                EXTI9_5_IRQHandler
                0x08000da0                RTC_WKUP_IRQHandler
                0x08000da0                PVD_PVM_IRQHandler
                0x08000da0                SPI2_IRQHandler
                0x08000da0                DMA2_Channel5_IRQHandler
                0x08000da0                DMA1_Channel5_IRQHandler
                0x08000da0                EXTI4_IRQHandler
                0x08000da0                RNG_IRQHandler
                0x08000da0                TIM1_TRG_COM_TIM17_IRQHandler
                0x08000da0                DMA1_Channel3_IRQHandler
                0x08000da0                COMP_IRQHandler
                0x08000da0                WWDG_IRQHandler
                0x08000da0                LPUART1_IRQHandler
                0x08000da0                DMA2_Channel6_IRQHandler
                0x08000da0                TIM2_IRQHandler
                0x08000da0                EXTI1_IRQHandler
                0x08000da0                DFSDM1_FLT0_IRQHandler
                0x08000da0                I2C2_ER_IRQHandler
                0x08000da0                DMA1_Channel2_IRQHandler
                0x08000da0                TIM8_BRK_IRQHandler
                0x08000da0                CAN1_SCE_IRQHandler
                0x08000da0                FLASH_IRQHandler
                0x08000da0                USART1_IRQHandler
                0x08000da0                OTG_FS_IRQHandler
                0x08000da0                SPI3_IRQHandler
                0x08000da0                I2C1_ER_IRQHandler
                0x08000da0                FMC_IRQHandler
                0x08000da0                SWPMI1_IRQHandler
                0x08000da0                LPTIM1_IRQHandler
                0x08000da0                SAI1_IRQHandler
                0x08000da0                DMA2_Channel3_IRQHandler
                0x08000da0                TIM1_BRK_TIM15_IRQHandler
 *fill*         0x08000da2        0x2 
 .text.rfalCleanupTransceive
                0x08000da4       0x2c ./Drivers/BSP/Components/ST25R3916/rfal_rfst25r3916.o
 .text.rfalPrepareTransceive
                0x08000dd0      0x128 ./Drivers/BSP/Components/ST25R3916/rfal_rfst25r3916.o
 .text.rfalFIFOStatusUpdate
                0x08000ef8       0x1c ./Drivers/BSP/Components/ST25R3916/rfal_rfst25r3916.o
 .text.rfalFIFOStatusGetNumBytes
                0x08000f14       0x1c ./Drivers/BSP/Components/ST25R3916/rfal_rfst25r3916.o
 .text.rfalErrorHandling
                0x08000f30       0x58 ./Drivers/BSP/Components/ST25R3916/rfal_rfst25r3916.o
 .text.rfalCalibrate
                0x08000f88       0x2c ./Drivers/BSP/Components/ST25R3916/rfal_rfst25r3916.o
                0x08000f88                rfalCalibrate
 .text.rfalInitialize
                0x08000fb4       0x64 ./Drivers/BSP/Components/ST25R3916/rfal_rfst25r3916.o
                0x08000fb4                rfalInitialize
 .text.rfalSetBitRate
                0x08001018      0x178 ./Drivers/BSP/Components/ST25R3916/rfal_rfst25r3916.o
                0x08001018                rfalSetBitRate
 .text.rfalSetMode
                0x08001190      0x1c4 ./Drivers/BSP/Components/ST25R3916/rfal_rfst25r3916.o
                0x08001190                rfalSetMode
 .text.rfalGetBitRate
                0x08001354       0x24 ./Drivers/BSP/Components/ST25R3916/rfal_rfst25r3916.o
                0x08001354                rfalGetBitRate
 .text.rfalSetErrorHandling
                0x08001378       0x2c ./Drivers/BSP/Components/ST25R3916/rfal_rfst25r3916.o
                0x08001378                rfalSetErrorHandling
 .text.rfalSetFDTPoll
                0x080013a4       0x18 ./Drivers/BSP/Components/ST25R3916/rfal_rfst25r3916.o
                0x080013a4                rfalSetFDTPoll
 .text.rfalSetFDTListen
                0x080013bc       0x14 ./Drivers/BSP/Components/ST25R3916/rfal_rfst25r3916.o
                0x080013bc                rfalSetFDTListen
 .text.rfalSetGT
                0x080013d0       0x18 ./Drivers/BSP/Components/ST25R3916/rfal_rfst25r3916.o
                0x080013d0                rfalSetGT
 .text.rfalIsGTExpired
                0x080013e8       0x14 ./Drivers/BSP/Components/ST25R3916/rfal_rfst25r3916.o
                0x080013e8                rfalIsGTExpired
 .text.rfalFieldOnAndStartGT
                0x080013fc       0xb0 ./Drivers/BSP/Components/ST25R3916/rfal_rfst25r3916.o
                0x080013fc                rfalFieldOnAndStartGT
 .text.rfalFieldOff
                0x080014ac       0x24 ./Drivers/BSP/Components/ST25R3916/rfal_rfst25r3916.o
                0x080014ac                rfalFieldOff
 .text.rfalStartTransceive
                0x080014d0      0x17c ./Drivers/BSP/Components/ST25R3916/rfal_rfst25r3916.o
                0x080014d0                rfalStartTransceive
 .text.rfalIsTransceiveInTx
                0x0800164c       0x14 ./Drivers/BSP/Components/ST25R3916/rfal_rfst25r3916.o
                0x0800164c                rfalIsTransceiveInTx
 .text.rfalGetTransceiveStatus
                0x08001660       0x14 ./Drivers/BSP/Components/ST25R3916/rfal_rfst25r3916.o
                0x08001660                rfalGetTransceiveStatus
 .text.rfalIsExtFieldOn
                0x08001674        0xa ./Drivers/BSP/Components/ST25R3916/rfal_rfst25r3916.o
                0x08001674                rfalIsExtFieldOn
 *fill*         0x0800167e        0x2 
 .text.rfalListenStop
                0x08001680       0x58 ./Drivers/BSP/Components/ST25R3916/rfal_rfst25r3916.o
                0x08001680                rfalListenStop
 .text.rfalListenSleepStart
                0x080016d8       0xa4 ./Drivers/BSP/Components/ST25R3916/rfal_rfst25r3916.o
                0x080016d8                rfalListenSleepStart
 .text.rfalListenGetState
                0x0800177c       0x1c ./Drivers/BSP/Components/ST25R3916/rfal_rfst25r3916.o
                0x0800177c                rfalListenGetState
 .text.rfalListenSetState
                0x08001798      0x23c ./Drivers/BSP/Components/ST25R3916/rfal_rfst25r3916.o
                0x08001798                rfalListenSetState
 .text.rfalListenStart
                0x080019d4      0x1dc ./Drivers/BSP/Components/ST25R3916/rfal_rfst25r3916.o
                0x080019d4                rfalListenStart
 .text.rfalWorker
                0x08001bb0      0x8fc ./Drivers/BSP/Components/ST25R3916/rfal_rfst25r3916.o
                0x08001bb0                rfalWorker
 .text.rfalTransceiveBlockingTx
                0x080024ac       0x54 ./Drivers/BSP/Components/ST25R3916/rfal_rfst25r3916.o
                0x080024ac                rfalTransceiveBlockingTx
 .text.rfalTransceiveBlockingRx
                0x08002500       0x1c ./Drivers/BSP/Components/ST25R3916/rfal_rfst25r3916.o
                0x08002500                rfalTransceiveBlockingRx
 .text.rfalChipChangeRegBits
                0x0800251c       0x22 ./Drivers/BSP/Components/ST25R3916/rfal_rfst25r3916.o
                0x0800251c                rfalChipChangeRegBits
 .text.rfalChipChangeTestRegBits
                0x0800253e        0xc ./Drivers/BSP/Components/ST25R3916/rfal_rfst25r3916.o
                0x0800253e                rfalChipChangeTestRegBits
 .text.st25r3916OscOn
                0x0800254a       0x44 ./Drivers/BSP/Components/ST25R3916/st25r3916.o
                0x0800254a                st25r3916OscOn
 .text.st25r3916ExecuteCommandAndGetResult
                0x0800258e       0x40 ./Drivers/BSP/Components/ST25R3916/st25r3916.o
                0x0800258e                st25r3916ExecuteCommandAndGetResult
 .text.st25r3916MeasurePowerSupply
                0x080025ce       0x24 ./Drivers/BSP/Components/ST25R3916/st25r3916.o
                0x080025ce                st25r3916MeasurePowerSupply
 .text.st25r3916MeasureVoltage
                0x080025f2       0x24 ./Drivers/BSP/Components/ST25R3916/st25r3916.o
                0x080025f2                st25r3916MeasureVoltage
 .text.st25r3916AdjustRegulators
                0x08002616       0x6e ./Drivers/BSP/Components/ST25R3916/st25r3916.o
                0x08002616                st25r3916AdjustRegulators
 .text.st25r3916SetBitrate
                0x08002684       0x50 ./Drivers/BSP/Components/ST25R3916/st25r3916.o
                0x08002684                st25r3916SetBitrate
 .text.st25r3916PerformCollisionAvoidance
                0x080026d4       0xa0 ./Drivers/BSP/Components/ST25R3916/st25r3916.o
                0x080026d4                st25r3916PerformCollisionAvoidance
 .text.st25r3916SetNumTxBits
                0x08002774       0x18 ./Drivers/BSP/Components/ST25R3916/st25r3916.o
                0x08002774                st25r3916SetNumTxBits
 .text.st25r3916GetNumFIFOBytes
                0x0800278c       0x2c ./Drivers/BSP/Components/ST25R3916/st25r3916.o
                0x0800278c                st25r3916GetNumFIFOBytes
 .text.st25r3916SetNoResponseTime
                0x080027b8       0x50 ./Drivers/BSP/Components/ST25R3916/st25r3916.o
                0x080027b8                st25r3916SetNoResponseTime
 .text.st25r3916SetGPTime
                0x08002808       0x18 ./Drivers/BSP/Components/ST25R3916/st25r3916.o
                0x08002808                st25r3916SetGPTime
 .text.st25r3916SetStartGPTimer
                0x08002820       0x1e ./Drivers/BSP/Components/ST25R3916/st25r3916.o
                0x08002820                st25r3916SetStartGPTimer
 .text.st25r3916CheckChipID
                0x0800283e       0x34 ./Drivers/BSP/Components/ST25R3916/st25r3916.o
                0x0800283e                st25r3916CheckChipID
 *fill*         0x08002872        0x2 
 .text.st25r3916Initialize
                0x08002874       0xa0 ./Drivers/BSP/Components/ST25R3916/st25r3916.o
                0x08002874                st25r3916Initialize
 .text.st25r3916comTx.part.0
                0x08002914        0x8 ./Drivers/BSP/Components/ST25R3916/st25r3916_com.o
 .text.st25r3916comRx.part.0
                0x0800291c       0x1e ./Drivers/BSP/Components/ST25R3916/st25r3916_com.o
 *fill*         0x0800293a        0x2 
 .text.st25r3916comStart
                0x0800293c       0x38 ./Drivers/BSP/Components/ST25R3916/st25r3916_com.o
 .text.st25r3916comStop
                0x08002974       0x2c ./Drivers/BSP/Components/ST25R3916/st25r3916_com.o
 .text.st25r3916ReadMultipleRegisters.part.0
                0x080029a0       0x44 ./Drivers/BSP/Components/ST25R3916/st25r3916_com.o
 .text.st25r3916WriteMultipleRegisters.part.0
                0x080029e4       0x4e ./Drivers/BSP/Components/ST25R3916/st25r3916_com.o
 .text.st25r3916ReadRegister
                0x08002a32        0xc ./Drivers/BSP/Components/ST25R3916/st25r3916_com.o
                0x08002a32                st25r3916ReadRegister
 .text.st25r3916ReadMultipleRegisters
                0x08002a3e        0xc ./Drivers/BSP/Components/ST25R3916/st25r3916_com.o
                0x08002a3e                st25r3916ReadMultipleRegisters
 .text.st25r3916WriteRegister
                0x08002a4a       0x18 ./Drivers/BSP/Components/ST25R3916/st25r3916_com.o
                0x08002a4a                st25r3916WriteRegister
 .text.st25r3916WriteFifo
                0x08002a62       0x3a ./Drivers/BSP/Components/ST25R3916/st25r3916_com.o
                0x08002a62                st25r3916WriteFifo
 .text.st25r3916ReadFifo
                0x08002a9c       0x2e ./Drivers/BSP/Components/ST25R3916/st25r3916_com.o
                0x08002a9c                st25r3916ReadFifo
 .text.st25r3916WritePTMem
                0x08002aca       0x38 ./Drivers/BSP/Components/ST25R3916/st25r3916_com.o
                0x08002aca                st25r3916WritePTMem
 .text.st25r3916WritePTMemF
                0x08002b02       0x38 ./Drivers/BSP/Components/ST25R3916/st25r3916_com.o
                0x08002b02                st25r3916WritePTMemF
 .text.st25r3916WritePTMemTSN
                0x08002b3a       0x38 ./Drivers/BSP/Components/ST25R3916/st25r3916_com.o
                0x08002b3a                st25r3916WritePTMemTSN
 .text.st25r3916ExecuteCommand
                0x08002b72       0x2a ./Drivers/BSP/Components/ST25R3916/st25r3916_com.o
                0x08002b72                st25r3916ExecuteCommand
 .text.st25r3916ReadTestRegister
                0x08002b9c       0x3e ./Drivers/BSP/Components/ST25R3916/st25r3916_com.o
                0x08002b9c                st25r3916ReadTestRegister
 .text.st25r3916WriteTestRegister
                0x08002bda       0x3e ./Drivers/BSP/Components/ST25R3916/st25r3916_com.o
                0x08002bda                st25r3916WriteTestRegister
 .text.st25r3916ClrRegisterBits
                0x08002c18       0x28 ./Drivers/BSP/Components/ST25R3916/st25r3916_com.o
                0x08002c18                st25r3916ClrRegisterBits
 .text.st25r3916SetRegisterBits
                0x08002c40       0x2a ./Drivers/BSP/Components/ST25R3916/st25r3916_com.o
                0x08002c40                st25r3916SetRegisterBits
 .text.st25r3916ModifyRegister
                0x08002c6a       0x2e ./Drivers/BSP/Components/ST25R3916/st25r3916_com.o
                0x08002c6a                st25r3916ModifyRegister
 .text.st25r3916ChangeRegisterBits
                0x08002c98        0x6 ./Drivers/BSP/Components/ST25R3916/st25r3916_com.o
                0x08002c98                st25r3916ChangeRegisterBits
 .text.st25r3916ChangeTestRegisterBits
                0x08002c9e       0x2c ./Drivers/BSP/Components/ST25R3916/st25r3916_com.o
                0x08002c9e                st25r3916ChangeTestRegisterBits
 .text.st25r3916CheckReg
                0x08002cca       0x26 ./Drivers/BSP/Components/ST25R3916/st25r3916_com.o
                0x08002cca                st25r3916CheckReg
 .text.st25r3916IsRegValid
                0x08002cf0        0x8 ./Drivers/BSP/Components/ST25R3916/st25r3916_com.o
                0x08002cf0                st25r3916IsRegValid
 .text.st25r3916InitInterrupts
                0x08002cf8       0x14 ./Drivers/BSP/Components/ST25R3916/st25r3916_irq.o
                0x08002cf8                st25r3916InitInterrupts
 .text.st25r3916CheckForReceivedInterrupts
                0x08002d0c       0x78 ./Drivers/BSP/Components/ST25R3916/st25r3916_irq.o
                0x08002d0c                st25r3916CheckForReceivedInterrupts
 .text.st25r3916Isr
                0x08002d84       0x1c ./Drivers/BSP/Components/ST25R3916/st25r3916_irq.o
                0x08002d84                st25r3916Isr
 .text.st25r3916ModifyInterrupts
                0x08002da0       0x44 ./Drivers/BSP/Components/ST25R3916/st25r3916_irq.o
                0x08002da0                st25r3916ModifyInterrupts
 .text.st25r3916WaitForInterruptsTimed
                0x08002de4       0x70 ./Drivers/BSP/Components/ST25R3916/st25r3916_irq.o
                0x08002de4                st25r3916WaitForInterruptsTimed
 .text.st25r3916GetInterrupt
                0x08002e54       0x50 ./Drivers/BSP/Components/ST25R3916/st25r3916_irq.o
                0x08002e54                st25r3916GetInterrupt
 .text.st25r3916EnableInterrupts
                0x08002ea4        0x6 ./Drivers/BSP/Components/ST25R3916/st25r3916_irq.o
                0x08002ea4                st25r3916EnableInterrupts
 .text.st25r3916ClearAndEnableInterrupts
                0x08002eaa       0x12 ./Drivers/BSP/Components/ST25R3916/st25r3916_irq.o
                0x08002eaa                st25r3916ClearAndEnableInterrupts
 .text.st25r3916DisableInterrupts
                0x08002ebc        0x8 ./Drivers/BSP/Components/ST25R3916/st25r3916_irq.o
                0x08002ebc                st25r3916DisableInterrupts
 .text.st25r3916ClearInterrupts
                0x08002ec4       0x54 ./Drivers/BSP/Components/ST25R3916/st25r3916_irq.o
                0x08002ec4                st25r3916ClearInterrupts
 .text.st25r3916ledInit
                0x08002f18        0xe ./Drivers/BSP/Components/ST25R3916/st25r3916_led.o
                0x08002f18                st25r3916ledInit
 .text.st25r3916ledEvtIrq
                0x08002f26       0x16 ./Drivers/BSP/Components/ST25R3916/st25r3916_led.o
                0x08002f26                st25r3916ledEvtIrq
 .text.st25r3916ledEvtWrReg
                0x08002f3c       0x1a ./Drivers/BSP/Components/ST25R3916/st25r3916_led.o
                0x08002f3c                st25r3916ledEvtWrReg
 .text.st25r3916ledEvtWrMultiReg
                0x08002f56       0x20 ./Drivers/BSP/Components/ST25R3916/st25r3916_led.o
                0x08002f56                st25r3916ledEvtWrMultiReg
 .text.st25r3916ledEvtCmd
                0x08002f76       0x1e ./Drivers/BSP/Components/ST25R3916/st25r3916_led.o
                0x08002f76                st25r3916ledEvtCmd
 .text.timerCalculateTimer
                0x08002f94        0xc ./Drivers/BSP/Components/ST25R3916/timer.o
                0x08002f94                timerCalculateTimer
 .text.timerIsExpired
                0x08002fa0        0xe ./Drivers/BSP/Components/ST25R3916/timer.o
                0x08002fa0                timerIsExpired
 *fill*         0x08002fae        0x2 
 .text.BSP_PB_Init
                0x08002fb0       0x9c ./Drivers/BSP/STM32L4xx_Nucleo/stm32l4xx_nucleo.o
                0x08002fb0                BSP_PB_Init
 .text.BSP_PB_Callback
                0x0800304c        0x2 ./Drivers/BSP/STM32L4xx_Nucleo/stm32l4xx_nucleo.o
                0x0800304c                BSP_PB_Callback
 .text.BUTTON_USER_EXTI_Callback
                0x0800304e        0xa ./Drivers/BSP/STM32L4xx_Nucleo/stm32l4xx_nucleo.o
 .text.MX_USART2_UART_Init
                0x08003058       0x30 ./Drivers/BSP/STM32L4xx_Nucleo/stm32l4xx_nucleo.o
                0x08003058                MX_USART2_UART_Init
 .text.BSP_COM_Init
                0x08003088       0xc0 ./Drivers/BSP/STM32L4xx_Nucleo/stm32l4xx_nucleo.o
                0x08003088                BSP_COM_Init
 .text.HAL_InitTick
                0x08003148       0x4c ./Drivers/STM32L4xx_HAL_Driver/Src/stm32l4xx_hal.o
                0x08003148                HAL_InitTick
 .text.HAL_Init
                0x08003194       0x2c ./Drivers/STM32L4xx_HAL_Driver/Src/stm32l4xx_hal.o
                0x08003194                HAL_Init
 .text.HAL_IncTick
                0x080031c0       0x18 ./Drivers/STM32L4xx_HAL_Driver/Src/stm32l4xx_hal.o
                0x080031c0                HAL_IncTick
 .text.HAL_GetTick
                0x080031d8        0xc ./Drivers/STM32L4xx_HAL_Driver/Src/stm32l4xx_hal.o
                0x080031d8                HAL_GetTick
 .text.HAL_Delay
                0x080031e4       0x28 ./Drivers/STM32L4xx_HAL_Driver/Src/stm32l4xx_hal.o
                0x080031e4                HAL_Delay
 .text.HAL_CAN_Init
                0x0800320c       0xf6 ./Drivers/STM32L4xx_HAL_Driver/Src/stm32l4xx_hal_can.o
                0x0800320c                HAL_CAN_Init
 .text.HAL_CAN_ConfigFilter
                0x08003302       0xdc ./Drivers/STM32L4xx_HAL_Driver/Src/stm32l4xx_hal_can.o
                0x08003302                HAL_CAN_ConfigFilter
 .text.HAL_CAN_Start
                0x080033de       0x56 ./Drivers/STM32L4xx_HAL_Driver/Src/stm32l4xx_hal_can.o
                0x080033de                HAL_CAN_Start
 .text.HAL_CAN_AddTxMessage
                0x08003434       0x96 ./Drivers/STM32L4xx_HAL_Driver/Src/stm32l4xx_hal_can.o
                0x08003434                HAL_CAN_AddTxMessage
 .text.HAL_CAN_GetRxMessage
                0x080034ca       0xf8 ./Drivers/STM32L4xx_HAL_Driver/Src/stm32l4xx_hal_can.o
                0x080034ca                HAL_CAN_GetRxMessage
 .text.HAL_CAN_GetRxFifoFillLevel
                0x080035c2       0x1e ./Drivers/STM32L4xx_HAL_Driver/Src/stm32l4xx_hal_can.o
                0x080035c2                HAL_CAN_GetRxFifoFillLevel
 .text.HAL_CAN_ActivateNotification
                0x080035e0       0x22 ./Drivers/STM32L4xx_HAL_Driver/Src/stm32l4xx_hal_can.o
                0x080035e0                HAL_CAN_ActivateNotification
 .text.HAL_CAN_TxMailbox0CompleteCallback
                0x08003602        0x2 ./Drivers/STM32L4xx_HAL_Driver/Src/stm32l4xx_hal_can.o
                0x08003602                HAL_CAN_TxMailbox0CompleteCallback
 .text.HAL_CAN_TxMailbox1CompleteCallback
                0x08003604        0x2 ./Drivers/STM32L4xx_HAL_Driver/Src/stm32l4xx_hal_can.o
                0x08003604                HAL_CAN_TxMailbox1CompleteCallback
 .text.HAL_CAN_TxMailbox2CompleteCallback
                0x08003606        0x2 ./Drivers/STM32L4xx_HAL_Driver/Src/stm32l4xx_hal_can.o
                0x08003606                HAL_CAN_TxMailbox2CompleteCallback
 .text.HAL_CAN_TxMailbox0AbortCallback
                0x08003608        0x2 ./Drivers/STM32L4xx_HAL_Driver/Src/stm32l4xx_hal_can.o
                0x08003608                HAL_CAN_TxMailbox0AbortCallback
 .text.HAL_CAN_TxMailbox1AbortCallback
                0x0800360a        0x2 ./Drivers/STM32L4xx_HAL_Driver/Src/stm32l4xx_hal_can.o
                0x0800360a                HAL_CAN_TxMailbox1AbortCallback
 .text.HAL_CAN_TxMailbox2AbortCallback
                0x0800360c        0x2 ./Drivers/STM32L4xx_HAL_Driver/Src/stm32l4xx_hal_can.o
                0x0800360c                HAL_CAN_TxMailbox2AbortCallback
 .text.HAL_CAN_RxFifo0FullCallback
                0x0800360e        0x2 ./Drivers/STM32L4xx_HAL_Driver/Src/stm32l4xx_hal_can.o
                0x0800360e                HAL_CAN_RxFifo0FullCallback
 .text.HAL_CAN_RxFifo1MsgPendingCallback
                0x08003610        0x2 ./Drivers/STM32L4xx_HAL_Driver/Src/stm32l4xx_hal_can.o
                0x08003610                HAL_CAN_RxFifo1MsgPendingCallback
 .text.HAL_CAN_RxFifo1FullCallback
                0x08003612        0x2 ./Drivers/STM32L4xx_HAL_Driver/Src/stm32l4xx_hal_can.o
                0x08003612                HAL_CAN_RxFifo1FullCallback
 .text.HAL_CAN_SleepCallback
                0x08003614        0x2 ./Drivers/STM32L4xx_HAL_Driver/Src/stm32l4xx_hal_can.o
                0x08003614                HAL_CAN_SleepCallback
 .text.HAL_CAN_WakeUpFromRxMsgCallback
                0x08003616        0x2 ./Drivers/STM32L4xx_HAL_Driver/Src/stm32l4xx_hal_can.o
                0x08003616                HAL_CAN_WakeUpFromRxMsgCallback
 .text.HAL_CAN_ErrorCallback
                0x08003618        0x2 ./Drivers/STM32L4xx_HAL_Driver/Src/stm32l4xx_hal_can.o
                0x08003618                HAL_CAN_ErrorCallback
 .text.HAL_CAN_IRQHandler
                0x0800361a      0x20a ./Drivers/STM32L4xx_HAL_Driver/Src/stm32l4xx_hal_can.o
                0x0800361a                HAL_CAN_IRQHandler
 .text.HAL_NVIC_SetPriorityGrouping
                0x08003824       0x24 ./Drivers/STM32L4xx_HAL_Driver/Src/stm32l4xx_hal_cortex.o
                0x08003824                HAL_NVIC_SetPriorityGrouping
 .text.HAL_NVIC_SetPriority
                0x08003848       0x64 ./Drivers/STM32L4xx_HAL_Driver/Src/stm32l4xx_hal_cortex.o
                0x08003848                HAL_NVIC_SetPriority
 .text.HAL_NVIC_EnableIRQ
                0x080038ac       0x1c ./Drivers/STM32L4xx_HAL_Driver/Src/stm32l4xx_hal_cortex.o
                0x080038ac                HAL_NVIC_EnableIRQ
 .text.HAL_SYSTICK_Config
                0x080038c8       0x28 ./Drivers/STM32L4xx_HAL_Driver/Src/stm32l4xx_hal_cortex.o
                0x080038c8                HAL_SYSTICK_Config
 .text.HAL_DMA_Abort
                0x080038f0       0x42 ./Drivers/STM32L4xx_HAL_Driver/Src/stm32l4xx_hal_dma.o
                0x080038f0                HAL_DMA_Abort
 .text.HAL_DMA_Abort_IT
                0x08003932       0x48 ./Drivers/STM32L4xx_HAL_Driver/Src/stm32l4xx_hal_dma.o
                0x08003932                HAL_DMA_Abort_IT
 .text.HAL_EXTI_RegisterCallback
                0x0800397a        0xe ./Drivers/STM32L4xx_HAL_Driver/Src/stm32l4xx_hal_exti.o
                0x0800397a                HAL_EXTI_RegisterCallback
 .text.HAL_EXTI_GetHandle
                0x08003988        0xc ./Drivers/STM32L4xx_HAL_Driver/Src/stm32l4xx_hal_exti.o
                0x08003988                HAL_EXTI_GetHandle
 .text.HAL_EXTI_IRQHandler
                0x08003994       0x30 ./Drivers/STM32L4xx_HAL_Driver/Src/stm32l4xx_hal_exti.o
                0x08003994                HAL_EXTI_IRQHandler
 .text.HAL_GPIO_Init
                0x080039c4      0x1b4 ./Drivers/STM32L4xx_HAL_Driver/Src/stm32l4xx_hal_gpio.o
                0x080039c4                HAL_GPIO_Init
 .text.HAL_GPIO_ReadPin
                0x08003b78        0xc ./Drivers/STM32L4xx_HAL_Driver/Src/stm32l4xx_hal_gpio.o
                0x08003b78                HAL_GPIO_ReadPin
 .text.HAL_GPIO_WritePin
                0x08003b84        0xa ./Drivers/STM32L4xx_HAL_Driver/Src/stm32l4xx_hal_gpio.o
                0x08003b84                HAL_GPIO_WritePin
 .text.HAL_GPIO_TogglePin
                0x08003b8e       0x12 ./Drivers/STM32L4xx_HAL_Driver/Src/stm32l4xx_hal_gpio.o
                0x08003b8e                HAL_GPIO_TogglePin
 .text.HAL_PWREx_GetVoltageRange
                0x08003ba0       0x10 ./Drivers/STM32L4xx_HAL_Driver/Src/stm32l4xx_hal_pwr_ex.o
                0x08003ba0                HAL_PWREx_GetVoltageRange
 .text.HAL_PWREx_ControlVoltageScaling
                0x08003bb0       0x6c ./Drivers/STM32L4xx_HAL_Driver/Src/stm32l4xx_hal_pwr_ex.o
                0x08003bb0                HAL_PWREx_ControlVoltageScaling
 .text.RCC_SetFlashLatencyFromMSIRange
                0x08003c1c       0x84 ./Drivers/STM32L4xx_HAL_Driver/Src/stm32l4xx_hal_rcc.o
 .text.HAL_RCC_GetSysClockFreq
                0x08003ca0       0x9c ./Drivers/STM32L4xx_HAL_Driver/Src/stm32l4xx_hal_rcc.o
                0x08003ca0                HAL_RCC_GetSysClockFreq
 .text.HAL_RCC_OscConfig
                0x08003d3c      0x4fc ./Drivers/STM32L4xx_HAL_Driver/Src/stm32l4xx_hal_rcc.o
                0x08003d3c                HAL_RCC_OscConfig
 .text.HAL_RCC_ClockConfig
                0x08004238      0x154 ./Drivers/STM32L4xx_HAL_Driver/Src/stm32l4xx_hal_rcc.o
                0x08004238                HAL_RCC_ClockConfig
 .text.HAL_RCC_GetPCLK1Freq
                0x0800438c       0x24 ./Drivers/STM32L4xx_HAL_Driver/Src/stm32l4xx_hal_rcc.o
                0x0800438c                HAL_RCC_GetPCLK1Freq
 .text.HAL_RCC_GetPCLK2Freq
                0x080043b0       0x24 ./Drivers/STM32L4xx_HAL_Driver/Src/stm32l4xx_hal_rcc.o
                0x080043b0                HAL_RCC_GetPCLK2Freq
 .text.RCCEx_PLLSAI1_Config
                0x080043d4      0x10c ./Drivers/STM32L4xx_HAL_Driver/Src/stm32l4xx_hal_rcc_ex.o
 .text.RCCEx_PLLSAI2_Config
                0x080044e0       0xf4 ./Drivers/STM32L4xx_HAL_Driver/Src/stm32l4xx_hal_rcc_ex.o
 .text.HAL_RCCEx_PeriphCLKConfig
                0x080045d4      0x3ec ./Drivers/STM32L4xx_HAL_Driver/Src/stm32l4xx_hal_rcc_ex.o
                0x080045d4                HAL_RCCEx_PeriphCLKConfig
 .text.SPI_WaitFlagStateUntilTimeout.constprop.0
                0x080049c0       0xa4 ./Drivers/STM32L4xx_HAL_Driver/Src/stm32l4xx_hal_spi.o
 .text.SPI_WaitFifoStateUntilTimeout.constprop.0
                0x08004a64       0xc8 ./Drivers/STM32L4xx_HAL_Driver/Src/stm32l4xx_hal_spi.o
 .text.SPI_EndRxTransaction
                0x08004b2c       0x6e ./Drivers/STM32L4xx_HAL_Driver/Src/stm32l4xx_hal_spi.o
 .text.SPI_EndRxTxTransaction
                0x08004b9a       0x44 ./Drivers/STM32L4xx_HAL_Driver/Src/stm32l4xx_hal_spi.o
 .text.HAL_SPI_MspInit
                0x08004bde        0x2 ./Drivers/STM32L4xx_HAL_Driver/Src/stm32l4xx_hal_spi.o
                0x08004bde                HAL_SPI_MspInit
 .text.HAL_SPI_Init
                0x08004be0       0xd4 ./Drivers/STM32L4xx_HAL_Driver/Src/stm32l4xx_hal_spi.o
                0x08004be0                HAL_SPI_Init
 .text.HAL_SPI_Transmit
                0x08004cb4      0x194 ./Drivers/STM32L4xx_HAL_Driver/Src/stm32l4xx_hal_spi.o
                0x08004cb4                HAL_SPI_Transmit
 .text.HAL_SPI_TransmitReceive
                0x08004e48      0x260 ./Drivers/STM32L4xx_HAL_Driver/Src/stm32l4xx_hal_spi.o
                0x08004e48                HAL_SPI_TransmitReceive
 .text.HAL_SPI_Receive
                0x080050a8      0x16e ./Drivers/STM32L4xx_HAL_Driver/Src/stm32l4xx_hal_spi.o
                0x080050a8                HAL_SPI_Receive
 .text.HAL_SPI_ErrorCallback
                0x08005216        0x2 ./Drivers/STM32L4xx_HAL_Driver/Src/stm32l4xx_hal_spi.o
                0x08005216                HAL_SPI_ErrorCallback
 .text.HAL_SPI_IRQHandler
                0x08005218       0xfc ./Drivers/STM32L4xx_HAL_Driver/Src/stm32l4xx_hal_spi.o
                0x08005218                HAL_SPI_IRQHandler
 .text.SPI_DMAAbortOnError
                0x08005314       0x12 ./Drivers/STM32L4xx_HAL_Driver/Src/stm32l4xx_hal_spi.o
 .text.HAL_SPI_GetState
                0x08005326        0x6 ./Drivers/STM32L4xx_HAL_Driver/Src/stm32l4xx_hal_spi.o
                0x08005326                HAL_SPI_GetState
 .text.TIM_Base_SetConfig
                0x0800532c       0xcc ./Drivers/STM32L4xx_HAL_Driver/Src/stm32l4xx_hal_tim.o
                0x0800532c                TIM_Base_SetConfig
 .text.HAL_TIM_Base_Init
                0x080053f8       0x60 ./Drivers/STM32L4xx_HAL_Driver/Src/stm32l4xx_hal_tim.o
                0x080053f8                HAL_TIM_Base_Init
 .text.UART_EndRxTransfer
                0x08005458       0x50 ./Drivers/STM32L4xx_HAL_Driver/Src/stm32l4xx_hal_uart.o
 .text.HAL_UART_MspInit
                0x080054a8        0x2 ./Drivers/STM32L4xx_HAL_Driver/Src/stm32l4xx_hal_uart.o
                0x080054a8                HAL_UART_MspInit
 .text.HAL_UART_TxCpltCallback
                0x080054aa        0x2 ./Drivers/STM32L4xx_HAL_Driver/Src/stm32l4xx_hal_uart.o
                0x080054aa                HAL_UART_TxCpltCallback
 .text.HAL_UART_ErrorCallback
                0x080054ac        0x2 ./Drivers/STM32L4xx_HAL_Driver/Src/stm32l4xx_hal_uart.o
                0x080054ac                HAL_UART_ErrorCallback
 .text.UART_DMAAbortOnError
                0x080054ae       0x14 ./Drivers/STM32L4xx_HAL_Driver/Src/stm32l4xx_hal_uart.o
 .text.HAL_UARTEx_RxEventCallback
                0x080054c2        0x2 ./Drivers/STM32L4xx_HAL_Driver/Src/stm32l4xx_hal_uart.o
                0x080054c2                HAL_UARTEx_RxEventCallback
 .text.HAL_UART_IRQHandler
                0x080054c4      0x2a0 ./Drivers/STM32L4xx_HAL_Driver/Src/stm32l4xx_hal_uart.o
                0x080054c4                HAL_UART_IRQHandler
 .text.UART_SetConfig
                0x08005764      0x238 ./Drivers/STM32L4xx_HAL_Driver/Src/stm32l4xx_hal_uart.o
                0x08005764                UART_SetConfig
 .text.UART_AdvFeatureConfig
                0x0800599c       0xa8 ./Drivers/STM32L4xx_HAL_Driver/Src/stm32l4xx_hal_uart.o
                0x0800599c                UART_AdvFeatureConfig
 .text.UART_WaitOnFlagUntilTimeout
                0x08005a44       0x88 ./Drivers/STM32L4xx_HAL_Driver/Src/stm32l4xx_hal_uart.o
                0x08005a44                UART_WaitOnFlagUntilTimeout
 .text.HAL_UART_Transmit
                0x08005acc       0xa2 ./Drivers/STM32L4xx_HAL_Driver/Src/stm32l4xx_hal_uart.o
                0x08005acc                HAL_UART_Transmit
 .text.UART_CheckIdleState
                0x08005b6e       0xb2 ./Drivers/STM32L4xx_HAL_Driver/Src/stm32l4xx_hal_uart.o
                0x08005b6e                UART_CheckIdleState
 .text.HAL_UART_Init
                0x08005c20       0x5c ./Drivers/STM32L4xx_HAL_Driver/Src/stm32l4xx_hal_uart.o
                0x08005c20                HAL_UART_Init
 .text.HAL_UARTEx_WakeupCallback
                0x08005c7c        0x2 ./Drivers/STM32L4xx_HAL_Driver/Src/stm32l4xx_hal_uart_ex.o
                0x08005c7c                HAL_UARTEx_WakeupCallback
 *fill*         0x08005c7e        0x2 
 .text.rfalAnalogConfigInitialize
                0x08005c80       0x20 ./Middlewares/ST/rfal/Src/rfal_analogConfig.o
                0x08005c80                rfalAnalogConfigInitialize
 .text.rfalSetAnalogConfig
                0x08005ca0       0xd0 ./Middlewares/ST/rfal/Src/rfal_analogConfig.o
                0x08005ca0                rfalSetAnalogConfig
 .text.rfalNfcDeactivation
                0x08005d70       0xb8 ./Middlewares/ST/rfal/Src/rfal_nfc.o
 .text.rfalNfcNfcDepActivate.constprop.0
                0x08005e28      0x128 ./Middlewares/ST/rfal/Src/rfal_nfc.o
 .text.rfalNfcInitialize
                0x08005f50       0x2c ./Middlewares/ST/rfal/Src/rfal_nfc.o
                0x08005f50                rfalNfcInitialize
 .text.rfalNfcDiscover
                0x08005f7c       0xa8 ./Middlewares/ST/rfal/Src/rfal_nfc.o
                0x08005f7c                rfalNfcDiscover
 .text.rfalNfcDeactivate
                0x08006024       0x58 ./Middlewares/ST/rfal/Src/rfal_nfc.o
                0x08006024                rfalNfcDeactivate
 .text.rfalNfcSelect
                0x0800607c       0x20 ./Middlewares/ST/rfal/Src/rfal_nfc.o
                0x0800607c                rfalNfcSelect
 .text.rfalNfcGetState
                0x0800609c        0xc ./Middlewares/ST/rfal/Src/rfal_nfc.o
                0x0800609c                rfalNfcGetState
 .text.rfalNfcGetDevicesFound
                0x080060a8       0x28 ./Middlewares/ST/rfal/Src/rfal_nfc.o
                0x080060a8                rfalNfcGetDevicesFound
 .text.rfalNfcGetActiveDevice
                0x080060d0       0x2c ./Middlewares/ST/rfal/Src/rfal_nfc.o
                0x080060d0                rfalNfcGetActiveDevice
 .text.rfalNfcDataExchangeStart
                0x080060fc      0x130 ./Middlewares/ST/rfal/Src/rfal_nfc.o
                0x080060fc                rfalNfcDataExchangeStart
 .text.rfalNfcDataExchangeGetStatus
                0x0800622c       0x94 ./Middlewares/ST/rfal/Src/rfal_nfc.o
                0x0800622c                rfalNfcDataExchangeGetStatus
 .text.rfalNfcWorker
                0x080062c0      0x56c ./Middlewares/ST/rfal/Src/rfal_nfc.o
                0x080062c0                rfalNfcWorker
 .text.nfcipClearCounters
                0x0800682c       0x18 ./Middlewares/ST/rfal/Src/rfal_nfcDep.o
 .text.nfcipTx  0x08006844      0x198 ./Middlewares/ST/rfal/Src/rfal_nfcDep.o
 .text.nfcipDEPControlMsg
                0x080069dc       0x5c ./Middlewares/ST/rfal/Src/rfal_nfcDep.o
 .text.nfcipDataRx
                0x08006a38       0x3c ./Middlewares/ST/rfal/Src/rfal_nfcDep.o
 .text.nfcipConfig.part.0
                0x08006a74       0x50 ./Middlewares/ST/rfal/Src/rfal_nfcDep.o
 .text.nfcipTxRx
                0x08006ac4       0x48 ./Middlewares/ST/rfal/Src/rfal_nfcDep.o
 .text.rfalNfcDepInitialize
                0x08006b0c       0x4c ./Middlewares/ST/rfal/Src/rfal_nfcDep.o
                0x08006b0c                rfalNfcDepInitialize
 .text.rfalNfcDepIsAtrReq
                0x08006b58       0x2c ./Middlewares/ST/rfal/Src/rfal_nfcDep.o
                0x08006b58                rfalNfcDepIsAtrReq
 .text.rfalNfcDepATR
                0x08006b84       0xf8 ./Middlewares/ST/rfal/Src/rfal_nfcDep.o
                0x08006b84                rfalNfcDepATR
 .text.rfalNfcDepPSL
                0x08006c7c       0x60 ./Middlewares/ST/rfal/Src/rfal_nfcDep.o
                0x08006c7c                rfalNfcDepPSL
 .text.rfalNfcDepDSL
                0x08006cdc       0x68 ./Middlewares/ST/rfal/Src/rfal_nfcDep.o
                0x08006cdc                rfalNfcDepDSL
 .text.rfalNfcDepRLS
                0x08006d44       0x6c ./Middlewares/ST/rfal/Src/rfal_nfcDep.o
                0x08006d44                rfalNfcDepRLS
 .text.rfalNfcDepInitiatorHandleActivation
                0x08006db0      0x10c ./Middlewares/ST/rfal/Src/rfal_nfcDep.o
                0x08006db0                rfalNfcDepInitiatorHandleActivation
 .text.rfalNfcDepListenStartActivation
                0x08006ebc      0x158 ./Middlewares/ST/rfal/Src/rfal_nfcDep.o
                0x08006ebc                rfalNfcDepListenStartActivation
 .text.rfalNfcDepListenGetActivationStatus
                0x08007014      0x12c ./Middlewares/ST/rfal/Src/rfal_nfcDep.o
                0x08007014                rfalNfcDepListenGetActivationStatus
 .text.rfalNfcDepStartTransceive
                0x08007140       0x70 ./Middlewares/ST/rfal/Src/rfal_nfcDep.o
                0x08007140                rfalNfcDepStartTransceive
 .text.rfalNfcDepGetTransceiveStatus
                0x080071b0      0x718 ./Middlewares/ST/rfal/Src/rfal_nfcDep.o
                0x080071b0                rfalNfcDepGetTransceiveStatus
 .text.rfalNfcDepStartPduTransceive
                0x080078c8       0x8c ./Middlewares/ST/rfal/Src/rfal_nfcDep.o
                0x080078c8                rfalNfcDepStartPduTransceive
 .text.rfalNfcDepGetPduTransceiveStatus
                0x08007954      0x10c ./Middlewares/ST/rfal/Src/rfal_nfcDep.o
                0x08007954                rfalNfcDepGetPduTransceiveStatus
 .text.BSP_SPI1_IRQ_Callback
                0x08007a60        0x4 ./X-CUBE-NFC6/App/app_x-cube-nfcx.o
                0x08007a60                BSP_SPI1_IRQ_Callback
 .text.MX_X_CUBE_NFC6_Process
                0x08007a64        0x4 ./X-CUBE-NFC6/App/app_x-cube-nfcx.o
                0x08007a64                MX_X_CUBE_NFC6_Process
 .text.MX_NFC8_PollingTagDetect_Init
                0x08007a68      0x138 ./X-CUBE-NFC6/App/app_x-cube-nfcx.o
                0x08007a68                MX_NFC8_PollingTagDetect_Init
 .text.MX_X_CUBE_NFC6_Init
                0x08007ba0        0x4 ./X-CUBE-NFC6/App/app_x-cube-nfcx.o
                0x08007ba0                MX_X_CUBE_NFC6_Init
 .text.BSP_NFC0XCOMM_SendRecv
                0x08007ba4       0x48 ./X-CUBE-NFC6/App/app_x-cube-nfcx.o
                0x08007ba4                BSP_NFC0XCOMM_SendRecv
 .text.cmdCompare
                0x08007bec       0x24 ./X-CUBE-NFC6/Target/demo_ce.o
 .text.demoCeT3TCheck
                0x08007c10      0x12c ./X-CUBE-NFC6/Target/demo_ce.o
 .text.demoCeT3TUpdate
                0x08007d3c       0xec ./X-CUBE-NFC6/Target/demo_ce.o
 .text.demoCeInit
                0x08007e28       0x58 ./X-CUBE-NFC6/Target/demo_ce.o
                0x08007e28                demoCeInit
 .text.demoCeT4T
                0x08007e80      0x1ac ./X-CUBE-NFC6/Target/demo_ce.o
                0x08007e80                demoCeT4T
 .text.demoCeT3T
                0x0800802c       0x54 ./X-CUBE-NFC6/Target/demo_ce.o
                0x0800802c                demoCeT3T
 .text.demoNotif
                0x08008080       0x80 ./X-CUBE-NFC6/Target/demo_polling.o
 .text.demoP2P.isra.0
                0x08008100       0x64 ./X-CUBE-NFC6/Target/demo_polling.o
 .text.demoIni  0x08008164       0xf8 ./X-CUBE-NFC6/Target/demo_polling.o
                0x08008164                demoIni
 .text.demoCycle
                0x0800825c      0x318 ./X-CUBE-NFC6/Target/demo_polling.o
                0x0800825c                demoCycle
 .text.logUsartTx
                0x08008574       0x28 ./X-CUBE-NFC6/Target/logger.o
                0x08008574                logUsartTx
 .text.logUsart
                0x0800859c       0x34 ./X-CUBE-NFC6/Target/logger.o
                0x0800859c                logUsart
 .text.hex2Str  0x080085d0       0x80 ./X-CUBE-NFC6/Target/logger.o
                0x080085d0                hex2Str
 .text._Error_Handler
                0x08008650        0x2 ./X-CUBE-NFC6/Target/nfc_conf.o
                0x08008650                _Error_Handler
 *fill*         0x08008652        0x2 
 .text.malloc   0x08008654       0x10 E:/STM32CubeIDE_1.13.2/STM32CubeIDE/plugins/com.st.stm32cube.ide.mcu.externaltools.gnu-tools-for-stm32.12.3.rel1.win32_1.0.100.202403111256/tools/bin/../lib/gcc/arm-none-eabi/12.3.1/../../../../arm-none-eabi/lib/thumb/v7e-m+fp/hard\libc_nano.a(libc_a-malloc.o)
                0x08008654                malloc
 .text.sbrk_aligned
                0x08008664       0x44 E:/STM32CubeIDE_1.13.2/STM32CubeIDE/plugins/com.st.stm32cube.ide.mcu.externaltools.gnu-tools-for-stm32.12.3.rel1.win32_1.0.100.202403111256/tools/bin/../lib/gcc/arm-none-eabi/12.3.1/../../../../arm-none-eabi/lib/thumb/v7e-m+fp/hard\libc_nano.a(libc_a-mallocr.o)
 .text._malloc_r
                0x080086a8      0x100 E:/STM32CubeIDE_1.13.2/STM32CubeIDE/plugins/com.st.stm32cube.ide.mcu.externaltools.gnu-tools-for-stm32.12.3.rel1.win32_1.0.100.202403111256/tools/bin/../lib/gcc/arm-none-eabi/12.3.1/../../../../arm-none-eabi/lib/thumb/v7e-m+fp/hard\libc_nano.a(libc_a-mallocr.o)
                0x080086a8                _malloc_r
 .text.__malloc_lock
                0x080087a8        0xc E:/STM32CubeIDE_1.13.2/STM32CubeIDE/plugins/com.st.stm32cube.ide.mcu.externaltools.gnu-tools-for-stm32.12.3.rel1.win32_1.0.100.202403111256/tools/bin/../lib/gcc/arm-none-eabi/12.3.1/../../../../arm-none-eabi/lib/thumb/v7e-m+fp/hard\libc_nano.a(libc_a-mlock.o)
                0x080087a8                __malloc_lock
 .text.__malloc_unlock
                0x080087b4        0xc E:/STM32CubeIDE_1.13.2/STM32CubeIDE/plugins/com.st.stm32cube.ide.mcu.externaltools.gnu-tools-for-stm32.12.3.rel1.win32_1.0.100.202403111256/tools/bin/../lib/gcc/arm-none-eabi/12.3.1/../../../../arm-none-eabi/lib/thumb/v7e-m+fp/hard\libc_nano.a(libc_a-mlock.o)
                0x080087b4                __malloc_unlock
 .text._vsnprintf_r
                0x080087c0       0x56 E:/STM32CubeIDE_1.13.2/STM32CubeIDE/plugins/com.st.stm32cube.ide.mcu.externaltools.gnu-tools-for-stm32.12.3.rel1.win32_1.0.100.202403111256/tools/bin/../lib/gcc/arm-none-eabi/12.3.1/../../../../arm-none-eabi/lib/thumb/v7e-m+fp/hard\libc_nano.a(libc_a-vsnprintf.o)
                0x080087c0                _vsniprintf_r
                0x080087c0                _vsnprintf_r
 *fill*         0x08008816        0x2 
 .text.vsnprintf
                0x08008818       0x1c E:/STM32CubeIDE_1.13.2/STM32CubeIDE/plugins/com.st.stm32cube.ide.mcu.externaltools.gnu-tools-for-stm32.12.3.rel1.win32_1.0.100.202403111256/tools/bin/../lib/gcc/arm-none-eabi/12.3.1/../../../../arm-none-eabi/lib/thumb/v7e-m+fp/hard\libc_nano.a(libc_a-vsnprintf.o)
                0x08008818                vsniprintf
                0x08008818                vsnprintf
 .text.memcmp   0x08008834       0x20 E:/STM32CubeIDE_1.13.2/STM32CubeIDE/plugins/com.st.stm32cube.ide.mcu.externaltools.gnu-tools-for-stm32.12.3.rel1.win32_1.0.100.202403111256/tools/bin/../lib/gcc/arm-none-eabi/12.3.1/../../../../arm-none-eabi/lib/thumb/v7e-m+fp/hard\libc_nano.a(libc_a-memcmp.o)
                0x08008834                memcmp
 .text.memmove  0x08008854       0x34 E:/STM32CubeIDE_1.13.2/STM32CubeIDE/plugins/com.st.stm32cube.ide.mcu.externaltools.gnu-tools-for-stm32.12.3.rel1.win32_1.0.100.202403111256/tools/bin/../lib/gcc/arm-none-eabi/12.3.1/../../../../arm-none-eabi/lib/thumb/v7e-m+fp/hard\libc_nano.a(libc_a-memmove.o)
                0x08008854                memmove
 .text.memset   0x08008888       0x10 E:/STM32CubeIDE_1.13.2/STM32CubeIDE/plugins/com.st.stm32cube.ide.mcu.externaltools.gnu-tools-for-stm32.12.3.rel1.win32_1.0.100.202403111256/tools/bin/../lib/gcc/arm-none-eabi/12.3.1/../../../../arm-none-eabi/lib/thumb/v7e-m+fp/hard\libc_nano.a(libc_a-memset.o)
                0x08008888                memset
 .text._sbrk_r  0x08008898       0x20 E:/STM32CubeIDE_1.13.2/STM32CubeIDE/plugins/com.st.stm32cube.ide.mcu.externaltools.gnu-tools-for-stm32.12.3.rel1.win32_1.0.100.202403111256/tools/bin/../lib/gcc/arm-none-eabi/12.3.1/../../../../arm-none-eabi/lib/thumb/v7e-m+fp/hard\libc_nano.a(libc_a-sbrkr.o)
                0x08008898                _sbrk_r
 .text.__errno  0x080088b8        0xc E:/STM32CubeIDE_1.13.2/STM32CubeIDE/plugins/com.st.stm32cube.ide.mcu.externaltools.gnu-tools-for-stm32.12.3.rel1.win32_1.0.100.202403111256/tools/bin/../lib/gcc/arm-none-eabi/12.3.1/../../../../arm-none-eabi/lib/thumb/v7e-m+fp/hard\libc_nano.a(libc_a-errno.o)
                0x080088b8                __errno
 .text.__libc_init_array
                0x080088c4       0x48 E:/STM32CubeIDE_1.13.2/STM32CubeIDE/plugins/com.st.stm32cube.ide.mcu.externaltools.gnu-tools-for-stm32.12.3.rel1.win32_1.0.100.202403111256/tools/bin/../lib/gcc/arm-none-eabi/12.3.1/../../../../arm-none-eabi/lib/thumb/v7e-m+fp/hard\libc_nano.a(libc_a-init.o)
                0x080088c4                __libc_init_array
 .text.__retarget_lock_acquire_recursive
                0x0800890c        0x2 E:/STM32CubeIDE_1.13.2/STM32CubeIDE/plugins/com.st.stm32cube.ide.mcu.externaltools.gnu-tools-for-stm32.12.3.rel1.win32_1.0.100.202403111256/tools/bin/../lib/gcc/arm-none-eabi/12.3.1/../../../../arm-none-eabi/lib/thumb/v7e-m+fp/hard\libc_nano.a(libc_a-lock.o)
                0x0800890c                __retarget_lock_acquire_recursive
 .text.__retarget_lock_release_recursive
                0x0800890e        0x2 E:/STM32CubeIDE_1.13.2/STM32CubeIDE/plugins/com.st.stm32cube.ide.mcu.externaltools.gnu-tools-for-stm32.12.3.rel1.win32_1.0.100.202403111256/tools/bin/../lib/gcc/arm-none-eabi/12.3.1/../../../../arm-none-eabi/lib/thumb/v7e-m+fp/hard\libc_nano.a(libc_a-lock.o)
                0x0800890e                __retarget_lock_release_recursive
 .text.memcpy   0x08008910       0x1c E:/STM32CubeIDE_1.13.2/STM32CubeIDE/plugins/com.st.stm32cube.ide.mcu.externaltools.gnu-tools-for-stm32.12.3.rel1.win32_1.0.100.202403111256/tools/bin/../lib/gcc/arm-none-eabi/12.3.1/../../../../arm-none-eabi/lib/thumb/v7e-m+fp/hard\libc_nano.a(libc_a-memcpy-stub.o)
                0x08008910                memcpy
 .text._free_r  0x0800892c       0x94 E:/STM32CubeIDE_1.13.2/STM32CubeIDE/plugins/com.st.stm32cube.ide.mcu.externaltools.gnu-tools-for-stm32.12.3.rel1.win32_1.0.100.202403111256/tools/bin/../lib/gcc/arm-none-eabi/12.3.1/../../../../arm-none-eabi/lib/thumb/v7e-m+fp/hard\libc_nano.a(libc_a-freer.o)
                0x0800892c                _free_r
 .text.__ssputs_r
                0x080089c0       0xb6 E:/STM32CubeIDE_1.13.2/STM32CubeIDE/plugins/com.st.stm32cube.ide.mcu.externaltools.gnu-tools-for-stm32.12.3.rel1.win32_1.0.100.202403111256/tools/bin/../lib/gcc/arm-none-eabi/12.3.1/../../../../arm-none-eabi/lib/thumb/v7e-m+fp/hard\libc_nano.a(libc_a-nano-svfprintf.o)
                0x080089c0                __ssputs_r
 *fill*         0x08008a76        0x2 
 .text._svfprintf_r
                0x08008a78      0x1f8 E:/STM32CubeIDE_1.13.2/STM32CubeIDE/plugins/com.st.stm32cube.ide.mcu.externaltools.gnu-tools-for-stm32.12.3.rel1.win32_1.0.100.202403111256/tools/bin/../lib/gcc/arm-none-eabi/12.3.1/../../../../arm-none-eabi/lib/thumb/v7e-m+fp/hard\libc_nano.a(libc_a-nano-svfprintf.o)
                0x08008a78                _svfiprintf_r
                0x08008a78                _svfprintf_r
 .text._printf_common
                0x08008c70       0xda E:/STM32CubeIDE_1.13.2/STM32CubeIDE/plugins/com.st.stm32cube.ide.mcu.externaltools.gnu-tools-for-stm32.12.3.rel1.win32_1.0.100.202403111256/tools/bin/../lib/gcc/arm-none-eabi/12.3.1/../../../../arm-none-eabi/lib/thumb/v7e-m+fp/hard\libc_nano.a(libc_a-nano-vfprintf_i.o)
                0x08008c70                _printf_common
 *fill*         0x08008d4a        0x2 
 .text._printf_i
                0x08008d4c      0x240 E:/STM32CubeIDE_1.13.2/STM32CubeIDE/plugins/com.st.stm32cube.ide.mcu.externaltools.gnu-tools-for-stm32.12.3.rel1.win32_1.0.100.202403111256/tools/bin/../lib/gcc/arm-none-eabi/12.3.1/../../../../arm-none-eabi/lib/thumb/v7e-m+fp/hard\libc_nano.a(libc_a-nano-vfprintf_i.o)
                0x08008d4c                _printf_i
 .text._realloc_r
                0x08008f8c       0x5c E:/STM32CubeIDE_1.13.2/STM32CubeIDE/plugins/com.st.stm32cube.ide.mcu.externaltools.gnu-tools-for-stm32.12.3.rel1.win32_1.0.100.202403111256/tools/bin/../lib/gcc/arm-none-eabi/12.3.1/../../../../arm-none-eabi/lib/thumb/v7e-m+fp/hard\libc_nano.a(libc_a-reallocr.o)
                0x08008f8c                _realloc_r
 .text._malloc_usable_size_r
                0x08008fe8       0x10 E:/STM32CubeIDE_1.13.2/STM32CubeIDE/plugins/com.st.stm32cube.ide.mcu.externaltools.gnu-tools-for-stm32.12.3.rel1.win32_1.0.100.202403111256/tools/bin/../lib/gcc/arm-none-eabi/12.3.1/../../../../arm-none-eabi/lib/thumb/v7e-m+fp/hard\libc_nano.a(libc_a-msizer.o)
                0x08008fe8                _malloc_usable_size_r
 *(.glue_7)
 .glue_7        0x08008ff8        0x0 linker stubs
 *(.glue_7t)
 .glue_7t       0x08008ff8        0x0 linker stubs
 *(.eh_frame)
 .eh_frame      0x08008ff8        0x0 E:/STM32CubeIDE_1.13.2/STM32CubeIDE/plugins/com.st.stm32cube.ide.mcu.externaltools.gnu-tools-for-stm32.12.3.rel1.win32_1.0.100.202403111256/tools/bin/../lib/gcc/arm-none-eabi/12.3.1/thumb/v7e-m+fp/hard/crtbegin.o
 *(.init)
 .init          0x08008ff8        0x4 E:/STM32CubeIDE_1.13.2/STM32CubeIDE/plugins/com.st.stm32cube.ide.mcu.externaltools.gnu-tools-for-stm32.12.3.rel1.win32_1.0.100.202403111256/tools/bin/../lib/gcc/arm-none-eabi/12.3.1/thumb/v7e-m+fp/hard/crti.o
                0x08008ff8                _init
 .init          0x08008ffc        0x8 E:/STM32CubeIDE_1.13.2/STM32CubeIDE/plugins/com.st.stm32cube.ide.mcu.externaltools.gnu-tools-for-stm32.12.3.rel1.win32_1.0.100.202403111256/tools/bin/../lib/gcc/arm-none-eabi/12.3.1/thumb/v7e-m+fp/hard/crtn.o
 *(.fini)
 .fini          0x08009004        0x4 E:/STM32CubeIDE_1.13.2/STM32CubeIDE/plugins/com.st.stm32cube.ide.mcu.externaltools.gnu-tools-for-stm32.12.3.rel1.win32_1.0.100.202403111256/tools/bin/../lib/gcc/arm-none-eabi/12.3.1/thumb/v7e-m+fp/hard/crti.o
                0x08009004                _fini
 .fini          0x08009008        0x8 E:/STM32CubeIDE_1.13.2/STM32CubeIDE/plugins/com.st.stm32cube.ide.mcu.externaltools.gnu-tools-for-stm32.12.3.rel1.win32_1.0.100.202403111256/tools/bin/../lib/gcc/arm-none-eabi/12.3.1/thumb/v7e-m+fp/hard/crtn.o
                0x08009010                        . = ALIGN (0x4)
                0x08009010                        _etext = .

.vfp11_veneer   0x08009010        0x0
 .vfp11_veneer  0x08009010        0x0 linker stubs

.v4_bx          0x08009010        0x0
 .v4_bx         0x08009010        0x0 linker stubs

.iplt           0x08009010        0x0
 .iplt          0x08009010        0x0 E:/STM32CubeIDE_1.13.2/STM32CubeIDE/plugins/com.st.stm32cube.ide.mcu.externaltools.gnu-tools-for-stm32.12.3.rel1.win32_1.0.100.202403111256/tools/bin/../lib/gcc/arm-none-eabi/12.3.1/thumb/v7e-m+fp/hard/crtbegin.o

.rodata         0x08009010      0x6dc
                0x08009010                        . = ALIGN (0x4)
 *(.rodata)
 .rodata        0x08009010        0xd ./X-CUBE-NFC6/Target/demo_ce.o
 .rodata        0x0800901d       0x1e ./X-CUBE-NFC6/Target/demo_polling.o
 *(.rodata*)
 .rodata.NFC_CAN_DataExchange.str1.1
                0x0800903b       0x15 ./Core/Src/ring_buffer.o
 .rodata.MSIRangeTable
                0x08009050       0x30 ./Core/Src/system_stm32l4xx.o
                0x08009050                MSIRangeTable
 .rodata.APBPrescTable
                0x08009080        0x8 ./Core/Src/system_stm32l4xx.o
                0x08009080                APBPrescTable
 .rodata.AHBPrescTable
                0x08009088       0x10 ./Core/Src/system_stm32l4xx.o
                0x08009088                AHBPrescTable
 .rodata.st25r3916Initialize.str1.1
                0x08009098       0x30 ./Drivers/BSP/Components/ST25R3916/st25r3916.o
 .rodata.MX_NFC8_PollingTagDetect_Init.str1.1
                0x080090c8       0x55 ./X-CUBE-NFC6/App/app_x-cube-nfcx.o
 *fill*         0x0800911d        0x1 
 .rodata.rfalAnalogConfigCustomSettingsLength
                0x0800911e        0x2 ./X-CUBE-NFC6/Target/analogConfigTbl_NFC08A1.o
                0x0800911e                rfalAnalogConfigCustomSettingsLength
 .rodata.rfalAnalogConfigCustomSettings
                0x08009120      0x2c3 ./X-CUBE-NFC6/Target/analogConfigTbl_NFC08A1.o
                0x08009120                rfalAnalogConfigCustomSettings
 .rodata.demoCeT3TCheck.str1.1
                0x080093e3       0x20 ./X-CUBE-NFC6/Target/demo_ce.o
 .rodata.ndef_uri
                0x08009403       0x17 ./X-CUBE-NFC6/Target/demo_ce.o
 *fill*         0x0800941a        0x2 
 .rodata.pdwFileSize
                0x0800941c        0x8 ./X-CUBE-NFC6/Target/demo_ce.o
 .rodata.demoNotif.str1.1
                0x08009424       0x66 ./X-CUBE-NFC6/Target/demo_polling.o
 .rodata.demoP2P.isra.0.str1.1
                0x0800948a       0x57 ./X-CUBE-NFC6/Target/demo_polling.o
 .rodata.demoCycle.str1.1
                0x080094e1      0x1d8 ./X-CUBE-NFC6/Target/demo_polling.o
 .rodata.hex2Str.str1.1
                0x080096b9       0x11 ./X-CUBE-NFC6/Target/logger.o
 .rodata._svfprintf_r.str1.1
                0x080096ca       0x11 E:/STM32CubeIDE_1.13.2/STM32CubeIDE/plugins/com.st.stm32cube.ide.mcu.externaltools.gnu-tools-for-stm32.12.3.rel1.win32_1.0.100.202403111256/tools/bin/../lib/gcc/arm-none-eabi/12.3.1/../../../../arm-none-eabi/lib/thumb/v7e-m+fp/hard\libc_nano.a(libc_a-nano-svfprintf.o)
 .rodata._printf_i.str1.1
                0x080096db       0x11 E:/STM32CubeIDE_1.13.2/STM32CubeIDE/plugins/com.st.stm32cube.ide.mcu.externaltools.gnu-tools-for-stm32.12.3.rel1.win32_1.0.100.202403111256/tools/bin/../lib/gcc/arm-none-eabi/12.3.1/../../../../arm-none-eabi/lib/thumb/v7e-m+fp/hard\libc_nano.a(libc_a-nano-vfprintf_i.o)
                                 0x22 (size before relaxing)
                0x080096ec                        . = ALIGN (0x4)

.ARM.extab      0x080096ec        0x0
                0x080096ec                        . = ALIGN (0x4)
 *(.ARM.extab* .gnu.linkonce.armextab.*)
                0x080096ec                        . = ALIGN (0x4)

.ARM            0x080096ec        0x8
                0x080096ec                        . = ALIGN (0x4)
                0x080096ec                        __exidx_start = .
 *(.ARM.exidx*)
 .ARM.exidx     0x080096ec        0x8 E:/STM32CubeIDE_1.13.2/STM32CubeIDE/plugins/com.st.stm32cube.ide.mcu.externaltools.gnu-tools-for-stm32.12.3.rel1.win32_1.0.100.202403111256/tools/bin/../lib/gcc/arm-none-eabi/12.3.1/../../../../arm-none-eabi/lib/thumb/v7e-m+fp/hard\libc_nano.a(libc_a-strlen.o)
 .ARM.exidx     0x080096f4        0x0 E:/STM32CubeIDE_1.13.2/STM32CubeIDE/plugins/com.st.stm32cube.ide.mcu.externaltools.gnu-tools-for-stm32.12.3.rel1.win32_1.0.100.202403111256/tools/bin/../lib/gcc/arm-none-eabi/12.3.1/../../../../arm-none-eabi/lib/thumb/v7e-m+fp/hard\libc_nano.a(libc_a-memchr.o)
                                  0x8 (size before relaxing)
 .ARM.exidx     0x080096f4        0x0 E:/STM32CubeIDE_1.13.2/STM32CubeIDE/plugins/com.st.stm32cube.ide.mcu.externaltools.gnu-tools-for-stm32.12.3.rel1.win32_1.0.100.202403111256/tools/bin/../lib/gcc/arm-none-eabi/12.3.1/thumb/v7e-m+fp/hard\libgcc.a(_udivmoddi4.o)
                                  0x8 (size before relaxing)
                0x080096f4                        __exidx_end = .
                0x080096f4                        . = ALIGN (0x4)

.preinit_array  0x080096f4        0x0
                0x080096f4                        . = ALIGN (0x4)
                0x080096f4                        PROVIDE (__preinit_array_start = .)
 *(.preinit_array*)
                0x080096f4                        PROVIDE (__preinit_array_end = .)
                0x080096f4                        . = ALIGN (0x4)

.init_array     0x080096f4        0x4
                0x080096f4                        . = ALIGN (0x4)
                0x080096f4                        PROVIDE (__init_array_start = .)
 *(SORT_BY_NAME(.init_array.*))
 *(.init_array*)
 .init_array    0x080096f4        0x4 E:/STM32CubeIDE_1.13.2/STM32CubeIDE/plugins/com.st.stm32cube.ide.mcu.externaltools.gnu-tools-for-stm32.12.3.rel1.win32_1.0.100.202403111256/tools/bin/../lib/gcc/arm-none-eabi/12.3.1/thumb/v7e-m+fp/hard/crtbegin.o
                0x080096f8                        PROVIDE (__init_array_end = .)
                0x080096f8                        . = ALIGN (0x4)

.fini_array     0x080096f8        0x4
                0x080096f8                        . = ALIGN (0x4)
                [!provide]                        PROVIDE (__fini_array_start = .)
 *(SORT_BY_NAME(.fini_array.*))
 *(.fini_array*)
 .fini_array    0x080096f8        0x4 E:/STM32CubeIDE_1.13.2/STM32CubeIDE/plugins/com.st.stm32cube.ide.mcu.externaltools.gnu-tools-for-stm32.12.3.rel1.win32_1.0.100.202403111256/tools/bin/../lib/gcc/arm-none-eabi/12.3.1/thumb/v7e-m+fp/hard/crtbegin.o
                [!provide]                        PROVIDE (__fini_array_end = .)
                0x080096fc                        . = ALIGN (0x4)
                0x080096fc                        _sidata = LOADADDR (.data)

.rel.dyn        0x080096fc        0x0
 .rel.iplt      0x080096fc        0x0 E:/STM32CubeIDE_1.13.2/STM32CubeIDE/plugins/com.st.stm32cube.ide.mcu.externaltools.gnu-tools-for-stm32.12.3.rel1.win32_1.0.100.202403111256/tools/bin/../lib/gcc/arm-none-eabi/12.3.1/thumb/v7e-m+fp/hard/crtbegin.o

.data           0x20000000       0xd0 load address 0x080096fc
                0x20000000                        . = ALIGN (0x4)
                0x20000000                        _sdata = .
 *(.data)
 *(.data*)
 .data.SystemCoreClock
                0x20000000        0x4 ./Core/Src/system_stm32l4xx.o
                0x20000000                SystemCoreClock
 .data.COM_USART
                0x20000004        0x4 ./Drivers/BSP/STM32L4xx_Nucleo/stm32l4xx_nucleo.o
                0x20000004                COM_USART
 .data.hpb_exti
                0x20000008        0x8 ./Drivers/BSP/STM32L4xx_Nucleo/stm32l4xx_nucleo.o
                0x20000008                hpb_exti
 .data.uwTickFreq
                0x20000010        0x1 ./Drivers/STM32L4xx_HAL_Driver/Src/stm32l4xx_hal.o
                0x20000010                uwTickFreq
 *fill*         0x20000011        0x3 
 .data.uwTickPrio
                0x20000014        0x4 ./Drivers/STM32L4xx_HAL_Driver/Src/stm32l4xx_hal.o
                0x20000014                uwTickPrio
 .data.InformationBlock
                0x20000018       0x10 ./X-CUBE-NFC6/Target/demo_ce.o
 .data.demoNdefFileLen
                0x20000028        0x4 ./X-CUBE-NFC6/Target/demo_ce.o
                0x20000028                demoNdefFileLen
 .data.demoNdefFile
                0x2000002c        0x4 ./X-CUBE-NFC6/Target/demo_ce.o
                0x2000002c                demoNdefFile
 .data.ccfile   0x20000030        0xf ./X-CUBE-NFC6/Target/demo_ce.o
 *fill*         0x2000003f        0x1 
 .data.nSelectedIdx
                0x20000040        0x4 ./X-CUBE-NFC6/Target/demo_ce.o
 .data.ceNFCF_SENSF_RES
                0x20000044       0x13 ./X-CUBE-NFC6/Target/demo_polling.o
 .data.ceNFCF_nfcid2
                0x20000057        0x8 ./X-CUBE-NFC6/Target/demo_polling.o
 .data.ndefInit
                0x2000005f       0x1a ./X-CUBE-NFC6/Target/demo_polling.o
 *fill*         0x20000079        0x3 
 .data.pLogUsart
                0x2000007c        0x4 ./X-CUBE-NFC6/Target/logger.o
                0x2000007c                pLogUsart
 .data._impure_ptr
                0x20000080        0x4 E:/STM32CubeIDE_1.13.2/STM32CubeIDE/plugins/com.st.stm32cube.ide.mcu.externaltools.gnu-tools-for-stm32.12.3.rel1.win32_1.0.100.202403111256/tools/bin/../lib/gcc/arm-none-eabi/12.3.1/../../../../arm-none-eabi/lib/thumb/v7e-m+fp/hard\libc_nano.a(libc_a-impure.o)
                0x20000080                _impure_ptr
 .data._impure_data
                0x20000084       0x4c E:/STM32CubeIDE_1.13.2/STM32CubeIDE/plugins/com.st.stm32cube.ide.mcu.externaltools.gnu-tools-for-stm32.12.3.rel1.win32_1.0.100.202403111256/tools/bin/../lib/gcc/arm-none-eabi/12.3.1/../../../../arm-none-eabi/lib/thumb/v7e-m+fp/hard\libc_nano.a(libc_a-impure.o)
                0x20000084                _impure_data
 *(.RamFunc)
 *(.RamFunc*)
                0x200000d0                        . = ALIGN (0x4)
                0x200000d0                        _edata = .

.igot.plt       0x200000d0        0x0 load address 0x080097cc
 .igot.plt      0x200000d0        0x0 E:/STM32CubeIDE_1.13.2/STM32CubeIDE/plugins/com.st.stm32cube.ide.mcu.externaltools.gnu-tools-for-stm32.12.3.rel1.win32_1.0.100.202403111256/tools/bin/../lib/gcc/arm-none-eabi/12.3.1/thumb/v7e-m+fp/hard/crtbegin.o
                0x200000d0                        . = ALIGN (0x4)

.bss            0x200000d0     0x1124 load address 0x080097cc
                0x200000d0                        _sbss = .
                0x200000d0                        __bss_start__ = _sbss
 *(.bss)
 .bss           0x200000d0       0x1c E:/STM32CubeIDE_1.13.2/STM32CubeIDE/plugins/com.st.stm32cube.ide.mcu.externaltools.gnu-tools-for-stm32.12.3.rel1.win32_1.0.100.202403111256/tools/bin/../lib/gcc/arm-none-eabi/12.3.1/thumb/v7e-m+fp/hard/crtbegin.o
 *(.bss*)
 .bss.Ring_FNFC
                0x200000ec       0x14 ./Core/Src/main.o
                0x200000ec                Ring_FNFC
 .bss.timerEN   0x20000100        0x1 ./Core/Src/main.o
                0x20000100                timerEN
 *fill*         0x20000101        0x3 
 .bss.total_CAN_Rx
                0x20000104        0x4 ./Core/Src/main.o
                0x20000104                total_CAN_Rx
 .bss.TxMailbox
                0x20000108        0x4 ./Core/Src/main.o
                0x20000108                TxMailbox
 .bss.RxHeader  0x2000010c       0x1c ./Core/Src/main.o
                0x2000010c                RxHeader
 .bss.TxHeader  0x20000128       0x18 ./Core/Src/main.o
                0x20000128                TxHeader
 .bss.htim4     0x20000140       0x4c ./Core/Src/main.o
                0x20000140                htim4
 .bss.htim3     0x2000018c       0x4c ./Core/Src/main.o
                0x2000018c                htim3
 .bss.htim2     0x200001d8       0x4c ./Core/Src/main.o
                0x200001d8                htim2
 .bss.hcan1     0x20000224       0x28 ./Core/Src/main.o
                0x20000224                hcan1
 .bss.SPI1InitCounter
                0x2000024c        0x4 ./Core/Src/stm32l4xx_nucleo_bus.o
 .bss.hspi1     0x20000250       0x64 ./Core/Src/stm32l4xx_nucleo_bus.o
                0x20000250                hspi1
 .bss.__sbrk_heap_end
                0x200002b4        0x4 ./Core/Src/sysmem.o
 .bss.gRFAL     0x200002b8       0x80 ./Drivers/BSP/Components/ST25R3916/rfal_rfst25r3916.o
 .bss.gST25R3916NRT_64fcs
                0x20000338        0x4 ./Drivers/BSP/Components/ST25R3916/st25r3916.o
 .bss.st25r3916interrupt
                0x2000033c       0x10 ./Drivers/BSP/Components/ST25R3916/st25r3916_irq.o
 .bss.hcom_uart
                0x2000034c       0x88 ./Drivers/BSP/STM32L4xx_Nucleo/stm32l4xx_nucleo.o
                0x2000034c                hcom_uart
 .bss.uwTick    0x200003d4        0x4 ./Drivers/STM32L4xx_HAL_Driver/Src/stm32l4xx_hal.o
                0x200003d4                uwTick
 .bss.gRfalAnalogConfigMgmt
                0x200003d8        0x8 ./Middlewares/ST/rfal/Src/rfal_analogConfig.o
 .bss.gNfcDev   0x200003e0      0x84c ./Middlewares/ST/rfal/Src/rfal_nfc.o
 .bss.gNfcip    0x20000c2c       0xb0 ./Middlewares/ST/rfal/Src/rfal_nfcDep.o
 .bss.globalCommProtectCnt
                0x20000cdc        0x1 ./X-CUBE-NFC6/App/app_x-cube-nfcx.o
                0x20000cdc                globalCommProtectCnt
 .bss.nState    0x20000cdd        0x1 ./X-CUBE-NFC6/Target/demo_ce.o
 .bss.ndefFile  0x20000cde      0x100 ./X-CUBE-NFC6/Target/demo_ce.o
 .bss.gNfcfNfcid
                0x20000dde        0x8 ./X-CUBE-NFC6/Target/demo_ce.o
 *fill*         0x20000de6        0x2 
 .bss.nfcDevice.0
                0x20000de8        0x4 ./X-CUBE-NFC6/Target/demo_polling.o
 .bss.multiSel  0x20000dec        0x1 ./X-CUBE-NFC6/Target/demo_polling.o
 .bss.state     0x20000ded        0x1 ./X-CUBE-NFC6/Target/demo_polling.o
 *fill*         0x20000dee        0x2 
 .bss.discParam
                0x20000df0       0xb0 ./X-CUBE-NFC6/Target/demo_polling.o
 .bss.hexStrIdx
                0x20000ea0        0x1 ./X-CUBE-NFC6/Target/logger.o
                0x20000ea0                hexStrIdx
 .bss.hexStr    0x20000ea1      0x200 ./X-CUBE-NFC6/Target/logger.o
                0x20000ea1                hexStr
 *fill*         0x200010a1        0x3 
 .bss.H_EXTI_0  0x200010a4        0x8 ./X-CUBE-NFC6/Target/nfc_conf.o
                0x200010a4                H_EXTI_0
 .bss.__malloc_sbrk_start
                0x200010ac        0x4 E:/STM32CubeIDE_1.13.2/STM32CubeIDE/plugins/com.st.stm32cube.ide.mcu.externaltools.gnu-tools-for-stm32.12.3.rel1.win32_1.0.100.202403111256/tools/bin/../lib/gcc/arm-none-eabi/12.3.1/../../../../arm-none-eabi/lib/thumb/v7e-m+fp/hard\libc_nano.a(libc_a-mallocr.o)
                0x200010ac                __malloc_sbrk_start
 .bss.__malloc_free_list
                0x200010b0        0x4 E:/STM32CubeIDE_1.13.2/STM32CubeIDE/plugins/com.st.stm32cube.ide.mcu.externaltools.gnu-tools-for-stm32.12.3.rel1.win32_1.0.100.202403111256/tools/bin/../lib/gcc/arm-none-eabi/12.3.1/../../../../arm-none-eabi/lib/thumb/v7e-m+fp/hard\libc_nano.a(libc_a-mallocr.o)
                0x200010b0                __malloc_free_list
 .bss.__sf      0x200010b4      0x138 E:/STM32CubeIDE_1.13.2/STM32CubeIDE/plugins/com.st.stm32cube.ide.mcu.externaltools.gnu-tools-for-stm32.12.3.rel1.win32_1.0.100.202403111256/tools/bin/../lib/gcc/arm-none-eabi/12.3.1/../../../../arm-none-eabi/lib/thumb/v7e-m+fp/hard\libc_nano.a(libc_a-findfp.o)
                0x200010b4                __sf
 .bss.errno     0x200011ec        0x4 E:/STM32CubeIDE_1.13.2/STM32CubeIDE/plugins/com.st.stm32cube.ide.mcu.externaltools.gnu-tools-for-stm32.12.3.rel1.win32_1.0.100.202403111256/tools/bin/../lib/gcc/arm-none-eabi/12.3.1/../../../../arm-none-eabi/lib/thumb/v7e-m+fp/hard\libc_nano.a(libc_a-reent.o)
                0x200011ec                errno
 .bss.__lock___malloc_recursive_mutex
                0x200011f0        0x1 E:/STM32CubeIDE_1.13.2/STM32CubeIDE/plugins/com.st.stm32cube.ide.mcu.externaltools.gnu-tools-for-stm32.12.3.rel1.win32_1.0.100.202403111256/tools/bin/../lib/gcc/arm-none-eabi/12.3.1/../../../../arm-none-eabi/lib/thumb/v7e-m+fp/hard\libc_nano.a(libc_a-lock.o)
                0x200011f0                __lock___malloc_recursive_mutex
 *(COMMON)
                0x200011f4                        . = ALIGN (0x4)
 *fill*         0x200011f1        0x3 
                0x200011f4                        _ebss = .
                0x200011f4                        __bss_end__ = _ebss

._user_heap_stack
                0x200011f4      0xa04 load address 0x080097cc
                0x200011f8                        . = ALIGN (0x8)
 *fill*         0x200011f4        0x4 
                [!provide]                        PROVIDE (end = .)
                0x200011f8                        PROVIDE (_end = .)
                0x200013f8                        . = (. + _Min_Heap_Size)
 *fill*         0x200011f8      0x200 
                0x20001bf8                        . = (. + _Min_Stack_Size)
 *fill*         0x200013f8      0x800 
                0x20001bf8                        . = ALIGN (0x8)

/DISCARD/
 libc.a(*)
 libm.a(*)
 libgcc.a(*)

.ARM.attributes
                0x00000000       0x30
 *(.ARM.attributes)
 .ARM.attributes
                0x00000000       0x22 E:/STM32CubeIDE_1.13.2/STM32CubeIDE/plugins/com.st.stm32cube.ide.mcu.externaltools.gnu-tools-for-stm32.12.3.rel1.win32_1.0.100.202403111256/tools/bin/../lib/gcc/arm-none-eabi/12.3.1/thumb/v7e-m+fp/hard/crti.o
 .ARM.attributes
                0x00000022       0x34 E:/STM32CubeIDE_1.13.2/STM32CubeIDE/plugins/com.st.stm32cube.ide.mcu.externaltools.gnu-tools-for-stm32.12.3.rel1.win32_1.0.100.202403111256/tools/bin/../lib/gcc/arm-none-eabi/12.3.1/thumb/v7e-m+fp/hard/crtbegin.o
 .ARM.attributes
                0x00000056       0x34 ./Core/Src/main.o
 .ARM.attributes
                0x0000008a       0x34 ./Core/Src/ring_buffer.o
 .ARM.attributes
                0x000000be       0x34 ./Core/Src/stm32l4xx_hal_msp.o
 .ARM.attributes
                0x000000f2       0x34 ./Core/Src/stm32l4xx_it.o
 .ARM.attributes
                0x00000126       0x34 ./Core/Src/stm32l4xx_nucleo_bus.o
 .ARM.attributes
                0x0000015a       0x34 ./Core/Src/sysmem.o
 .ARM.attributes
                0x0000018e       0x34 ./Core/Src/system_stm32l4xx.o
 .ARM.attributes
                0x000001c2       0x21 ./Core/Startup/startup_stm32l476rgtx.o
 .ARM.attributes
                0x000001e3       0x34 ./Drivers/BSP/Components/ST25R3916/rfal_rfst25r3916.o
 .ARM.attributes
                0x00000217       0x34 ./Drivers/BSP/Components/ST25R3916/st25r3916.o
 .ARM.attributes
                0x0000024b       0x34 ./Drivers/BSP/Components/ST25R3916/st25r3916_com.o
 .ARM.attributes
                0x0000027f       0x34 ./Drivers/BSP/Components/ST25R3916/st25r3916_irq.o
 .ARM.attributes
                0x000002b3       0x34 ./Drivers/BSP/Components/ST25R3916/st25r3916_led.o
 .ARM.attributes
                0x000002e7       0x34 ./Drivers/BSP/Components/ST25R3916/timer.o
 .ARM.attributes
                0x0000031b       0x34 ./Drivers/BSP/STM32L4xx_Nucleo/stm32l4xx_nucleo.o
 .ARM.attributes
                0x0000034f       0x34 ./Drivers/STM32L4xx_HAL_Driver/Src/stm32l4xx_hal.o
 .ARM.attributes
                0x00000383       0x34 ./Drivers/STM32L4xx_HAL_Driver/Src/stm32l4xx_hal_can.o
 .ARM.attributes
                0x000003b7       0x34 ./Drivers/STM32L4xx_HAL_Driver/Src/stm32l4xx_hal_cortex.o
 .ARM.attributes
                0x000003eb       0x34 ./Drivers/STM32L4xx_HAL_Driver/Src/stm32l4xx_hal_dma.o
 .ARM.attributes
                0x0000041f       0x34 ./Drivers/STM32L4xx_HAL_Driver/Src/stm32l4xx_hal_exti.o
 .ARM.attributes
                0x00000453       0x34 ./Drivers/STM32L4xx_HAL_Driver/Src/stm32l4xx_hal_gpio.o
 .ARM.attributes
                0x00000487       0x34 ./Drivers/STM32L4xx_HAL_Driver/Src/stm32l4xx_hal_pwr_ex.o
 .ARM.attributes
                0x000004bb       0x34 ./Drivers/STM32L4xx_HAL_Driver/Src/stm32l4xx_hal_rcc.o
 .ARM.attributes
                0x000004ef       0x34 ./Drivers/STM32L4xx_HAL_Driver/Src/stm32l4xx_hal_rcc_ex.o
 .ARM.attributes
                0x00000523       0x34 ./Drivers/STM32L4xx_HAL_Driver/Src/stm32l4xx_hal_spi.o
 .ARM.attributes
                0x00000557       0x34 ./Drivers/STM32L4xx_HAL_Driver/Src/stm32l4xx_hal_tim.o
 .ARM.attributes
                0x0000058b       0x34 ./Drivers/STM32L4xx_HAL_Driver/Src/stm32l4xx_hal_uart.o
 .ARM.attributes
                0x000005bf       0x34 ./Drivers/STM32L4xx_HAL_Driver/Src/stm32l4xx_hal_uart_ex.o
 .ARM.attributes
                0x000005f3       0x34 ./Middlewares/ST/rfal/Src/rfal_analogConfig.o
 .ARM.attributes
                0x00000627       0x34 ./Middlewares/ST/rfal/Src/rfal_nfc.o
 .ARM.attributes
                0x0000065b       0x34 ./Middlewares/ST/rfal/Src/rfal_nfcDep.o
 .ARM.attributes
                0x0000068f       0x34 ./X-CUBE-NFC6/App/app_x-cube-nfcx.o
 .ARM.attributes
                0x000006c3       0x34 ./X-CUBE-NFC6/Target/analogConfigTbl_NFC08A1.o
 .ARM.attributes
                0x000006f7       0x34 ./X-CUBE-NFC6/Target/demo_ce.o
 .ARM.attributes
                0x0000072b       0x34 ./X-CUBE-NFC6/Target/demo_polling.o
 .ARM.attributes
                0x0000075f       0x34 ./X-CUBE-NFC6/Target/logger.o
 .ARM.attributes
                0x00000793       0x34 ./X-CUBE-NFC6/Target/nfc_conf.o
 .ARM.attributes
                0x000007c7       0x34 E:/STM32CubeIDE_1.13.2/STM32CubeIDE/plugins/com.st.stm32cube.ide.mcu.externaltools.gnu-tools-for-stm32.12.3.rel1.win32_1.0.100.202403111256/tools/bin/../lib/gcc/arm-none-eabi/12.3.1/../../../../arm-none-eabi/lib/thumb/v7e-m+fp/hard\libc_nano.a(libc_a-malloc.o)
 .ARM.attributes
                0x000007fb       0x34 E:/STM32CubeIDE_1.13.2/STM32CubeIDE/plugins/com.st.stm32cube.ide.mcu.externaltools.gnu-tools-for-stm32.12.3.rel1.win32_1.0.100.202403111256/tools/bin/../lib/gcc/arm-none-eabi/12.3.1/../../../../arm-none-eabi/lib/thumb/v7e-m+fp/hard\libc_nano.a(libc_a-mallocr.o)
 .ARM.attributes
                0x0000082f       0x34 E:/STM32CubeIDE_1.13.2/STM32CubeIDE/plugins/com.st.stm32cube.ide.mcu.externaltools.gnu-tools-for-stm32.12.3.rel1.win32_1.0.100.202403111256/tools/bin/../lib/gcc/arm-none-eabi/12.3.1/../../../../arm-none-eabi/lib/thumb/v7e-m+fp/hard\libc_nano.a(libc_a-mlock.o)
 .ARM.attributes
                0x00000863       0x34 E:/STM32CubeIDE_1.13.2/STM32CubeIDE/plugins/com.st.stm32cube.ide.mcu.externaltools.gnu-tools-for-stm32.12.3.rel1.win32_1.0.100.202403111256/tools/bin/../lib/gcc/arm-none-eabi/12.3.1/../../../../arm-none-eabi/lib/thumb/v7e-m+fp/hard\libc_nano.a(libc_a-findfp.o)
 .ARM.attributes
                0x00000897       0x34 E:/STM32CubeIDE_1.13.2/STM32CubeIDE/plugins/com.st.stm32cube.ide.mcu.externaltools.gnu-tools-for-stm32.12.3.rel1.win32_1.0.100.202403111256/tools/bin/../lib/gcc/arm-none-eabi/12.3.1/../../../../arm-none-eabi/lib/thumb/v7e-m+fp/hard\libc_nano.a(libc_a-vsnprintf.o)
 .ARM.attributes
                0x000008cb       0x34 E:/STM32CubeIDE_1.13.2/STM32CubeIDE/plugins/com.st.stm32cube.ide.mcu.externaltools.gnu-tools-for-stm32.12.3.rel1.win32_1.0.100.202403111256/tools/bin/../lib/gcc/arm-none-eabi/12.3.1/../../../../arm-none-eabi/lib/thumb/v7e-m+fp/hard\libc_nano.a(libc_a-memcmp.o)
 .ARM.attributes
                0x000008ff       0x34 E:/STM32CubeIDE_1.13.2/STM32CubeIDE/plugins/com.st.stm32cube.ide.mcu.externaltools.gnu-tools-for-stm32.12.3.rel1.win32_1.0.100.202403111256/tools/bin/../lib/gcc/arm-none-eabi/12.3.1/../../../../arm-none-eabi/lib/thumb/v7e-m+fp/hard\libc_nano.a(libc_a-memmove.o)
 .ARM.attributes
                0x00000933       0x34 E:/STM32CubeIDE_1.13.2/STM32CubeIDE/plugins/com.st.stm32cube.ide.mcu.externaltools.gnu-tools-for-stm32.12.3.rel1.win32_1.0.100.202403111256/tools/bin/../lib/gcc/arm-none-eabi/12.3.1/../../../../arm-none-eabi/lib/thumb/v7e-m+fp/hard\libc_nano.a(libc_a-memset.o)
 .ARM.attributes
                0x00000967       0x34 E:/STM32CubeIDE_1.13.2/STM32CubeIDE/plugins/com.st.stm32cube.ide.mcu.externaltools.gnu-tools-for-stm32.12.3.rel1.win32_1.0.100.202403111256/tools/bin/../lib/gcc/arm-none-eabi/12.3.1/../../../../arm-none-eabi/lib/thumb/v7e-m+fp/hard\libc_nano.a(libc_a-reent.o)
 .ARM.attributes
                0x0000099b       0x34 E:/STM32CubeIDE_1.13.2/STM32CubeIDE/plugins/com.st.stm32cube.ide.mcu.externaltools.gnu-tools-for-stm32.12.3.rel1.win32_1.0.100.202403111256/tools/bin/../lib/gcc/arm-none-eabi/12.3.1/../../../../arm-none-eabi/lib/thumb/v7e-m+fp/hard\libc_nano.a(libc_a-impure.o)
 .ARM.attributes
                0x000009cf       0x34 E:/STM32CubeIDE_1.13.2/STM32CubeIDE/plugins/com.st.stm32cube.ide.mcu.externaltools.gnu-tools-for-stm32.12.3.rel1.win32_1.0.100.202403111256/tools/bin/../lib/gcc/arm-none-eabi/12.3.1/../../../../arm-none-eabi/lib/thumb/v7e-m+fp/hard\libc_nano.a(libc_a-sbrkr.o)
 .ARM.attributes
                0x00000a03       0x34 E:/STM32CubeIDE_1.13.2/STM32CubeIDE/plugins/com.st.stm32cube.ide.mcu.externaltools.gnu-tools-for-stm32.12.3.rel1.win32_1.0.100.202403111256/tools/bin/../lib/gcc/arm-none-eabi/12.3.1/../../../../arm-none-eabi/lib/thumb/v7e-m+fp/hard\libc_nano.a(libc_a-errno.o)
 .ARM.attributes
                0x00000a37       0x34 E:/STM32CubeIDE_1.13.2/STM32CubeIDE/plugins/com.st.stm32cube.ide.mcu.externaltools.gnu-tools-for-stm32.12.3.rel1.win32_1.0.100.202403111256/tools/bin/../lib/gcc/arm-none-eabi/12.3.1/../../../../arm-none-eabi/lib/thumb/v7e-m+fp/hard\libc_nano.a(libc_a-init.o)
 .ARM.attributes
                0x00000a6b       0x34 E:/STM32CubeIDE_1.13.2/STM32CubeIDE/plugins/com.st.stm32cube.ide.mcu.externaltools.gnu-tools-for-stm32.12.3.rel1.win32_1.0.100.202403111256/tools/bin/../lib/gcc/arm-none-eabi/12.3.1/../../../../arm-none-eabi/lib/thumb/v7e-m+fp/hard\libc_nano.a(libc_a-lock.o)
 .ARM.attributes
                0x00000a9f       0x34 E:/STM32CubeIDE_1.13.2/STM32CubeIDE/plugins/com.st.stm32cube.ide.mcu.externaltools.gnu-tools-for-stm32.12.3.rel1.win32_1.0.100.202403111256/tools/bin/../lib/gcc/arm-none-eabi/12.3.1/../../../../arm-none-eabi/lib/thumb/v7e-m+fp/hard\libc_nano.a(libc_a-memcpy-stub.o)
 .ARM.attributes
                0x00000ad3       0x17 E:/STM32CubeIDE_1.13.2/STM32CubeIDE/plugins/com.st.stm32cube.ide.mcu.externaltools.gnu-tools-for-stm32.12.3.rel1.win32_1.0.100.202403111256/tools/bin/../lib/gcc/arm-none-eabi/12.3.1/../../../../arm-none-eabi/lib/thumb/v7e-m+fp/hard\libc_nano.a(libc_a-strlen.o)
 .ARM.attributes
                0x00000aea       0x34 E:/STM32CubeIDE_1.13.2/STM32CubeIDE/plugins/com.st.stm32cube.ide.mcu.externaltools.gnu-tools-for-stm32.12.3.rel1.win32_1.0.100.202403111256/tools/bin/../lib/gcc/arm-none-eabi/12.3.1/../../../../arm-none-eabi/lib/thumb/v7e-m+fp/hard\libc_nano.a(libc_a-freer.o)
 .ARM.attributes
                0x00000b1e       0x34 E:/STM32CubeIDE_1.13.2/STM32CubeIDE/plugins/com.st.stm32cube.ide.mcu.externaltools.gnu-tools-for-stm32.12.3.rel1.win32_1.0.100.202403111256/tools/bin/../lib/gcc/arm-none-eabi/12.3.1/../../../../arm-none-eabi/lib/thumb/v7e-m+fp/hard\libc_nano.a(libc_a-nano-svfprintf.o)
 .ARM.attributes
                0x00000b52       0x34 E:/STM32CubeIDE_1.13.2/STM32CubeIDE/plugins/com.st.stm32cube.ide.mcu.externaltools.gnu-tools-for-stm32.12.3.rel1.win32_1.0.100.202403111256/tools/bin/../lib/gcc/arm-none-eabi/12.3.1/../../../../arm-none-eabi/lib/thumb/v7e-m+fp/hard\libc_nano.a(libc_a-nano-vfprintf_i.o)
 .ARM.attributes