../Middlewares/ST/rfal/Src/rfal_iso15693_2.c:474:19:rfalIso15693PhyVCDCode1Of256	8	static
../Middlewares/ST/rfal/Src/rfal_iso15693_2.c:416:19:rfalIso15693PhyVCDCode1Of4	8	static
../Middlewares/ST/rfal/Src/rfal_iso15693_2.c:95:12:rfalIso15693PhyConfigure	8	static
../Middlewares/ST/rfal/Src/rfal_iso15693_2.c:122:12:rfalIso15693PhyGetConfiguration	0	static
../Middlewares/ST/rfal/Src/rfal_iso15693_2.c:129:12:rfalIso15693VCDCode	64	static
../Middlewares/ST/rfal/Src/rfal_iso15693_2.c:268:12:rfalIso15693VICCDecode	56	static
