../Middlewares/ST/rfal/Src/rfal_analogConfig.c:108:6:rfalAnalogConfigInitialize	0	static
../Middlewares/ST/rfal/Src/rfal_analogConfig.c:125:6:rfalAnalogConfigIsReady	0	static
../Middlewares/ST/rfal/Src/rfal_analogConfig.c:130:12:rfalAnalogConfigListWriteRaw	0	static
../Middlewares/ST/rfal/Src/rfal_analogConfig.c:166:12:rfalAnalogConfigListWrite	0	static
../Middlewares/ST/rfal/Src/rfal_analogConfig.c:228:12:rfalAnalogConfigListReadRaw	16	static
../Middlewares/ST/rfal/Src/rfal_analogConfig.c:252:12:rfalAnalogConfigListRead	24	static
../Middlewares/ST/rfal/Src/rfal_analogConfig.c:283:12:rfalSetAnalogConfig	48	static
../Middlewares/ST/rfal/Src/rfal_analogConfig.c:337:10:rfalAnalogConfigGenModeID	8	static
