../Middlewares/ST/rfal/Src/rfal_nfcv.c:177:12:rfalNfcvPollerInitialize	8	static
../Middlewares/ST/rfal/Src/rfal_nfcv.c:209:12:rfalNfcvPollerInventory	48	static
../Middlewares/ST/rfal/Src/rfal_nfcv.c:192:12:rfalNfcvPollerCheckPresence	16	static
../Middlewares/ST/rfal/Src/rfal_nfcv.c:250:12:rfalNfcvPollerCollisionResolution	208	static
../Middlewares/ST/rfal/Src/rfal_nfcv.c:438:12:rfalNfcvPollerSleep	40	static
../Middlewares/ST/rfal/Src/rfal_nfcv.c:407:12:rfalNfcvPollerSleepCollisionResolution	48	static
../Middlewares/ST/rfal/Src/rfal_nfcv.c:540:12:rfalNfcvPollerWriteMultipleBlocks	88	static
../Middlewares/ST/rfal/Src/rfal_nfcv.c:678:12:rfalNfcvPollerExtendedWriteMultipleBlocks	88	static
../Middlewares/ST/rfal/Src/rfal_nfcv.c:757:12:rfalNfcvPollerTransceiveReq	112	static
../Middlewares/ST/rfal/Src/rfal_nfcv.c:465:12:rfalNfcvPollerSelect	80	static
../Middlewares/ST/rfal/Src/rfal_nfcv.c:479:12:rfalNfcvPollerReadSingleBlock	40	static
../Middlewares/ST/rfal/Src/rfal_nfcv.c:489:12:rfalNfcvPollerWriteSingleBlock	128	static
../Middlewares/ST/rfal/Src/rfal_nfcv.c:513:12:rfalNfcvPollerLockBlock	80	static
../Middlewares/ST/rfal/Src/rfal_nfcv.c:525:12:rfalNfcvPollerReadMultipleBlocks	40	static
../Middlewares/ST/rfal/Src/rfal_nfcv.c:603:12:rfalNfcvPollerExtendedReadSingleBlock	40	static
../Middlewares/ST/rfal/Src/rfal_nfcv.c:619:12:rfalNfcvPollerExtendedWriteSingleBlock	128	static
../Middlewares/ST/rfal/Src/rfal_nfcv.c:644:12:rfalNfcvPollerExtendedLockSingleBlock	80	static
../Middlewares/ST/rfal/Src/rfal_nfcv.c:661:12:rfalNfcvPollerExtendedReadMultipleBlocks	40	static
../Middlewares/ST/rfal/Src/rfal_nfcv.c:745:12:rfalNfcvPollerGetSystemInformation	32	static
../Middlewares/ST/rfal/Src/rfal_nfcv.c:751:12:rfalNfcvPollerExtendedGetSystemInformation	32	static
